Component: ARM Compiler 5.06 update 3 (build 300) Tool: armlink [4d35c9]

==============================================================================

Section Cross References

    startup_stm32f103xe.o(STACK) refers (Special) to heapauxi.o(.text) for __use_two_region_memory
    startup_stm32f103xe.o(HEAP) refers (Special) to heapauxi.o(.text) for __use_two_region_memory
    startup_stm32f103xe.o(RESET) refers (Special) to heapauxi.o(.text) for __use_two_region_memory
    startup_stm32f103xe.o(RESET) refers to startup_stm32f103xe.o(STACK) for __initial_sp
    startup_stm32f103xe.o(RESET) refers to startup_stm32f103xe.o(.text) for Reset_Handler
    startup_stm32f103xe.o(RESET) refers to stm32f1xx_it.o(.text) for NMI_Handler
    startup_stm32f103xe.o(RESET) refers to port.o(.emb_text) for SVC_Handler
    startup_stm32f103xe.o(.text) refers (Special) to heapauxi.o(.text) for __use_two_region_memory
    startup_stm32f103xe.o(.text) refers to system_stm32f1xx.o(.text) for SystemInit
    startup_stm32f103xe.o(.text) refers to __main.o(!!!main) for __main
    startup_stm32f103xe.o(.text) refers to startup_stm32f103xe.o(HEAP) for Heap_Mem
    startup_stm32f103xe.o(.text) refers to startup_stm32f103xe.o(STACK) for Stack_Mem
    freertos.o(.text) refers to queue.o(.text) for xQueueGenericCreate
    freertos.o(.text) refers to rt_memcpy_w.o(.text) for __aeabi_memcpy4
    freertos.o(.text) refers to cmsis_os.o(.text) for osThreadCreate
    freertos.o(.text) refers to stm32f1xx_hal_adc.o(.text) for HAL_ADC_Start
    freertos.o(.text) refers to gpio.o(.text) for dbg_toggle
    freertos.o(.text) refers to usart.o(.text) for receive
    freertos.o(.text) refers to port.o(.text) for vPortEnterCritical
    freertos.o(.text) refers to flash.o(.text) for goToBootloader
    freertos.o(.text) refers to freertos.o(.data) for bSemaphoreModbusTask
    freertos.o(.text) refers to freertos.o(.constdata) for .constdata
    freertos.o(.text) refers to adc.o(.bss) for hadc1
    freertos.o(.text) refers to main.o(.data) for ubSequenceCompleted
    freertos.o(.text) refers to usart.o(.data) for UartReady
    freertos.o(.constdata) refers to freertos.o(.conststring) for .conststring
    freertos.o(.constdata) refers to freertos.o(.text) for testTask
    gpio.o(.text) refers to stm32f1xx_hal_gpio.o(.text) for HAL_GPIO_Init
    gpio.o(.text) refers to stm32f1xx_hal_cortex.o(.text) for HAL_NVIC_SetPriority
    main.o(.text) refers to stm32f1xx_hal.o(.text) for HAL_Init
    main.o(.text) refers to stm32f1xx_hal_msp.o(.text) for SystemClock_Config
    main.o(.text) refers to freertos.o(.text) for MX_FREERTOS_Init
    main.o(.text) refers to gpio.o(.text) for MX_GPIO_Init
    main.o(.text) refers to flash.o(.text) for bkp_enable
    main.o(.text) refers to usart.o(.text) for MX_USART1_UART_Init
    main.o(.text) refers to adc.o(.text) for MX_ADC1_Init
    main.o(.text) refers to tim.o(.text) for MX_TIM8_Init
    main.o(.text) refers to stm32f1xx_hal_tim.o(.text) for HAL_TIM_PWM_Start_IT
    main.o(.text) refers to stm32f1xx_hal_tim_ex.o(.text) for HAL_TIMEx_PWMN_Start_IT
    main.o(.text) refers to stm32f1xx_hal_adc_ex.o(.text) for HAL_ADCEx_Calibration_Start
    main.o(.text) refers to stm32f1xx_hal_adc.o(.text) for HAL_ADC_Start_DMA
    main.o(.text) refers to cmsis_os.o(.text) for osKernelStart
    main.o(.text) refers to usart.o(.data) for RS485_ADDR
    main.o(.text) refers to usart.o(.bss) for huart
    main.o(.text) refers to adc.o(.bss) for hadc1
    main.o(.text) refers to tim.o(.bss) for htim8
    main.o(.text) refers to main.o(.data) for aADCxConvertedValues
    main.o(.text) refers to freertos.o(.data) for PWMRegs
    stm32f1xx_hal_msp.o(.text) refers to stm32f1xx_hal_cortex.o(.text) for HAL_NVIC_SetPriorityGrouping
    stm32f1xx_hal_msp.o(.text) refers to stm32f1xx_hal_rcc.o(.text) for HAL_RCC_OscConfig
    stm32f1xx_hal_msp.o(.text) refers to main.o(.text) for Error_Handler
    stm32f1xx_hal_msp.o(.text) refers to stm32f1xx_hal_rcc_ex.o(.text) for HAL_RCCEx_PeriphCLKConfig
    stm32f1xx_hal_timebase_tim.o(.text) refers to stm32f1xx_hal_cortex.o(.text) for HAL_NVIC_SetPriority
    stm32f1xx_hal_timebase_tim.o(.text) refers to stm32f1xx_hal_rcc.o(.text) for HAL_RCC_GetClockConfig
    stm32f1xx_hal_timebase_tim.o(.text) refers to stm32f1xx_hal_tim.o(.text) for HAL_TIM_Base_Init
    stm32f1xx_hal_timebase_tim.o(.text) refers to stm32f1xx_hal_timebase_tim.o(.bss) for htim4
    stm32f1xx_it.o(.text) refers to cmsis_os.o(.text) for osSystickHandler
    stm32f1xx_it.o(.text) refers to stm32f1xx_hal_gpio.o(.text) for HAL_GPIO_EXTI_IRQHandler
    stm32f1xx_it.o(.text) refers to stm32f1xx_hal_tim.o(.text) for HAL_TIM_IRQHandler
    stm32f1xx_it.o(.text) refers to stm32f1xx_hal_dma.o(.text) for HAL_DMA_IRQHandler
    stm32f1xx_it.o(.text) refers to stm32f1xx_hal_adc.o(.text) for HAL_ADC_IRQHandler
    stm32f1xx_it.o(.text) refers to stm32f1xx_hal_uart.o(.text) for HAL_UART_IRQHandler
[...]
    .conststring                             0x0801241c   Section       71  stm32f1xx_hal_flash_ex.o(.conststring)
    .conststring                             0x08012464   Section       67  stm32f1xx_hal_gpio.o(.conststring)
    .conststring                             0x080124a8   Section       66  stm32f1xx_hal_pwr.o(.conststring)
    .conststring                             0x080124ec   Section       66  stm32f1xx_hal_rcc.o(.conststring)
    .conststring                             0x08012530   Section       69  stm32f1xx_hal_rcc_ex.o(.conststring)
    .conststring                             0x08012578   Section       66  stm32f1xx_hal_tim.o(.conststring)
    .conststring                             0x080125bc   Section       69  stm32f1xx_hal_tim_ex.o(.conststring)
    .conststring                             0x08012604   Section       67  stm32f1xx_hal_uart.o(.conststring)
    .data                                    0x20000000   Section       28  freertos.o(.data)
    .data                                    0x2000001c   Section       17  main.o(.data)
    .data                                    0x20000030   Section        4  system_stm32f1xx.o(.data)
    .data                                    0x20000034   Section       56  tasks.o(.data)
    pxDelayedTaskList                        0x20000038   Data           4  tasks.o(.data)
    pxOverflowDelayedTaskList                0x2000003c   Data           4  tasks.o(.data)
    uxTasksDeleted                           0x20000040   Data           4  tasks.o(.data)
    uxCurrentNumberOfTasks                   0x20000044   Data           4  tasks.o(.data)
    xTickCount                               0x20000048   Data           4  tasks.o(.data)
    uxTopReadyPriority                       0x2000004c   Data           4  tasks.o(.data)
    xSchedulerRunning                        0x20000050   Data           4  tasks.o(.data)
    uxPendedTicks                            0x20000054   Data           4  tasks.o(.data)
    xYieldPending                            0x20000058   Data           4  tasks.o(.data)
    xNumOfOverflows                          0x2000005c   Data           4  tasks.o(.data)
    uxTaskNumber                             0x20000060   Data           4  tasks.o(.data)
    xNextTaskUnblockTime                     0x20000064   Data           4  tasks.o(.data)
    uxSchedulerSuspended                     0x20000068   Data           4  tasks.o(.data)
    .data                                    0x2000006c   Section       12  port.o(.data)
    uxCriticalNesting                        0x2000006c   Data           4  port.o(.data)
    ucMaxSysCallPriority                     0x20000070   Data           1  port.o(.data)
    ulMaxPRIGROUPValue                       0x20000074   Data           4  port.o(.data)
    .data                                    0x20000078   Section        8  heap_1.o(.data)
    xNextFreeByte                            0x20000078   Data           4  heap_1.o(.data)
    pucAlignedHeap                           0x2000007c   Data           4  heap_1.o(.data)
    .data                                    0x20000080   Section        4  stm32f1xx_hal.o(.data)
    uwTick                                   0x20000080   Data           4  stm32f1xx_hal.o(.data)
    .data                                    0x20000084   Section       16  flash.o(.data)
    .data                                    0x20000094   Section       29  usart.o(.data)
    .bss                                     0x200000b4   Section       60  stm32f1xx_hal_timebase_tim.o(.bss)
    .bss                                     0x200000f0   Section      180  tim.o(.bss)
    .bss                                     0x200001a4   Section      104  adc.o(.bss)
    DmaHandle                                0x200001d4   Data          56  adc.o(.bss)
    .bss                                     0x2000020c   Section       64  queue.o(.bss)
    .bss                                     0x2000024c   Section      240  tasks.o(.bss)
    pxReadyTasksLists                        0x2000024c   Data         140  tasks.o(.bss)
    xDelayedTaskList1                        0x200002d8   Data          20  tasks.o(.bss)
    xDelayedTaskList2                        0x200002ec   Data          20  tasks.o(.bss)
    xPendingReadyList                        0x20000300   Data          20  tasks.o(.bss)
    xTasksWaitingTermination                 0x20000314   Data          20  tasks.o(.bss)
    xSuspendedTaskList                       0x20000328   Data          20  tasks.o(.bss)
    .bss                                     0x2000033c   Section     3072  heap_1.o(.bss)
    ucHeap                                   0x2000033c   Data        3072  heap_1.o(.bss)
    .bss                                     0x20000f40   Section       32  stm32f1xx_hal_flash.o(.bss)
    .bss                                     0x20000f60   Section     1040  flash.o(.bss)
    EraseInitStruct                          0x20001360   Data          16  flash.o(.bss)
    .bss                                     0x20001370   Section     1208  usart.o(.bss)
    .bss                                     0x20001828   Section       96  libspace.o(.bss)
    HEAP                                     0x20001888   Section      512  startup_stm32f103xe.o(HEAP)
    Heap_Mem                                 0x20001888   Data         512  startup_stm32f103xe.o(HEAP)
    STACK                                    0x20001a88   Section     1024  startup_stm32f103xe.o(STACK)
    Stack_Mem                                0x20001a88   Data        1024  startup_stm32f103xe.o(STACK)
    __initial_sp                             0x20001e88   Data           0  startup_stm32f103xe.o(STACK)

    Global Symbols

    Symbol Name                              Value     Ov Type        Size  Object(Section)

    BuildAttributes$$THM_ISAv4$P$D$K$B$S$PE$A:L22UL41UL21$X:L11$S22US41US21$IEEE1$IW$USESV6$~STKCKD$USESV7$~SHL$OSPACE$ROPI$EBA8$UX$STANDARDLIB$REQ8$PRES8$EABIv2 0x00000000   Number         0  anon$$obj.o ABSOLUTE
    __ARM_use_no_argv                        0x00000000   Number         0  main.o ABSOLUTE
    __ARM_exceptions_init                     - Undefined Weak Reference
    __alloca_initialize                       - Undefined Weak Reference
    __arm_preinit_                            - Undefined Weak Reference
    __cpp_initialize__aeabi_                  - Undefined Weak Reference
    __cxa_finalize                            - Undefined Weak Reference
    __rt_locale                               - Undefined Weak Reference
    __sigvec_lookup                           - Undefined Weak Reference
    _atexit_init                              - Undefined Weak Reference
    _call_atexit_fns                          - Undefined Weak Reference
    _clock_init                               - Undefined Weak Reference
    _fp_trap_init                             - Undefined Weak Reference
    _fp_trap_shutdown                         - Undefined Weak Reference
    _get_lc_collate                           - Undefined Weak Reference
    _get_lc_ctype                             - Undefined Weak Reference
    _get_lc_monetary                          - Undefined Weak Reference
    _get_lc_numeric                           - Undefined Weak Reference
    _get_lc_time                              - Undefined Weak Reference
    _getenv_init                              - Undefined Weak Reference
    _handle_redirection                       - Undefined Weak Reference
    _init_alloc                               - Undefined Weak Reference
    _init_user_alloc                          - Undefined Weak Reference
    _initio                                   - Undefined Weak Reference
    _rand_init                                - Undefined Weak Reference
    _signal_finish                            - Undefined Weak Reference
    _signal_init                              - Undefined Weak Reference
    _terminate_alloc                          - Undefined Weak Reference
    _terminate_user_alloc                     - Undefined Weak Reference
    _terminateio                              - Undefined Weak Reference
    __Vectors_Size                           0x00000130   Number         0  startup_stm32f103xe.o ABSOLUTE
    __Vectors                                0x08000000   Data           4  startup_stm32f103xe.o(RESET)
    __Vectors_End                            0x08000130   Data           0  startup_stm32f103xe.o(RESET)
    __main                                   0x08000131   Thumb Code     8  __main.o(!!!main)
    __scatterload                            0x08000139   Thumb Code     0  __scatter.o(!!!scatter)
    __scatterload_rt2                        0x08000139   Thumb Code    44  __scatter.o(!!!scatter)
    __scatterload_rt2_thumb_only             0x08000139   Thumb Code     0  __scatter.o(!!!scatter)
    __scatterload_null                       0x08000147   Thumb Code     0  __scatter.o(!!!scatter)
    __scatterload_copy                       0x0800016d   Thumb Code    26  __scatter_copy.o(!!handler_copy)
    __scatterload_zeroinit                   0x08000189   Thumb Code    28  __scatter_zi.o(!!handler_zi)
    __rt_lib_init                            0x080001a5   Thumb Code     0  libinit.o(.ARM.Collect$$libinit$$00000000)
    __rt_lib_init_alloca_1                   0x080001a7   Thumb Code     0  libinit2.o(.ARM.Collect$$libinit$$0000002E)
    __rt_lib_init_argv_1                     0x080001a7   Thumb Code     0  libinit2.o(.ARM.Collect$$libinit$$0000002C)
    __rt_lib_init_atexit_1                   0x080001a7   Thumb Code     0  libinit2.o(.ARM.Collect$$libinit$$0000001B)
    __rt_lib_init_clock_1                    0x080001a7   Thumb Code     0  libinit2.o(.ARM.Collect$$libinit$$00000021)
    __rt_lib_init_cpp_1                      0x080001a7   Thumb Code     0  libinit2.o(.ARM.Collect$$libinit$$00000032)
    __rt_lib_init_exceptions_1               0x080001a7   Thumb Code     0  libinit2.o(.ARM.Collect$$libinit$$00000030)
    __rt_lib_init_fp_1                       0x080001a7   Thumb Code     0  libinit2.o(.ARM.Collect$$libinit$$00000002)
    __rt_lib_init_fp_trap_1                  0x080001a7   Thumb Code     0  libinit2.o(.ARM.Collect$$libinit$$0000001F)
    __rt_lib_init_getenv_1                   0x080001a7   Thumb Code     0  libinit2.o(.ARM.Collect$$libinit$$00000023)
    __rt_lib_init_heap_1                     0x080001a7   Thumb Code     0  libinit2.o(.ARM.Collect$$libinit$$0000000A)
    __rt_lib_init_lc_collate_1               0x080001a7   Thumb Code     0  libinit2.o(.ARM.Collect$$libinit$$00000011)
    __rt_lib_init_lc_ctype_1                 0x080001a7   Thumb Code     0  libinit2.o(.ARM.Collect$$libinit$$00000013)
    __rt_lib_init_lc_monetary_1              0x080001a7   Thumb Code     0  libinit2.o(.ARM.Collect$$libinit$$00000015)
    __rt_lib_init_lc_numeric_1               0x080001a7   Thumb Code     0  libinit2.o(.ARM.Collect$$libinit$$00000017)
    __rt_lib_init_lc_time_1                  0x080001a7   Thumb Code     0  libinit2.o(.ARM.Collect$$libinit$$00000019)
    __rt_lib_init_preinit_1                  0x080001a7   Thumb Code     0  libinit2.o(.ARM.Collect$$libinit$$00000004)
    __rt_lib_init_rand_1                     0x080001a7   Thumb Code     0  libinit2.o(.ARM.Collect$$libinit$$0000000E)
    __rt_lib_init_return                     0x080001a7   Thumb Code     0  libinit2.o(.ARM.Collect$$libinit$$00000033)
    __rt_lib_init_signal_1                   0x080001a7   Thumb Code     0  libinit2.o(.ARM.Collect$$libinit$$0000001D)
    __rt_lib_init_stdio_1                    0x080001a7   Thumb Code     0  libinit2.o(.ARM.Collect$$libinit$$00000025)
    __rt_lib_init_user_alloc_1               0x080001a7   Thumb Code     0  libinit2.o(.ARM.Collect$$libinit$$0000000C)
    __rt_lib_shutdown                        0x080001a9   Thumb Code     0  libshutdown.o(.ARM.Collect$$libshutdown$$00000000)
    __rt_lib_shutdown_cpp_1                  0x080001ab   Thumb Code     0  libshutdown2.o(.ARM.Collect$$libshutdown$$00000002)
    __rt_lib_shutdown_fp_trap_1              0x080001ab   Thumb Code     0  libshutdown2.o(.ARM.Collect$$libshutdown$$00000007)
    __rt_lib_shutdown_heap_1                 0x080001ab   Thumb Code     0  libshutdown2.o(.ARM.Collect$$libshutdown$$0000000F)
    __rt_lib_shutdown_return                 0x080001ab   Thumb Code     0  libshutdown2.o(.ARM.Collect$$libshutdown$$00000010)
    __rt_lib_shutdown_signal_1               0x080001ab   Thumb Code     0  libshutdown2.o(.ARM.Collect$$libshutdown$$0000000A)
    __rt_lib_shutdown_stdio_1                0x080001ab   Thumb Code     0  libshutdown2.o(.ARM.Collect$$libshutdown$$00000004)
    __rt_lib_shutdown_user_alloc_1           0x080001ab   Thumb Code     0  libshutdown2.o(.ARM.Collect$$libshutdown$$0000000C)
    __rt_entry                               0x080001ad   Thumb Code     0  __rtentry.o(.ARM.Collect$$rtentry$$00000000)
    __rt_entry_presh_1                       0x080001ad   Thumb Code     0  __rtentry2.o(.ARM.Collect$$rtentry$$00000002)
    __rt_entry_sh                            0x080001ad   Thumb Code     0  __rtentry4.o(.ARM.Collect$$rtentry$$00000004)
    __rt_entry_li                            0x080001b3   Thumb Code     0  __rtentry2.o(.ARM.Collect$$rtentry$$0000000A)
    __rt_entry_postsh_1                      0x080001b3   Thumb Code     0  __rtentry2.o(.ARM.Collect$$rtentry$$00000009)
    __rt_entry_main                          0x080001b7   Thumb Code     0  __rtentry2.o(.ARM.Collect$$rtentry$$0000000D)
    __rt_entry_postli_1                      0x080001b7   Thumb Code     0  __rtentry2.o(.ARM.Collect$$rtentry$$0000000C)
    __rt_exit                                0x080001bf   Thumb Code     0  rtexit.o(.ARM.Collect$$rtexit$$00000000)
    __rt_exit_ls                             0x080001c1   Thumb Code     0  rtexit2.o(.ARM.Collect$$rtexit$$00000003)
    __rt_exit_prels_1                        0x080001c1   Thumb Code     0  rtexit2.o(.ARM.Collect$$rtexit$$00000002)
    __rt_exit_exit                           0x080001c5   Thumb Code     0  rtexit2.o(.ARM.Collect$$rtexit$$00000004)
    SVC_Handler                              0x080001cd   Thumb Code    32  port.o(.emb_text)
    __asm___6_port_c_39a90d8d__prvStartFirstTask 0x080001f1   Thumb Code    28  port.o(.emb_text)
    PendSV_Handler                           0x08000211   Thumb Code    64  port.o(.emb_text)
    ulPortSetInterruptMask                   0x08000255   Thumb Code    14  port.o(.emb_text)
    vPortClearInterruptMask                  0x08000263   Thumb Code     6  port.o(.emb_text)
    vPortGetIPSR                             0x08000269   Thumb Code     6  port.o(.emb_text)
    Reset_Handler                            0x08000271   Thumb Code     8  startup_stm32f103xe.o(.text)
    ADC3_IRQHandler                          0x0800028b   Thumb Code     0  startup_stm32f103xe.o(.text)
    CAN1_RX1_IRQHandler                      0x0800028b   Thumb Code     0  startup_stm32f103xe.o(.text)
    CAN1_SCE_IRQHandler                      0x0800028b   Thumb Code     0  startup_stm32f103xe.o(.text)
    DMA1_Channel2_IRQHandler                 0x0800028b   Thumb Code     0  startup_stm32f103xe.o(.text)
    DMA1_Channel3_IRQHandler                 0x0800028b   Thumb Code     0  startup_stm32f103xe.o(.text)
    DMA1_Channel4_IRQHandler                 0x0800028b   Thumb Code     0  startup_stm32f103xe.o(.text)
    DMA1_Channel5_IRQHandler                 0x0800028b   Thumb Code     0  startup_stm32f103xe.o(.text)
    DMA2_Channel1_IRQHandler                 0x0800028b   Thumb Code     0  startup_stm32f103xe.o(.text)
    DMA2_Channel2_IRQHandler                 0x0800028b   Thumb Code     0  startup_stm32f103xe.o(.text)
    DMA2_Channel3_IRQHandler                 0x0800028b   Thumb Code     0  startup_stm32f103xe.o(.text)
    DMA2_Channel4_5_IRQHandler               0x0800028b   Thumb Code     0  startup_stm32f103xe.o(.text)
    EXTI0_IRQHandler                         0x0800028b   Thumb Code     0  startup_stm32f103xe.o(.text)
    EXTI15_10_IRQHandler                     0x0800028b   Thumb Code     0  startup_stm32f103xe.o(.text)
    EXTI1_IRQHandler                         0x0800028b   Thumb Code     0  startup_stm32f103xe.o(.text)
    EXTI2_IRQHandler                         0x0800028b   Thumb Code     0  startup_stm32f103xe.o(.text)
    EXTI3_IRQHandler                         0x0800028b   Thumb Code     0  startup_stm32f103xe.o(.text)
    FLASH_IRQHandler                         0x0800028b   Thumb Code     0  startup_stm32f103xe.o(.text)
    FSMC_IRQHandler                          0x0800028b   Thumb Code     0  startup_stm32f103xe.o(.text)
    I2C1_ER_IRQHandler                       0x0800028b   Thumb Code     0  startup_stm32f103xe.o(.text)
    I2C1_EV_IRQHandler                       0x0800028b   Thumb Code     0  startup_stm32f103xe.o(.text)
    I2C2_ER_IRQHandler                       0x0800028b   Thumb Code     0  startup_stm32f103xe.o(.text)
    I2C2_EV_IRQHandler                       0x0800028b   Thumb Code     0  startup_stm32f103xe.o(.text)
    PVD_IRQHandler                           0x0800028b   Thumb Code     0  startup_stm32f103xe.o(.text)
    RCC_IRQHandler                           0x0800028b   Thumb Code     0  startup_stm32f103xe.o(.text)
    RTC_Alarm_IRQHandler                     0x0800028b   Thumb Code     0  startup_stm32f103xe.o(.text)
    RTC_IRQHandler                           0x0800028b   Thumb Code     0  startup_stm32f103xe.o(.text)
    SDIO_IRQHandler                          0x0800028b   Thumb Code     0  startup_stm32f103xe.o(.text)
    SPI1_IRQHandler                          0x0800028b   Thumb Code     0  startup_stm32f103xe.o(.text)
    SPI2_IRQHandler                          0x0800028b   Thumb Code     0  startup_stm32f103xe.o(.text)
    SPI3_IRQHandler                          0x0800028b   Thumb Code     0  startup_stm32f103xe.o(.text)
    TAMPER_IRQHandler                        0x0800028b   Thumb Code     0  startup_stm32f103xe.o(.text)
    TIM1_BRK_IRQHandler                      0x0800028b   Thumb Code     0  startup_stm32f103xe.o(.text)
    TIM1_CC_IRQHandler                       0x0800028b   Thumb Code     0  startup_stm32f103xe.o(.text)
    TIM1_TRG_COM_IRQHandler                  0x0800028b   Thumb Code     0  startup_stm32f103xe.o(.text)
    TIM1_UP_IRQHandler                       0x0800028b   Thumb Code     0  startup_stm32f103xe.o(.text)
    TIM3_IRQHandler                          0x0800028b   Thumb Code     0  startup_stm32f103xe.o(.text)
    TIM5_IRQHandler                          0x0800028b   Thumb Code     0  startup_stm32f103xe.o(.text)
    TIM6_IRQHandler                          0x0800028b   Thumb Code     0  startup_stm32f103xe.o(.text)
    TIM7_IRQHandler                          0x0800028b   Thumb Code     0  startup_stm32f103xe.o(.text)
    TIM8_BRK_IRQHandler                      0x0800028b   Thumb Code     0  startup_stm32f103xe.o(.text)
    TIM8_TRG_COM_IRQHandler                  0x0800028b   Thumb Code     0  startup_stm32f103xe.o(.text)
    UART4_IRQHandler                         0x0800028b   Thumb Code     0  startup_stm32f103xe.o(.text)
    UART5_IRQHandler                         0x0800028b   Thumb Code     0  startup_stm32f103xe.o(.text)
    USART1_IRQHandler                        0x0800028b   Thumb Code     0  startup_stm32f103xe.o(.text)
    USART3_IRQHandler                        0x0800028b   Thumb Code     0  startup_stm32f103xe.o(.text)
    USBWakeUp_IRQHandler                     0x0800028b   Thumb Code     0  startup_stm32f103xe.o(.text)
    USB_HP_CAN1_TX_IRQHandler                0x0800028b   Thumb Code     0  startup_stm32f103xe.o(.text)
    USB_LP_CAN1_RX0_IRQHandler               0x0800028b   Thumb Code     0  startup_stm32f103xe.o(.text)
    WWDG_IRQHandler                          0x0800028b   Thumb Code     0  startup_stm32f103xe.o(.text)
    __user_initial_stackheap                 0x0800028d   Thumb Code     0  startup_stm32f103xe.o(.text)
    MX_FREERTOS_Init                         0x080002b1   Thumb Code    68  freertos.o(.text)
    testTask                                 0x080002f5   Thumb Code   144  freertos.o(.text)
    uartTask                                 0x08000385   Thumb Code   128  freertos.o(.text)
    MX_GPIO_Init                             0x08000435   Thumb Code   360  gpio.o(.text)
    dbg_toggle                               0x0800059d   Thumb Code    12  gpio.o(.text)
    dbg_on                                   0x080005a9   Thumb Code    14  gpio.o(.text)
    dbg_off                                  0x080005b7   Thumb Code    14  gpio.o(.text)
    rst_on                                   0x080005c5   Thumb Code    14  gpio.o(.text)
    rst_off                                  0x080005d3   Thumb Code    16  gpio.o(.text)
    MX_GPIO_Init_Address                     0x080005e3   Thumb Code    68  gpio.o(.text)
    HAL_GPIO_EXTI_Callback                   0x08000627   Thumb Code    24  gpio.o(.text)
    Error_Handler                            0x08000659   Thumb Code     4  main.o(.text)
    main                                     0x0800065d   Thumb Code   120  main.o(.text)
    HAL_TIM_PeriodElapsedCallback            0x080006d5   Thumb Code    18  main.o(.text)
    HAL_ADC_ConvCpltCallback                 0x080006e7   Thumb Code     8  main.o(.text)
    HAL_ADC_ConvHalfCpltCallback             0x080006ef   Thumb Code     2  main.o(.text)
    HAL_ADC_ErrorCallback                    0x080006f1   Thumb Code     4  main.o(.text)
    HAL_TIM_PWM_PulseFinishedCallback        0x080006f5   Thumb Code    74  main.o(.text)
    assert_failed                            0x0800073f   Thumb Code     2  main.o(.text)
    HAL_MspInit                              0x08000765   Thumb Code   126  stm32f1xx_hal_msp.o(.text)
    SystemClock_Config                       0x080007e3   Thumb Code   144  stm32f1xx_hal_msp.o(.text)
    HAL_InitTick                             0x0800087d   Thumb Code   118  stm32f1xx_hal_timebase_tim.o(.text)
    HAL_SuspendTick                          0x080008f3   Thumb Code    18  stm32f1xx_hal_timebase_tim.o(.text)
    HAL_ResumeTick                           0x08000905   Thumb Code    18  stm32f1xx_hal_timebase_tim.o(.text)
    NMI_Handler                              0x08000929   Thumb Code     2  stm32f1xx_it.o(.text)
    HardFault_Handler                        0x0800092b   Thumb Code     4  stm32f1xx_it.o(.text)
    MemManage_Handler                        0x0800092f   Thumb Code     4  stm32f1xx_it.o(.text)
    BusFault_Handler                         0x08000933   Thumb Code     4  stm32f1xx_it.o(.text)
    UsageFault_Handler                       0x08000937   Thumb Code     4  stm32f1xx_it.o(.text)
    DebugMon_Handler                         0x0800093b   Thumb Code     2  stm32f1xx_it.o(.text)
    SysTick_Handler                          0x0800093d   Thumb Code     8  stm32f1xx_it.o(.text)
    EXTI4_IRQHandler                         0x08000945   Thumb Code    10  stm32f1xx_it.o(.text)
    EXTI9_5_IRQHandler                       0x0800094f   Thumb Code    12  stm32f1xx_it.o(.text)
    TIM4_IRQHandler                          0x0800095b   Thumb Code    10  stm32f1xx_it.o(.text)
    TIM2_IRQHandler                          0x08000965   Thumb Code    10  stm32f1xx_it.o(.text)
    DMA1_Channel1_IRQHandler                 0x0800096f   Thumb Code    12  stm32f1xx_it.o(.text)
    ADC1_2_IRQHandler                        0x0800097b   Thumb Code    10  stm32f1xx_it.o(.text)
    USART2_IRQHandler                        0x08000985   Thumb Code    10  stm32f1xx_it.o(.text)
    DMA1_Channel6_IRQHandler                 0x0800098f   Thumb Code    12  stm32f1xx_it.o(.text)
    DMA1_Channel7_IRQHandler                 0x0800099b   Thumb Code    12  stm32f1xx_it.o(.text)
    TIM8_UP_IRQHandler                       0x080009a7   Thumb Code    10  stm32f1xx_it.o(.text)
    TIM8_CC_IRQHandler                       0x080009b1   Thumb Code    10  stm32f1xx_it.o(.text)
    MX_TIM1_Init                             0x080009d1   Thumb Code   150  tim.o(.text)
    MX_TIM2_Init                             0x08000a67   Thumb Code    82  tim.o(.text)
    MX_TIM8_Init                             0x08000ab9   Thumb Code   152  tim.o(.text)
    HAL_TIM_PWM_MspInit                      0x08000b51   Thumb Code   230  tim.o(.text)
    MX_ADC1_Init                             0x08000c5d   Thumb Code   122  adc.o(.text)
    HAL_ADC_MspInit                          0x08000cd7   Thumb Code   260  adc.o(.text)
    HAL_ADC_MspDeInit                        0x08000ddb   Thumb Code    66  adc.o(.text)
    SystemInit                               0x08000e35   Thumb Code    70  system_stm32f1xx.o(.text)
    SystemCoreClockUpdate                    0x08000e7b   Thumb Code   142  system_stm32f1xx.o(.text)
    osKernelStart                            0x08000f59   Thumb Code    10  cmsis_os.o(.text)
    osKernelRunning                          0x08000f63   Thumb Code    18  cmsis_os.o(.text)
    osKernelSysTick                          0x08000f75   Thumb Code    20  cmsis_os.o(.text)
    osThreadCreate                           0x08000f89   Thumb Code    58  cmsis_os.o(.text)
    osThreadGetId                            0x08000fc3   Thumb Code     8  cmsis_os.o(.text)
    osThreadTerminate                        0x08000fcb   Thumb Code    14  cmsis_os.o(.text)
    osThreadYield                            0x08000fd9   Thumb Code    10  cmsis_os.o(.text)
    osThreadSetPriority                      0x08000fe3   Thumb Code    26  cmsis_os.o(.text)
    osThreadGetPriority                      0x08000ffd   Thumb Code    38  cmsis_os.o(.text)
    osDelay                                  0x08001023   Thumb Code    24  cmsis_os.o(.text)
    osTimerCreate                            0x0800103b   Thumb Code     6  cmsis_os.o(.text)
    osTimerStart                             0x08001041   Thumb Code     8  cmsis_os.o(.text)
    osTimerStop                              0x08001049   Thumb Code     8  cmsis_os.o(.text)
    osTimerDelete                            0x08001051   Thumb Code     8  cmsis_os.o(.text)
    osSignalSet                              0x08001059   Thumb Code    78  cmsis_os.o(.text)
    osSignalWait                             0x080010a7   Thumb Code    98  cmsis_os.o(.text)
    osMutexCreate                            0x08001109   Thumb Code    12  cmsis_os.o(.text)
    osMutexWait                              0x08001115   Thumb Code    96  cmsis_os.o(.text)
    osMutexRelease                           0x08001175   Thumb Code    68  cmsis_os.o(.text)
    osMutexDelete                            0x080011b9   Thumb Code    24  cmsis_os.o(.text)
    osSemaphoreCreate                        0x080011d1   Thumb Code    44  cmsis_os.o(.text)
    osSemaphoreWait                          0x080011fd   Thumb Code    96  cmsis_os.o(.text)
    osSemaphoreRelease                       0x0800125d   Thumb Code    68  cmsis_os.o(.text)
    osSemaphoreDelete                        0x080012a1   Thumb Code    24  cmsis_os.o(.text)
    osPoolCreate                             0x080012b9   Thumb Code   112  cmsis_os.o(.text)
    osPoolAlloc                              0x08001329   Thumb Code   102  cmsis_os.o(.text)
    osPoolCAlloc                             0x0800138f   Thumb Code    22  cmsis_os.o(.text)
    osPoolFree                               0x080013a5   Thumb Code    74  cmsis_os.o(.text)
    osMessageCreate                          0x080013ef   Thumb Code    18  cmsis_os.o(.text)
    osMessagePut                             0x08001401   Thumb Code    84  cmsis_os.o(.text)
    osMessageGet                             0x08001455   Thumb Code   150  cmsis_os.o(.text)
    osMailCreate                             0x080014eb   Thumb Code   122  cmsis_os.o(.text)
    osMailAlloc                              0x08001565   Thumb Code    24  cmsis_os.o(.text)
    osMailCAlloc                             0x0800157d   Thumb Code    40  cmsis_os.o(.text)
    osMailPut                                0x080015a5   Thumb Code    82  cmsis_os.o(.text)
    osMailGet                                0x080015f7   Thumb Code   140  cmsis_os.o(.text)
    osMailFree                               0x08001683   Thumb Code    22  cmsis_os.o(.text)
    osSystickHandler                         0x08001699   Thumb Code    16  cmsis_os.o(.text)
    osThreadSuspend                          0x080016a9   Thumb Code    14  cmsis_os.o(.text)
    osThreadResume                           0x080016b7   Thumb Code    38  cmsis_os.o(.text)
    osThreadSuspendAll                       0x080016dd   Thumb Code    10  cmsis_os.o(.text)
    osThreadResumeAll                        0x080016e7   Thumb Code    18  cmsis_os.o(.text)
    osDelayUntil                             0x080016f9   Thumb Code    28  cmsis_os.o(.text)
    osThreadList                             0x08001715   Thumb Code     6  cmsis_os.o(.text)
    osMessagePeek                            0x0800171b   Thumb Code    88  cmsis_os.o(.text)
    osRecursiveMutexCreate                   0x08001773   Thumb Code     6  cmsis_os.o(.text)
    osRecursiveMutexRelease                  0x08001779   Thumb Code     6  cmsis_os.o(.text)
    osRecursiveMutexWait                     0x0800177f   Thumb Code     6  cmsis_os.o(.text)
    vListInitialise                          0x08001789   Thumb Code    26  list.o(.text)
    vListInitialiseItem                      0x080017a3   Thumb Code     6  list.o(.text)
    vListInsertEnd                           0x080017a9   Thumb Code    24  list.o(.text)
    vListInsert                              0x080017c1   Thumb Code    52  list.o(.text)
    uxListRemove                             0x080017f5   Thumb Code    40  list.o(.text)
    xQueueGenericReset                       0x0800181d   Thumb Code   120  queue.o(.text)
    xQueueGenericCreate                      0x08001895   Thumb Code   102  queue.o(.text)
    xQueueGenericSend                        0x08001a17   Thumb Code   322  queue.o(.text)
    xQueueCreateMutex                        0x08001b59   Thumb Code    72  queue.o(.text)
    xQueueGenericSendFromISR                 0x08001ba1   Thumb Code   172  queue.o(.text)
    xQueueGiveFromISR                        0x08001c4d   Thumb Code   148  queue.o(.text)
    xQueueGenericReceive                     0x08001d25   Thumb Code   346  queue.o(.text)
    xQueueReceiveFromISR                     0x08001e7f   Thumb Code   136  queue.o(.text)
    xQueuePeekFromISR                        0x08001f07   Thumb Code   110  queue.o(.text)
    uxQueueMessagesWaiting                   0x08001f75   Thumb Code    28  queue.o(.text)
    uxQueueSpacesAvailable                   0x08001f91   Thumb Code    34  queue.o(.text)
    uxQueueMessagesWaitingFromISR            0x08001fb3   Thumb Code    20  queue.o(.text)
    vQueueUnregisterQueue                    0x08001fc7   Thumb Code    38  queue.o(.text)
    vQueueDelete                             0x08001fed   Thumb Code    30  queue.o(.text)
    xQueueIsQueueEmptyFromISR                0x0800200b   Thumb Code    28  queue.o(.text)
    xQueueIsQueueFullFromISR                 0x08002027   Thumb Code    32  queue.o(.text)
    vQueueAddToRegistry                      0x08002047   Thumb Code    38  queue.o(.text)
    xTaskGenericCreate                       0x0800214f   Thumb Code   282  tasks.o(.text)
    vTaskDelete                              0x08002293   Thumb Code   160  tasks.o(.text)
    xTaskIncrementTick                       0x08002333   Thumb Code   272  tasks.o(.text)
    xTaskResumeAll                           0x08002443   Thumb Code   280  tasks.o(.text)
    vTaskSuspendAll                          0x08002599   Thumb Code    12  tasks.o(.text)
    vTaskDelayUntil                          0x080025a5   Thumb Code   176  tasks.o(.text)
    vTaskDelay                               0x08002655   Thumb Code    94  tasks.o(.text)
    uxTaskPriorityGet                        0x080026b3   Thumb Code    30  tasks.o(.text)
    uxTaskPriorityGetFromISR                 0x080026d1   Thumb Code    42  tasks.o(.text)
    vTaskPrioritySet                         0x080026fb   Thumb Code   234  tasks.o(.text)
    vTaskSwitchContext                       0x080027e5   Thumb Code   106  tasks.o(.text)
    vTaskSuspend                             0x0800284f   Thumb Code   226  tasks.o(.text)
    vTaskResume                              0x08002975   Thumb Code   104  tasks.o(.text)
    xTaskResumeFromISR                       0x080029dd   Thumb Code   126  tasks.o(.text)
    vTaskStartScheduler                      0x08002ad7   Thumb Code    70  tasks.o(.text)
    vTaskEndScheduler                        0x08002b1d   Thumb Code    18  tasks.o(.text)
    xTaskGetTickCount                        0x08002b2f   Thumb Code     6  tasks.o(.text)
    xTaskGetTickCountFromISR                 0x08002b35   Thumb Code    16  tasks.o(.text)
    uxTaskGetNumberOfTasks                   0x08002b45   Thumb Code     6  tasks.o(.text)
    vTaskPlaceOnEventList                    0x08002b4b   Thumb Code    94  tasks.o(.text)
    vTaskPlaceOnUnorderedEventList           0x08002ba9   Thumb Code   132  tasks.o(.text)
    xTaskRemoveFromEventList                 0x08002c2d   Thumb Code   114  tasks.o(.text)
    xTaskRemoveFromUnorderedEventList        0x08002c9f   Thumb Code   192  tasks.o(.text)
    vTaskSetTimeOutState                     0x08002d5f   Thumb Code    28  tasks.o(.text)
    xTaskCheckForTimeOut                     0x08002d7b   Thumb Code   108  tasks.o(.text)
    vTaskMissedYield                         0x08002de7   Thumb Code     8  tasks.o(.text)
    xTaskGetCurrentTaskHandle                0x08002def   Thumb Code     6  tasks.o(.text)
    xTaskGetSchedulerState                   0x08002df5   Thumb Code    24  tasks.o(.text)
    vTaskPriorityInherit                     0x08002e0d   Thumb Code   164  tasks.o(.text)
    xTaskPriorityDisinherit                  0x08002eb1   Thumb Code   160  tasks.o(.text)
    uxTaskResetEventItemValue                0x08002f51   Thumb Code    24  tasks.o(.text)
    pvTaskIncrementMutexHeldCount            0x08002f69   Thumb Code    26  tasks.o(.text)
    ulTaskNotifyTake                         0x08002f83   Thumb Code   162  tasks.o(.text)
    xTaskNotifyWait                          0x08003025   Thumb Code   196  tasks.o(.text)
    xTaskGenericNotify                       0x080030e9   Thumb Code   238  tasks.o(.text)
    xTaskGenericNotifyFromISR                0x080031d7   Thumb Code   240  tasks.o(.text)
    vTaskNotifyGiveFromISR                   0x080032c7   Thumb Code   158  tasks.o(.text)
    xTaskNotifyStateClear                    0x08003365   Thumb Code    50  tasks.o(.text)
    pxPortInitialiseStack                    0x080033cd   Thumb Code    26  port.o(.text)
    vPortSetupTimerInterrupt                 0x080033e7   Thumb Code    26  port.o(.text)
    xPortStartScheduler                      0x08003401   Thumb Code   140  port.o(.text)
    vPortEndScheduler                        0x0800348d   Thumb Code    30  port.o(.text)
    vPortYield                               0x080034ab   Thumb Code    20  port.o(.text)
    vPortEnterCritical                       0x080034bf   Thumb Code    60  port.o(.text)
    vPortExitCritical                        0x080034fb   Thumb Code    40  port.o(.text)
    xPortSysTickHandler                      0x08003523   Thumb Code    30  port.o(.text)
    vPortValidateInterruptPriority           0x08003541   Thumb Code    80  port.o(.text)
    pvPortMalloc                             0x080035ad   Thumb Code    98  heap_1.o(.text)
    vPortFree                                0x0800360f   Thumb Code    24  heap_1.o(.text)
    vPortInitialiseBlocks                    0x08003627   Thumb Code     8  heap_1.o(.text)
    xPortGetFreeHeapSize                     0x0800362f   Thumb Code    12  heap_1.o(.text)
    HAL_Init                                 0x0800366f   Thumb Code    34  stm32f1xx_hal.o(.text)
    HAL_MspDeInit                            0x08003691   Thumb Code     2  stm32f1xx_hal.o(.text)
    HAL_DeInit                               0x08003693   Thumb Code    30  stm32f1xx_hal.o(.text)
    HAL_IncTick                              0x080036b1   Thumb Code    12  stm32f1xx_hal.o(.text)
    HAL_GetTick                              0x080036bd   Thumb Code     6  stm32f1xx_hal.o(.text)
    HAL_Delay                                0x080036c3   Thumb Code    26  stm32f1xx_hal.o(.text)
    HAL_GetHalVersion                        0x08003701   Thumb Code     4  stm32f1xx_hal.o(.text)
    HAL_GetREVID                             0x08003705   Thumb Code    18  stm32f1xx_hal.o(.text)
    HAL_GetDEVID                             0x08003717   Thumb Code    10  stm32f1xx_hal.o(.text)
    HAL_DBGMCU_EnableDBGSleepMode            0x08003721   Thumb Code    14  stm32f1xx_hal.o(.text)
    HAL_DBGMCU_DisableDBGSleepMode           0x0800372f   Thumb Code    14  stm32f1xx_hal.o(.text)
    HAL_DBGMCU_EnableDBGStopMode             0x0800373d   Thumb Code    14  stm32f1xx_hal.o(.text)
    HAL_DBGMCU_DisableDBGStopMode            0x0800374b   Thumb Code    14  stm32f1xx_hal.o(.text)
    HAL_DBGMCU_EnableDBGStandbyMode          0x08003759   Thumb Code    14  stm32f1xx_hal.o(.text)
    HAL_DBGMCU_DisableDBGStandbyMode         0x08003767   Thumb Code    14  stm32f1xx_hal.o(.text)
    ADC_ConversionStop_Disable               0x0800378d   Thumb Code    82  stm32f1xx_hal_adc.o(.text)
    HAL_ADC_Init                             0x080037e1   Thumb Code   660  stm32f1xx_hal_adc.o(.text)
    HAL_ADC_DeInit                           0x08003a77   Thumb Code   294  stm32f1xx_hal_adc.o(.text)
    ADC_Enable                               0x08003b9d   Thumb Code   164  stm32f1xx_hal_adc.o(.text)
    HAL_ADC_Start                            0x08003c41   Thumb Code   334  stm32f1xx_hal_adc.o(.text)
    HAL_ADC_Stop                             0x08003d8f   Thumb Code   100  stm32f1xx_hal_adc.o(.text)
    HAL_ADC_PollForConversion                0x08003df3   Thumb Code   386  stm32f1xx_hal_adc.o(.text)
    HAL_ADC_PollForEvent                     0x08003f75   Thumb Code   152  stm32f1xx_hal_adc.o(.text)
    HAL_ADC_Start_IT                         0x0800400d   Thumb Code   374  stm32f1xx_hal_adc.o(.text)
    HAL_ADC_Stop_IT                          0x08004183   Thumb Code   114  stm32f1xx_hal_adc.o(.text)
    ADC_DMAError                             0x080041f7   Thumb Code    30  stm32f1xx_hal_adc.o(.text)
    ADC_DMAHalfConvCplt                      0x08004217   Thumb Code    14  stm32f1xx_hal_adc.o(.text)
    ADC_DMAConvCplt                          0x08004227   Thumb Code    82  stm32f1xx_hal_adc.o(.text)
    HAL_ADC_Start_DMA                        0x08004279   Thumb Code   396  stm32f1xx_hal_adc.o(.text)
    HAL_ADC_Stop_DMA                         0x08004405   Thumb Code   144  stm32f1xx_hal_adc.o(.text)
    HAL_ADC_GetValue                         0x08004495   Thumb Code    46  stm32f1xx_hal_adc.o(.text)
    HAL_ADC_LevelOutOfWindowCallback         0x080044c3   Thumb Code     2  stm32f1xx_hal_adc.o(.text)
    HAL_ADC_IRQHandler                       0x080044c5   Thumb Code   370  stm32f1xx_hal_adc.o(.text)
    HAL_ADC_ConfigChannel                    0x08004637   Thumb Code   776  stm32f1xx_hal_adc.o(.text)
    HAL_ADC_AnalogWDGConfig                  0x0800493f   Thumb Code   410  stm32f1xx_hal_adc.o(.text)
    HAL_ADC_GetState                         0x08004ad9   Thumb Code     6  stm32f1xx_hal_adc.o(.text)
    HAL_ADC_GetError                         0x08004adf   Thumb Code     6  stm32f1xx_hal_adc.o(.text)
    HAL_ADCEx_Calibration_Start              0x08004b0d   Thumb Code   290  stm32f1xx_hal_adc_ex.o(.text)
    HAL_ADCEx_InjectedStart                  0x08004c2f   Thumb Code   264  stm32f1xx_hal_adc_ex.o(.text)
    HAL_ADCEx_InjectedStop                   0x08004d37   Thumb Code   130  stm32f1xx_hal_adc_ex.o(.text)
    HAL_ADCEx_InjectedPollForConversion      0x08004db9   Thumb Code   402  stm32f1xx_hal_adc_ex.o(.text)
    HAL_ADCEx_InjectedStart_IT               0x08004f4b   Thumb Code   278  stm32f1xx_hal_adc_ex.o(.text)
    HAL_ADCEx_InjectedStop_IT                0x08005061   Thumb Code   142  stm32f1xx_hal_adc_ex.o(.text)
    HAL_ADCEx_MultiModeStart_DMA             0x080050ef   Thumb Code   300  stm32f1xx_hal_adc_ex.o(.text)
    HAL_ADCEx_MultiModeStop_DMA              0x0800521b   Thumb Code   194  stm32f1xx_hal_adc_ex.o(.text)
    HAL_ADCEx_InjectedGetValue               0x080052dd   Thumb Code   154  stm32f1xx_hal_adc_ex.o(.text)
    HAL_ADCEx_MultiModeGetValue              0x08005377   Thumb Code    92  stm32f1xx_hal_adc_ex.o(.text)
    HAL_ADCEx_InjectedConvCpltCallback       0x080053d3   Thumb Code     2  stm32f1xx_hal_adc_ex.o(.text)
    HAL_ADCEx_InjectedConfigChannel          0x080053d5   Thumb Code  1176  stm32f1xx_hal_adc_ex.o(.text)
    HAL_ADCEx_MultiModeConfigChannel         0x0800586d   Thumb Code   216  stm32f1xx_hal_adc_ex.o(.text)
    HAL_NVIC_SetPriorityGrouping             0x08005979   Thumb Code    70  stm32f1xx_hal_cortex.o(.text)
    HAL_NVIC_SetPriority                     0x080059bf   Thumb Code   152  stm32f1xx_hal_cortex.o(.text)
    HAL_NVIC_EnableIRQ                       0x08005a57   Thumb Code    44  stm32f1xx_hal_cortex.o(.text)
    HAL_NVIC_DisableIRQ                      0x08005a83   Thumb Code    40  stm32f1xx_hal_cortex.o(.text)
    HAL_NVIC_SystemReset                     0x08005aab   Thumb Code    64  stm32f1xx_hal_cortex.o(.text)
    HAL_SYSTICK_Config                       0x08005aeb   Thumb Code    52  stm32f1xx_hal_cortex.o(.text)
    HAL_NVIC_GetPriorityGrouping             0x08005b1f   Thumb Code     8  stm32f1xx_hal_cortex.o(.text)
    HAL_NVIC_GetPriority                     0x08005b27   Thumb Code   176  stm32f1xx_hal_cortex.o(.text)
    HAL_NVIC_SetPendingIRQ                   0x08005bd7   Thumb Code    24  stm32f1xx_hal_cortex.o(.text)
    HAL_NVIC_GetPendingIRQ                   0x08005bef   Thumb Code    38  stm32f1xx_hal_cortex.o(.text)
    HAL_NVIC_ClearPendingIRQ                 0x08005c15   Thumb Code    22  stm32f1xx_hal_cortex.o(.text)
    HAL_NVIC_GetActive                       0x08005c2b   Thumb Code    38  stm32f1xx_hal_cortex.o(.text)
    HAL_SYSTICK_CLKSourceConfig              0x08005c51   Thumb Code    62  stm32f1xx_hal_cortex.o(.text)
    HAL_SYSTICK_Callback                     0x08005c8f   Thumb Code     2  stm32f1xx_hal_cortex.o(.text)
    HAL_SYSTICK_IRQHandler                   0x08005c91   Thumb Code     8  stm32f1xx_hal_cortex.o(.text)
    HAL_DMA_Init                             0x08005cbd   Thumb Code   398  stm32f1xx_hal_dma.o(.text)
    HAL_DMA_DeInit                           0x08005e4b   Thumb Code  1254  stm32f1xx_hal_dma.o(.text)
    HAL_DMA_Start                            0x08006351   Thumb Code   102  stm32f1xx_hal_dma.o(.text)
    HAL_DMA_Start_IT                         0x080063b7   Thumb Code   138  stm32f1xx_hal_dma.o(.text)
    HAL_DMA_Abort                            0x08006441   Thumb Code   112  stm32f1xx_hal_dma.o(.text)
    HAL_DMA_PollForTransfer                  0x080064b1   Thumb Code  1906  stm32f1xx_hal_dma.o(.text)
    HAL_DMA_IRQHandler                       0x08006c23   Thumb Code  2304  stm32f1xx_hal_dma.o(.text)
    HAL_DMA_GetState                         0x08007523   Thumb Code     8  stm32f1xx_hal_dma.o(.text)
    HAL_DMA_GetError                         0x0800752b   Thumb Code     6  stm32f1xx_hal_dma.o(.text)
    FLASH_WaitForLastOperation               0x08007597   Thumb Code   106  stm32f1xx_hal_flash.o(.text)
    HAL_FLASH_Program                        0x08007617   Thumb Code   278  stm32f1xx_hal_flash.o(.text)
    HAL_FLASH_Program_IT                     0x0800772d   Thumb Code   218  stm32f1xx_hal_flash.o(.text)
    HAL_FLASH_EndOfOperationCallback         0x08007807   Thumb Code     2  stm32f1xx_hal_flash.o(.text)
    HAL_FLASH_OperationErrorCallback         0x08007809   Thumb Code     2  stm32f1xx_hal_flash.o(.text)
    HAL_FLASH_IRQHandler                     0x0800780b   Thumb Code   406  stm32f1xx_hal_flash.o(.text)
    HAL_FLASH_Unlock                         0x080079a1   Thumb Code    30  stm32f1xx_hal_flash.o(.text)
    HAL_FLASH_Lock                           0x080079bf   Thumb Code    16  stm32f1xx_hal_flash.o(.text)
    HAL_FLASH_OB_Unlock                      0x080079cf   Thumb Code    30  stm32f1xx_hal_flash.o(.text)
    HAL_FLASH_OB_Lock                        0x080079ed   Thumb Code    16  stm32f1xx_hal_flash.o(.text)
    HAL_FLASH_OB_Launch                      0x080079fd   Thumb Code    10  stm32f1xx_hal_flash.o(.text)
    HAL_FLASH_GetError                       0x08007a07   Thumb Code     6  stm32f1xx_hal_flash.o(.text)
    FLASH_PageErase                          0x08007a1d   Thumb Code    32  stm32f1xx_hal_flash_ex.o(.text)
    HAL_FLASHEx_Erase                        0x08007a6f   Thumb Code   378  stm32f1xx_hal_flash_ex.o(.text)
    HAL_FLASHEx_Erase_IT                     0x08007be9   Thumb Code   306  stm32f1xx_hal_flash_ex.o(.text)
    HAL_FLASHEx_OBErase                      0x08007db5   Thumb Code   116  stm32f1xx_hal_flash_ex.o(.text)
    HAL_FLASHEx_OBProgram                    0x080080f9   Thumb Code   234  stm32f1xx_hal_flash_ex.o(.text)
    HAL_FLASHEx_OBGetConfig                  0x080081f9   Thumb Code    44  stm32f1xx_hal_flash_ex.o(.text)
    HAL_FLASHEx_OBGetUserData                0x08008225   Thumb Code    62  stm32f1xx_hal_flash_ex.o(.text)
    HAL_GPIO_Init                            0x0800826d   Thumb Code   934  stm32f1xx_hal_gpio.o(.text)
    HAL_GPIO_DeInit                          0x08008613   Thumb Code   402  stm32f1xx_hal_gpio.o(.text)
    HAL_GPIO_ReadPin                         0x080087a5   Thumb Code    38  stm32f1xx_hal_gpio.o(.text)
    HAL_GPIO_WritePin                        0x080087cb   Thumb Code    54  stm32f1xx_hal_gpio.o(.text)
    HAL_GPIO_TogglePin                       0x08008801   Thumb Code    30  stm32f1xx_hal_gpio.o(.text)
    HAL_GPIO_LockPin                         0x0800881f   Thumb Code   118  stm32f1xx_hal_gpio.o(.text)
    HAL_GPIO_EXTI_IRQHandler                 0x08008897   Thumb Code    28  stm32f1xx_hal_gpio.o(.text)
    HAL_PWR_DeInit                           0x080088e3   Thumb Code    24  stm32f1xx_hal_pwr.o(.text)
    HAL_PWR_EnableBkUpAccess                 0x080088fb   Thumb Code    20  stm32f1xx_hal_pwr.o(.text)
    HAL_PWR_DisableBkUpAccess                0x0800890f   Thumb Code    22  stm32f1xx_hal_pwr.o(.text)
    HAL_PWR_ConfigPVD                        0x08008925   Thumb Code   298  stm32f1xx_hal_pwr.o(.text)
    HAL_PWR_EnablePVD                        0x08008a4f   Thumb Code    20  stm32f1xx_hal_pwr.o(.text)
    HAL_PWR_DisablePVD                       0x08008a63   Thumb Code    20  stm32f1xx_hal_pwr.o(.text)
    HAL_PWR_EnableWakeUpPin                  0x08008a77   Thumb Code    44  stm32f1xx_hal_pwr.o(.text)
    HAL_PWR_DisableWakeUpPin                 0x08008aa3   Thumb Code    44  stm32f1xx_hal_pwr.o(.text)
    HAL_PWR_EnterSLEEPMode                   0x08008acf   Thumb Code    54  stm32f1xx_hal_pwr.o(.text)
    HAL_PWR_EnterSTOPMode                    0x08008b05   Thumb Code   112  stm32f1xx_hal_pwr.o(.text)
    HAL_PWR_EnterSTANDBYMode                 0x08008b75   Thumb Code    32  stm32f1xx_hal_pwr.o(.text)
    HAL_PWR_EnableSleepOnExit                0x08008b95   Thumb Code    14  stm32f1xx_hal_pwr.o(.text)
    HAL_PWR_DisableSleepOnExit               0x08008ba3   Thumb Code    14  stm32f1xx_hal_pwr.o(.text)
    HAL_PWR_EnableSEVOnPend                  0x08008bb1   Thumb Code    14  stm32f1xx_hal_pwr.o(.text)
    HAL_PWR_DisableSEVOnPend                 0x08008bbf   Thumb Code    14  stm32f1xx_hal_pwr.o(.text)
    HAL_PWR_PVDCallback                      0x08008bcd   Thumb Code     2  stm32f1xx_hal_pwr.o(.text)
    HAL_PWR_PVD_IRQHandler                   0x08008bcf   Thumb Code    30  stm32f1xx_hal_pwr.o(.text)
    HAL_RCC_DeInit                           0x08008c0d   Thumb Code    78  stm32f1xx_hal_rcc.o(.text)
    HAL_RCC_OscConfig                        0x08008c5b   Thumb Code  2580  stm32f1xx_hal_rcc.o(.text)
    HAL_RCC_GetSysClockFreq                  0x0800966f   Thumb Code   146  stm32f1xx_hal_rcc.o(.text)
    HAL_RCC_ClockConfig                      0x08009701   Thumb Code   966  stm32f1xx_hal_rcc.o(.text)
    HAL_RCC_MCOConfig                        0x08009ac7   Thumb Code   158  stm32f1xx_hal_rcc.o(.text)
    HAL_RCC_EnableCSS                        0x08009b65   Thumb Code    20  stm32f1xx_hal_rcc.o(.text)
    HAL_RCC_DisableCSS                       0x08009b79   Thumb Code    22  stm32f1xx_hal_rcc.o(.text)
    HAL_RCC_GetHCLKFreq                      0x08009b8f   Thumb Code     6  stm32f1xx_hal_rcc.o(.text)
    HAL_RCC_GetPCLK1Freq                     0x08009b95   Thumb Code    36  stm32f1xx_hal_rcc.o(.text)
    HAL_RCC_GetPCLK2Freq                     0x08009bb9   Thumb Code    36  stm32f1xx_hal_rcc.o(.text)
    HAL_RCC_GetOscConfig                     0x08009bdd   Thumb Code   260  stm32f1xx_hal_rcc.o(.text)
    HAL_RCC_GetClockConfig                   0x08009ce1   Thumb Code    92  stm32f1xx_hal_rcc.o(.text)
    HAL_RCC_CSSCallback                      0x08009d3d   Thumb Code     2  stm32f1xx_hal_rcc.o(.text)
    HAL_RCC_NMI_IRQHandler                   0x08009d3f   Thumb Code    26  stm32f1xx_hal_rcc.o(.text)
    HAL_RCCEx_PeriphCLKConfig                0x08009d65   Thumb Code   520  stm32f1xx_hal_rcc_ex.o(.text)
    HAL_RCCEx_GetPeriphCLKConfig             0x08009f6d   Thumb Code    78  stm32f1xx_hal_rcc_ex.o(.text)
    HAL_RCCEx_GetPeriphCLKFreq               0x08009fbb   Thumb Code   374  stm32f1xx_hal_rcc_ex.o(.text)
    TIM_Base_SetConfig                       0x0800a15d   Thumb Code   124  stm32f1xx_hal_tim.o(.text)
    HAL_TIM_Base_MspInit                     0x0800a1d9   Thumb Code     2  stm32f1xx_hal_tim.o(.text)
    HAL_TIM_Base_Init                        0x0800a1db   Thumb Code   194  stm32f1xx_hal_tim.o(.text)
    HAL_TIM_Base_MspDeInit                   0x0800a29d   Thumb Code     2  stm32f1xx_hal_tim.o(.text)
    HAL_TIM_Base_DeInit                      0x0800a29f   Thumb Code   144  stm32f1xx_hal_tim.o(.text)
    HAL_TIM_Base_Start                       0x0800a32f   Thumb Code   108  stm32f1xx_hal_tim.o(.text)
    HAL_TIM_Base_Stop                        0x0800a39b   Thumb Code   134  stm32f1xx_hal_tim.o(.text)
    HAL_TIM_Base_Start_IT                    0x0800a421   Thumb Code   108  stm32f1xx_hal_tim.o(.text)
    HAL_TIM_Base_Stop_IT                     0x0800a48d   Thumb Code   134  stm32f1xx_hal_tim.o(.text)
    HAL_TIM_ErrorCallback                    0x0800a513   Thumb Code     2  stm32f1xx_hal_tim.o(.text)
    TIM_DMAError                             0x0800a515   Thumb Code    20  stm32f1xx_hal_tim.o(.text)
    HAL_TIM_Base_Start_DMA                   0x0800a561   Thumb Code   174  stm32f1xx_hal_tim.o(.text)
    HAL_TIM_Base_Stop_DMA                    0x0800a60f   Thumb Code   140  stm32f1xx_hal_tim.o(.text)
    HAL_TIM_OC_MspInit                       0x0800a69b   Thumb Code     2  stm32f1xx_hal_tim.o(.text)
    HAL_TIM_OC_Init                          0x0800a69d   Thumb Code   200  stm32f1xx_hal_tim.o(.text)
    HAL_TIM_OC_MspDeInit                     0x0800a765   Thumb Code     2  stm32f1xx_hal_tim.o(.text)
    HAL_TIM_OC_DeInit                        0x0800a767   Thumb Code   146  stm32f1xx_hal_tim.o(.text)
    TIM_CCxChannelCmd                        0x0800a7f9   Thumb Code   116  stm32f1xx_hal_tim.o(.text)
    HAL_TIM_OC_Start                         0x0800a86d   Thumb Code   214  stm32f1xx_hal_tim.o(.text)
    HAL_TIM_OC_Stop                          0x0800a943   Thumb Code   304  stm32f1xx_hal_tim.o(.text)
    HAL_TIM_OC_Start_IT                      0x0800aa73   Thumb Code   290  stm32f1xx_hal_tim.o(.text)
    HAL_TIM_OC_Stop_IT                       0x0800ab95   Thumb Code   342  stm32f1xx_hal_tim.o(.text)
    TIM_DMADelayPulseCplt                    0x0800aced   Thumb Code    70  stm32f1xx_hal_tim.o(.text)
    HAL_TIM_OC_Start_DMA                     0x0800ad33   Thumb Code   486  stm32f1xx_hal_tim.o(.text)
    HAL_TIM_OC_Stop_DMA                      0x0800af19   Thumb Code   348  stm32f1xx_hal_tim.o(.text)
    HAL_TIM_PWM_Init                         0x0800b077   Thumb Code   200  stm32f1xx_hal_tim.o(.text)
    HAL_TIM_PWM_MspDeInit                    0x0800b13f   Thumb Code     2  stm32f1xx_hal_tim.o(.text)
    HAL_TIM_PWM_DeInit                       0x0800b141   Thumb Code   180  stm32f1xx_hal_tim.o(.text)
    HAL_TIM_PWM_Start                        0x0800b1f5   Thumb Code   214  stm32f1xx_hal_tim.o(.text)
    HAL_TIM_PWM_Stop                         0x0800b2cb   Thumb Code   272  stm32f1xx_hal_tim.o(.text)
    HAL_TIM_PWM_Start_IT                     0x0800b3db   Thumb Code   290  stm32f1xx_hal_tim.o(.text)
    HAL_TIM_PWM_Stop_IT                      0x0800b4fd   Thumb Code   366  stm32f1xx_hal_tim.o(.text)
    HAL_TIM_PWM_Start_DMA                    0x0800b66b   Thumb Code   450  stm32f1xx_hal_tim.o(.text)
    HAL_TIM_PWM_Stop_DMA                     0x0800b82d   Thumb Code   348  stm32f1xx_hal_tim.o(.text)
    HAL_TIM_IC_MspInit                       0x0800b989   Thumb Code     2  stm32f1xx_hal_tim.o(.text)
    HAL_TIM_IC_Init                          0x0800b98b   Thumb Code   238  stm32f1xx_hal_tim.o(.text)
    HAL_TIM_IC_MspDeInit                     0x0800ba79   Thumb Code     2  stm32f1xx_hal_tim.o(.text)
    HAL_TIM_IC_DeInit                        0x0800ba7b   Thumb Code   146  stm32f1xx_hal_tim.o(.text)
    HAL_TIM_IC_Start                         0x0800bb0d   Thumb Code   178  stm32f1xx_hal_tim.o(.text)
    HAL_TIM_IC_Stop                          0x0800bbbf   Thumb Code   204  stm32f1xx_hal_tim.o(.text)
    HAL_TIM_IC_Start_IT                      0x0800bc8b   Thumb Code   254  stm32f1xx_hal_tim.o(.text)
    HAL_TIM_IC_Stop_IT                       0x0800bd89   Thumb Code   314  stm32f1xx_hal_tim.o(.text)
    HAL_TIM_IC_CaptureCallback               0x0800bec3   Thumb Code     2  stm32f1xx_hal_tim.o(.text)
    TIM_DMACaptureCplt                       0x0800bec5   Thumb Code    70  stm32f1xx_hal_tim.o(.text)
    HAL_TIM_IC_Start_DMA                     0x0800bf0b   Thumb Code   474  stm32f1xx_hal_tim.o(.text)
    HAL_TIM_IC_Stop_DMA                      0x0800c0e5   Thumb Code   376  stm32f1xx_hal_tim.o(.text)
    HAL_TIM_OnePulse_MspInit                 0x0800c25d   Thumb Code     2  stm32f1xx_hal_tim.o(.text)
    HAL_TIM_OnePulse_Init                    0x0800c25f   Thumb Code   242  stm32f1xx_hal_tim.o(.text)
    HAL_TIM_OnePulse_MspDeInit               0x0800c351   Thumb Code     2  stm32f1xx_hal_tim.o(.text)
    HAL_TIM_OnePulse_DeInit                  0x0800c353   Thumb Code   146  stm32f1xx_hal_tim.o(.text)
    HAL_TIM_OnePulse_Start                   0x0800c3e5   Thumb Code    66  stm32f1xx_hal_tim.o(.text)
    HAL_TIM_OnePulse_Stop                    0x0800c427   Thumb Code   130  stm32f1xx_hal_tim.o(.text)
    HAL_TIM_OnePulse_Start_IT                0x0800c4a9   Thumb Code    90  stm32f1xx_hal_tim.o(.text)
    HAL_TIM_OnePulse_Stop_IT                 0x0800c503   Thumb Code   154  stm32f1xx_hal_tim.o(.text)
    HAL_TIM_Encoder_MspInit                  0x0800c59d   Thumb Code     2  stm32f1xx_hal_tim.o(.text)
    HAL_TIM_Encoder_Init                     0x0800c59f   Thumb Code   524  stm32f1xx_hal_tim.o(.text)
    HAL_TIM_Encoder_MspDeInit                0x0800c7ab   Thumb Code     2  stm32f1xx_hal_tim.o(.text)
    HAL_TIM_Encoder_DeInit                   0x0800c7ad   Thumb Code   146  stm32f1xx_hal_tim.o(.text)
    HAL_TIM_Encoder_Start                    0x0800c83f   Thumb Code   138  stm32f1xx_hal_tim.o(.text)
    HAL_TIM_Encoder_Stop                     0x0800c8c9   Thumb Code   164  stm32f1xx_hal_tim.o(.text)
    HAL_TIM_Encoder_Start_IT                 0x0800c96d   Thumb Code   186  stm32f1xx_hal_tim.o(.text)
    HAL_TIM_Encoder_Stop_IT                  0x0800ca27   Thumb Code   246  stm32f1xx_hal_tim.o(.text)
    HAL_TIM_Encoder_Start_DMA                0x0800cb1d   Thumb Code   388  stm32f1xx_hal_tim.o(.text)
    HAL_TIM_Encoder_Stop_DMA                 0x0800cca1   Thumb Code   212  stm32f1xx_hal_tim.o(.text)
    HAL_TIM_TriggerCallback                  0x0800cd75   Thumb Code     2  stm32f1xx_hal_tim.o(.text)
    HAL_TIM_OC_DelayElapsedCallback          0x0800cd77   Thumb Code     2  stm32f1xx_hal_tim.o(.text)
    HAL_TIM_IRQHandler                       0x0800cd79   Thumb Code   436  stm32f1xx_hal_tim.o(.text)
    TIM_OC2_SetConfig                        0x0800d06d   Thumb Code   204  stm32f1xx_hal_tim.o(.text)
    HAL_TIM_OC_ConfigChannel                 0x0800d1fd   Thumb Code   480  stm32f1xx_hal_tim.o(.text)
    TIM_TI1_SetConfig                        0x0800d497   Thumb Code   106  stm32f1xx_hal_tim.o(.text)
    HAL_TIM_IC_ConfigChannel                 0x0800d501   Thumb Code   574  stm32f1xx_hal_tim.o(.text)
    HAL_TIM_PWM_ConfigChannel                0x0800d73f   Thumb Code   630  stm32f1xx_hal_tim.o(.text)
    HAL_TIM_OnePulse_ConfigChannel           0x0800d9b5   Thumb Code   590  stm32f1xx_hal_tim.o(.text)
    HAL_TIM_DMABurst_WriteStart              0x0800dc17   Thumb Code   652  stm32f1xx_hal_tim.o(.text)
    HAL_TIM_DMABurst_WriteStop               0x0800dea3   Thumb Code   148  stm32f1xx_hal_tim.o(.text)
    HAL_TIM_DMABurst_ReadStart               0x0800df37   Thumb Code   698  stm32f1xx_hal_tim.o(.text)
    HAL_TIM_DMABurst_ReadStop                0x0800e1f1   Thumb Code   148  stm32f1xx_hal_tim.o(.text)
    HAL_TIM_GenerateEvent                    0x0800e285   Thumb Code   154  stm32f1xx_hal_tim.o(.text)
    HAL_TIM_ConfigOCrefClear                 0x0800e337   Thumb Code   670  stm32f1xx_hal_tim.o(.text)
    HAL_TIM_ConfigClockSource                0x0800e63f   Thumb Code  1434  stm32f1xx_hal_tim.o(.text)
    HAL_TIM_ConfigTI1Input                   0x0800ebd9   Thumb Code   104  stm32f1xx_hal_tim.o(.text)
    HAL_TIM_SlaveConfigSynchronization       0x0800efb7   Thumb Code   270  stm32f1xx_hal_tim.o(.text)
    HAL_TIM_SlaveConfigSynchronization_IT    0x0800f0c5   Thumb Code   244  stm32f1xx_hal_tim.o(.text)
    HAL_TIM_ReadCapturedValue                0x0800f1b9   Thumb Code   330  stm32f1xx_hal_tim.o(.text)
    HAL_TIM_Base_GetState                    0x0800f303   Thumb Code     8  stm32f1xx_hal_tim.o(.text)
    HAL_TIM_OC_GetState                      0x0800f30b   Thumb Code     8  stm32f1xx_hal_tim.o(.text)
    HAL_TIM_PWM_GetState                     0x0800f313   Thumb Code     8  stm32f1xx_hal_tim.o(.text)
    HAL_TIM_IC_GetState                      0x0800f31b   Thumb Code     8  stm32f1xx_hal_tim.o(.text)
    HAL_TIM_OnePulse_GetState                0x0800f323   Thumb Code     8  stm32f1xx_hal_tim.o(.text)
    HAL_TIM_Encoder_GetState                 0x0800f32b   Thumb Code     8  stm32f1xx_hal_tim.o(.text)
    HAL_TIMEx_HallSensor_MspInit             0x0800f34d   Thumb Code     2  stm32f1xx_hal_tim_ex.o(.text)
    HAL_TIMEx_HallSensor_Init                0x0800f34f   Thumb Code   408  stm32f1xx_hal_tim_ex.o(.text)
    HAL_TIMEx_HallSensor_MspDeInit           0x0800f4e7   Thumb Code     2  stm32f1xx_hal_tim_ex.o(.text)
    HAL_TIMEx_HallSensor_DeInit              0x0800f4e9   Thumb Code   144  stm32f1xx_hal_tim_ex.o(.text)
    HAL_TIMEx_HallSensor_Start               0x0800f579   Thumb Code    90  stm32f1xx_hal_tim_ex.o(.text)
    HAL_TIMEx_HallSensor_Stop                0x0800f5d3   Thumb Code   116  stm32f1xx_hal_tim_ex.o(.text)
    HAL_TIMEx_HallSensor_Start_IT            0x0800f647   Thumb Code   102  stm32f1xx_hal_tim_ex.o(.text)
    HAL_TIMEx_HallSensor_Stop_IT             0x0800f6ad   Thumb Code   128  stm32f1xx_hal_tim_ex.o(.text)
    HAL_TIMEx_HallSensor_Start_DMA           0x0800f72d   Thumb Code   200  stm32f1xx_hal_tim_ex.o(.text)
    HAL_TIMEx_HallSensor_Stop_DMA            0x0800f7f5   Thumb Code   128  stm32f1xx_hal_tim_ex.o(.text)
    HAL_TIMEx_OCN_Start                      0x0800f891   Thumb Code    92  stm32f1xx_hal_tim_ex.o(.text)
    HAL_TIMEx_OCN_Stop                       0x0800f8ed   Thumb Code   144  stm32f1xx_hal_tim_ex.o(.text)
    HAL_TIMEx_OCN_Start_IT                   0x0800f97d   Thumb Code   180  stm32f1xx_hal_tim_ex.o(.text)
    HAL_TIMEx_OCN_Stop_IT                    0x0800fa31   Thumb Code   246  stm32f1xx_hal_tim_ex.o(.text)
    HAL_TIMEx_OCN_Start_DMA                  0x0800fb27   Thumb Code   354  stm32f1xx_hal_tim_ex.o(.text)
    HAL_TIMEx_OCN_Stop_DMA                   0x0800fc89   Thumb Code   226  stm32f1xx_hal_tim_ex.o(.text)
    HAL_TIMEx_PWMN_Start                     0x0800fd6b   Thumb Code    92  stm32f1xx_hal_tim_ex.o(.text)
    HAL_TIMEx_PWMN_Stop                      0x0800fdc7   Thumb Code   144  stm32f1xx_hal_tim_ex.o(.text)
    HAL_TIMEx_PWMN_Start_IT                  0x0800fe57   Thumb Code   180  stm32f1xx_hal_tim_ex.o(.text)
    HAL_TIMEx_PWMN_Stop_IT                   0x0800ff0b   Thumb Code   268  stm32f1xx_hal_tim_ex.o(.text)
    HAL_TIMEx_PWMN_Start_DMA                 0x08010017   Thumb Code   320  stm32f1xx_hal_tim_ex.o(.text)
    HAL_TIMEx_PWMN_Stop_DMA                  0x08010157   Thumb Code   226  stm32f1xx_hal_tim_ex.o(.text)
    HAL_TIMEx_OnePulseN_Start                0x08010239   Thumb Code    80  stm32f1xx_hal_tim_ex.o(.text)
    HAL_TIMEx_OnePulseN_Stop                 0x08010289   Thumb Code   144  stm32f1xx_hal_tim_ex.o(.text)
    HAL_TIMEx_OnePulseN_Start_IT             0x08010319   Thumb Code   104  stm32f1xx_hal_tim_ex.o(.text)
    HAL_TIMEx_OnePulseN_Stop_IT              0x08010381   Thumb Code   190  stm32f1xx_hal_tim_ex.o(.text)
    HAL_TIMEx_ConfigCommutationEvent         0x0801043f   Thumb Code   176  stm32f1xx_hal_tim_ex.o(.text)
    HAL_TIMEx_ConfigCommutationEvent_IT      0x080104ef   Thumb Code   188  stm32f1xx_hal_tim_ex.o(.text)
    HAL_TIMEx_CommutationCallback            0x080105ab   Thumb Code     2  stm32f1xx_hal_tim_ex.o(.text)
    TIMEx_DMACommutationCplt                 0x080105ad   Thumb Code    20  stm32f1xx_hal_tim_ex.o(.text)
    HAL_TIMEx_ConfigCommutationEvent_DMA     0x080105c1   Thumb Code   202  stm32f1xx_hal_tim_ex.o(.text)
    HAL_TIMEx_ConfigBreakDeadTime            0x0801068b   Thumb Code   290  stm32f1xx_hal_tim_ex.o(.text)
    HAL_TIMEx_MasterConfigSynchronization    0x080107ad   Thumb Code   296  stm32f1xx_hal_tim_ex.o(.text)
    HAL_TIMEx_BreakCallback                  0x080108d5   Thumb Code     2  stm32f1xx_hal_tim_ex.o(.text)
    HAL_TIMEx_HallSensor_GetState            0x080108d7   Thumb Code     8  stm32f1xx_hal_tim_ex.o(.text)
    HAL_UART_Init                            0x08010b0d   Thumb Code   276  stm32f1xx_hal_uart.o(.text)
    HAL_HalfDuplex_Init                      0x08010c21   Thumb Code   236  stm32f1xx_hal_uart.o(.text)
    HAL_LIN_Init                             0x08010d0d   Thumb Code   232  stm32f1xx_hal_uart.o(.text)
    HAL_MultiProcessor_Init                  0x08010df5   Thumb Code   262  stm32f1xx_hal_uart.o(.text)
    HAL_UART_MspDeInit                       0x08010efb   Thumb Code     2  stm32f1xx_hal_uart.o(.text)
    HAL_UART_DeInit                          0x08010efd   Thumb Code   120  stm32f1xx_hal_uart.o(.text)
    HAL_UART_Transmit                        0x0801106f   Thumb Code   268  stm32f1xx_hal_uart.o(.text)
    HAL_UART_Receive                         0x0801117b   Thumb Code   248  stm32f1xx_hal_uart.o(.text)
    HAL_UART_Transmit_IT                     0x08011273   Thumb Code   110  stm32f1xx_hal_uart.o(.text)
    HAL_UART_Receive_IT                      0x080112e1   Thumb Code   134  stm32f1xx_hal_uart.o(.text)
    HAL_UART_TxHalfCpltCallback              0x0801138b   Thumb Code     2  stm32f1xx_hal_uart.o(.text)
    HAL_UART_Transmit_DMA                    0x080113d3   Thumb Code   156  stm32f1xx_hal_uart.o(.text)
    HAL_UART_RxHalfCpltCallback              0x0801146f   Thumb Code     2  stm32f1xx_hal_uart.o(.text)
    HAL_UART_Receive_DMA                     0x080114bf   Thumb Code   146  stm32f1xx_hal_uart.o(.text)
    HAL_UART_DMAPause                        0x08011551   Thumb Code   118  stm32f1xx_hal_uart.o(.text)
    HAL_UART_DMAResume                       0x080115c7   Thumb Code   156  stm32f1xx_hal_uart.o(.text)
    HAL_UART_DMAStop                         0x08011663   Thumb Code    46  stm32f1xx_hal_uart.o(.text)
    HAL_UART_IRQHandler                      0x080117ed   Thumb Code   240  stm32f1xx_hal_uart.o(.text)
    HAL_LIN_SendBreak                        0x080118dd   Thumb Code   116  stm32f1xx_hal_uart.o(.text)
    HAL_MultiProcessor_EnterMuteMode         0x08011951   Thumb Code   116  stm32f1xx_hal_uart.o(.text)
    HAL_MultiProcessor_ExitMuteMode          0x080119c5   Thumb Code   116  stm32f1xx_hal_uart.o(.text)
    HAL_HalfDuplex_EnableTransmitter         0x08011a39   Thumb Code    66  stm32f1xx_hal_uart.o(.text)
    HAL_HalfDuplex_EnableReceiver            0x08011a7b   Thumb Code    64  stm32f1xx_hal_uart.o(.text)
    HAL_UART_GetState                        0x08011abb   Thumb Code     8  stm32f1xx_hal_uart.o(.text)
    HAL_UART_GetError                        0x08011ac3   Thumb Code     6  stm32f1xx_hal_uart.o(.text)
    bkp_enable                               0x08011ae1   Thumb Code    36  flash.o(.text)
    Flash_Check                              0x08011b05   Thumb Code    26  flash.o(.text)
    BKUPWrite                                0x08011b1f   Thumb Code    14  flash.o(.text)
    goToBootloader                           0x08011b2d   Thumb Code    18  flash.o(.text)
    goToResetAndApp                          0x08011b3f   Thumb Code    18  flash.o(.text)
    jump_to_app                              0x08011b51   Thumb Code    38  flash.o(.text)
    Flash_Erase                              0x08011b77   Thumb Code    54  flash.o(.text)
    Flash_Flash                              0x08011bad   Thumb Code   304  flash.o(.text)
    BKUPRead                                 0x08011cdd   Thumb Code    18  flash.o(.text)
    MX_USART1_UART_Init                      0x08011d25   Thumb Code    46  usart.o(.text)
    HAL_UART_MspInit                         0x08011d53   Thumb Code   348  usart.o(.text)
    rts_toggle                               0x08011eaf   Thumb Code    12  usart.o(.text)
    check_request                            0x08011ebb   Thumb Code    92  usart.o(.text)
    GetData16                                0x08011f17   Thumb Code    14  usart.o(.text)
    clean_TxBuffer                           0x08011f25   Thumb Code    20  usart.o(.text)
    clean_RxBuffer                           0x08011f39   Thumb Code    24  usart.o(.text)
    done_request                             0x08011f51   Thumb Code     2  usart.o(.text)
    make_response                            0x08011f53   Thumb Code    56  usart.o(.text)
    send_response                            0x08011f8b   Thumb Code    24  usart.o(.text)
    reseive_dma_1                            0x08011fa3   Thumb Code    14  usart.o(.text)
    receive                                  0x08011fb1   Thumb Code    26  usart.o(.text)
    update_timer                             0x08011fcb   Thumb Code    12  usart.o(.text)
    check_timer                              0x08011fd7   Thumb Code    36  usart.o(.text)
    check_timer2                             0x08011ffb   Thumb Code    26  usart.o(.text)
    send_OK                                  0x08012015   Thumb Code    24  usart.o(.text)
    send_ERROR                               0x0801202d   Thumb Code    24  usart.o(.text)
    HAL_UART_TxCpltCallback                  0x08012045   Thumb Code    10  usart.o(.text)
    HAL_UART_RxCpltCallback                  0x0801204f   Thumb Code    60  usart.o(.text)
    HAL_UART_ErrorCallback                   0x0801208b   Thumb Code     2  usart.o(.text)
    __aeabi_llsr                             0x080120d1   Thumb Code     0  llushr.o(.text)
    _ll_ushift_r                             0x080120d1   Thumb Code    38  llushr.o(.text)
    __aeabi_memcpy                           0x080120f7   Thumb Code     0  rt_memcpy_v6.o(.text)
    __rt_memcpy                              0x080120f7   Thumb Code   138  rt_memcpy_v6.o(.text)
    _memcpy_lastbytes                        0x0801215d   Thumb Code     0  rt_memcpy_v6.o(.text)
    __aeabi_memcpy4                          0x08012181   Thumb Code     0  rt_memcpy_w.o(.text)
    __aeabi_memcpy8                          0x08012181   Thumb Code     0  rt_memcpy_w.o(.text)
    __rt_memcpy_w                            0x08012181   Thumb Code   100  rt_memcpy_w.o(.text)
    _memcpy_lastbytes_aligned                0x080121c9   Thumb Code     0  rt_memcpy_w.o(.text)
    __use_two_region_memory                  0x080121e5   Thumb Code     2  heapauxi.o(.text)
    __rt_heap_escrow$2region                 0x080121e7   Thumb Code     2  heapauxi.o(.text)
    __rt_heap_expand$2region                 0x080121e9   Thumb Code     2  heapauxi.o(.text)
    __user_setup_stackheap                   0x080121eb   Thumb Code    74  sys_stackheap_outer.o(.text)
    exit                                     0x08012235   Thumb Code    18  exit.o(.text)
    __user_libspace                          0x08012249   Thumb Code     8  libspace.o(.text)
    __user_perproc_libspace                  0x08012249   Thumb Code     0  libspace.o(.text)
    __user_perthread_libspace                0x08012249   Thumb Code     0  libspace.o(.text)
    _sys_exit                                0x08012251   Thumb Code     8  sys_exit.o(.text)
    __I$use$semihosting                      0x0801225d   Thumb Code     0  use_no_semi.o(.text)
    __use_no_semihosting_swi                 0x0801225d   Thumb Code     2  use_no_semi.o(.text)
    __semihosting_library_function           0x0801225f   Thumb Code     0  indicate_semi.o(.text)
    AHBPrescTable                            0x08012288   Data          16  system_stm32f1xx.o(.constdata)
    APBPrescTable                            0x08012298   Data           8  system_stm32f1xx.o(.constdata)
    Region$$Table$$Base                      0x08012648   Number         0  anon$$obj.o(Region$$Table)
    Region$$Table$$Limit                     0x08012668   Number         0  anon$$obj.o(Region$$Table)
    i2cTaskHandle                            0x20000000   Data           4  freertos.o(.data)
    testTaskHandle                           0x20000004   Data           4  freertos.o(.data)
    uartTaskHandle                           0x20000008   Data           4  freertos.o(.data)
    PWMRegs                                  0x2000000c   Data           6  freertos.o(.data)
    RS485_Address                            0x20000012   Data           1  freertos.o(.data)
    xSemaphore                               0x20000014   Data           4  freertos.o(.data)
    bSemaphoreModbusTask                     0x20000018   Data           4  freertos.o(.data)
    aADCxConvertedValues                     0x2000001c   Data           6  main.o(.data)
    uhADCChannelToDAC_mVolt                  0x20000022   Data           2  main.o(.data)
    uhVrefInt_mVolt                          0x20000024   Data           2  main.o(.data)
    wTemperature_DegreeCelsius               0x20000028   Data           4  main.o(.data)
    ubSequenceCompleted                      0x2000002c   Data           1  main.o(.data)
    SystemCoreClock                          0x20000030   Data           4  system_stm32f1xx.o(.data)
    pxCurrentTCB                             0x20000034   Data           4  tasks.o(.data)
    Jump_To_Application                      0x20000084   Data           4  flash.o(.data)
    Address                                  0x20000088   Data           4  flash.o(.data)
    PAGEError                                0x2000008c   Data           4  flash.o(.data)
    Error                                    0x20000090   Data           4  flash.o(.data)
    TxOK                                     0x20000094   Data           3  usart.o(.data)
    TxERROR                                  0x20000097   Data           6  usart.o(.data)
    UartReady                                0x2000009d   Data           1  usart.o(.data)
    RxBuffer                                 0x2000009e   Data           1  usart.o(.data)
    aTxBuffer                                0x2000009f   Data           8  usart.o(.data)
    numberRx                                 0x200000a8   Data           2  usart.o(.data)
    counterRx                                0x200000aa   Data           2  usart.o(.data)
    timerCounter                             0x200000ac   Data           4  usart.o(.data)
    RS485_ADDR                               0x200000b0   Data           1  usart.o(.data)
    htim4                                    0x200000b4   Data          60  stm32f1xx_hal_timebase_tim.o(.bss)
    htim1                                    0x200000f0   Data          60  tim.o(.bss)
    htim2                                    0x2000012c   Data          60  tim.o(.bss)
    htim8                                    0x20000168   Data          60  tim.o(.bss)
    hadc1                                    0x200001a4   Data          48  adc.o(.bss)
    xQueueRegistry                           0x2000020c   Data          64  queue.o(.bss)
    pFlash                                   0x20000f40   Data          32  stm32f1xx_hal_flash.o(.bss)
    flashBuffer                              0x20000f60   Data        1024  flash.o(.bss)
    aRxBuffer                                0x20001370   Data        1029  usart.o(.bss)
    huart                                    0x20001778   Data          64  usart.o(.bss)
    hdma_rx                                  0x200017b8   Data          56  usart.o(.bss)
    hdma_tx                                  0x200017f0   Data          56  usart.o(.bss)
    __libspace_start                         0x20001828   Data          96  libspace.o(.bss)
    __temporary_stack_top$libspace           0x20001888   Data           0  libspace.o(.bss)



==============================================================================

Memory Map of the image

  Image Entry point : 0x08000131

  Load Region LR_IROM1 (Base: 0x08000000, Size: 0x0001271c, Max: 0x00040000, ABSOLUTE)

    Execution Region ER_IROM1 (Base: 0x08000000, Size: 0x00012668, Max: 0x00040000, ABSOLUTE)

    Base Addr    Size         Type   Attr      Idx    E Section Name        Object

    0x08000000   0x00000130   Data   RO            3    RESET               startup_stm32f103xe.o
    0x08000130   0x00000008   Code   RO         1189  * !!!main             c_w.l(__main.o)
    0x08000138   0x00000034   Code   RO         1346    !!!scatter          c_w.l(__scatter.o)
    0x0800016c   0x0000001a   Code   RO         1348    !!handler_copy      c_w.l(__scatter_copy.o)
    0x08000186   0x00000002   PAD
    0x08000188   0x0000001c   Code   RO         1350    !!handler_zi        c_w.l(__scatter_zi.o)
    0x080001a4   0x00000002   Code   RO         1216    .ARM.Collect$$libinit$$00000000  c_w.l(libinit.o)
    0x080001a6   0x00000000   Code   RO         1223    .ARM.Collect$$libinit$$00000002  c_w.l(libinit2.o)
    0x080001a6   0x00000000   Code   RO         1225    .ARM.Collect$$libinit$$00000004  c_w.l(libinit2.o)
    0x080001a6   0x00000000   Code   RO         1228    .ARM.Collect$$libinit$$0000000A  c_w.l(libinit2.o)
    0x080001a6   0x00000000   Code   RO         1230    .ARM.Collect$$libinit$$0000000C  c_w.l(libinit2.o)
    0x080001a6   0x00000000   Code   RO         1232    .ARM.Collect$$libinit$$0000000E  c_w.l(libinit2.o)
    0x080001a6   0x00000000   Code   RO         1235    .ARM.Collect$$libinit$$00000011  c_w.l(libinit2.o)
    0x080001a6   0x00000000   Code   RO         1237    .ARM.Collect$$libinit$$00000013  c_w.l(libinit2.o)
    0x080001a6   0x00000000   Code   RO         1239    .ARM.Collect$$libinit$$00000015  c_w.l(libinit2.o)
    0x080001a6   0x00000000   Code   RO         1241    .ARM.Collect$$libinit$$00000017  c_w.l(libinit2.o)
    0x080001a6   0x00000000   Code   RO         1243    .ARM.Collect$$libinit$$00000019  c_w.l(libinit2.o)
    0x080001a6   0x00000000   Code   RO         1245    .ARM.Collect$$libinit$$0000001B  c_w.l(libinit2.o)
    0x080001a6   0x00000000   Code   RO         1247    .ARM.Collect$$libinit$$0000001D  c_w.l(libinit2.o)
    0x080001a6   0x00000000   Code   RO         1249    .ARM.Collect$$libinit$$0000001F  c_w.l(libinit2.o)
    0x080001a6   0x00000000   Code   RO         1251    .ARM.Collect$$libinit$$00000021  c_w.l(libinit2.o)
    0x080001a6   0x00000000   Code   RO         1253    .ARM.Collect$$libinit$$00000023  c_w.l(libinit2.o)
    0x080001a6   0x00000000   Code   RO         1255    .ARM.Collect$$libinit$$00000025  c_w.l(libinit2.o)
    0x080001a6   0x00000000   Code   RO         1259    .ARM.Collect$$libinit$$0000002C  c_w.l(libinit2.o)
    0x080001a6   0x00000000   Code   RO         1261    .ARM.Collect$$libinit$$0000002E  c_w.l(libinit2.o)
    0x080001a6   0x00000000   Code   RO         1263    .ARM.Collect$$libinit$$00000030  c_w.l(libinit2.o)
    0x080001a6   0x00000000   Code   RO         1265    .ARM.Collect$$libinit$$00000032  c_w.l(libinit2.o)
    0x080001a6   0x00000002   Code   RO         1266    .ARM.Collect$$libinit$$00000033  c_w.l(libinit2.o)
    0x080001a8   0x00000002   Code   RO         1286    .ARM.Collect$$libshutdown$$00000000  c_w.l(libshutdown.o)
    0x080001aa   0x00000000   Code   RO         1299    .ARM.Collect$$libshutdown$$00000002  c_w.l(libshutdown2.o)
    0x080001aa   0x00000000   Code   RO         1301    .ARM.Collect$$libshutdown$$00000004  c_w.l(libshutdown2.o)
    0x080001aa   0x00000000   Code   RO         1304    .ARM.Collect$$libshutdown$$00000007  c_w.l(libshutdown2.o)
    0x080001aa   0x00000000   Code   RO         1307    .ARM.Collect$$libshutdown$$0000000A  c_w.l(libshutdown2.o)
    0x080001aa   0x00000000   Code   RO         1309    .ARM.Collect$$libshutdown$$0000000C  c_w.l(libshutdown2.o)
    0x080001aa   0x00000000   Code   RO         1312    .ARM.Collect$$libshutdown$$0000000F  c_w.l(libshutdown2.o)
    0x080001aa   0x00000002   Code   RO         1313    .ARM.Collect$$libshutdown$$00000010  c_w.l(libshutdown2.o)
    0x080001ac   0x00000000   Code   RO         1191    .ARM.Collect$$rtentry$$00000000  c_w.l(__rtentry.o)
    0x080001ac   0x00000000   Code   RO         1193    .ARM.Collect$$rtentry$$00000002  c_w.l(__rtentry2.o)
    0x080001ac   0x00000006   Code   RO         1205    .ARM.Collect$$rtentry$$00000004  c_w.l(__rtentry4.o)
    0x080001b2   0x00000000   Code   RO         1195    .ARM.Collect$$rtentry$$00000009  c_w.l(__rtentry2.o)
    0x080001b2   0x00000004   Code   RO         1196    .ARM.Collect$$rtentry$$0000000A  c_w.l(__rtentry2.o)
    0x080001b6   0x00000000   Code   RO         1198    .ARM.Collect$$rtentry$$0000000C  c_w.l(__rtentry2.o)
    0x080001b6   0x00000008   Code   RO         1199    .ARM.Collect$$rtentry$$0000000D  c_w.l(__rtentry2.o)
    0x080001be   0x00000002   Code   RO         1220    .ARM.Collect$$rtexit$$00000000  c_w.l(rtexit.o)
    0x080001c0   0x00000000   Code   RO         1268    .ARM.Collect$$rtexit$$00000002  c_w.l(rtexit2.o)
    0x080001c0   0x00000004   Code   RO         1269    .ARM.Collect$$rtexit$$00000003  c_w.l(rtexit2.o)
    0x080001c4   0x00000006   Code   RO         1270    .ARM.Collect$$rtexit$$00000004  c_w.l(rtexit2.o)
    0x080001ca   0x00000002   PAD
    0x080001cc   0x000000a2   Code   RO          581    .emb_text           port.o
    0x0800026e   0x00000002   PAD
    0x08000270   0x00000040   Code   RO            4    .text               startup_stm32f103xe.o
    0x080002b0   0x00000184   Code   RO           12    .text               freertos.o
    0x08000434   0x00000224   Code   RO          208    .text               gpio.o
    0x08000658   0x0000010c   Code   RO          246    .text               main.o
    0x08000764   0x00000118   Code   RO          290    .text               stm32f1xx_hal_msp.o
    0x0800087c   0x000000ac   Code   RO          314    .text               stm32f1xx_hal_timebase_tim.o
    0x08000928   0x000000a8   Code   RO          342    .text               stm32f1xx_it.o
    0x080009d0   0x0000028c   Code   RO          373    .text               tim.o
    0x08000c5c   0x000001d8   Code   RO          403    .text               adc.o
    0x08000e34   0x000000f4   Code   RO          433    .text               system_stm32f1xx.o
    0x08000f28   0x00000860   Code   RO          463    .text               cmsis_os.o
    0x08001788   0x00000094   Code   RO          526    .text               list.o
    0x0800181c   0x00000854   Code   RO          538    .text               queue.o
    0x08002070   0x0000133c   Code   RO          556    .text               tasks.o
    0x080033ac   0x00000200   Code   RO          582    .text               port.o
    0x080035ac   0x0000009c   Code   RO          599    .text               heap_1.o
    0x08003648   0x00000144   Code   RO          617    .text               stm32f1xx_hal.o
    0x0800378c   0x00001380   Code   RO          643    .text               stm32f1xx_hal_adc.o
    0x08004b0c   0x00000e4c   Code   RO          668    .text               stm32f1xx_hal_adc_ex.o
    0x08005958   0x00000364   Code   RO          693    .text               stm32f1xx_hal_cortex.o
    0x08005cbc   0x0000187c   Code   RO          747    .text               stm32f1xx_hal_dma.o
    0x08007538   0x000004e4   Code   RO          772    .text               stm32f1xx_hal_flash.o
    0x08007a1c   0x00000850   Code   RO          800    .text               stm32f1xx_hal_flash_ex.o
    0x0800826c   0x00000670   Code   RO          826    .text               stm32f1xx_hal_gpio.o
    0x080088dc   0x00000330   Code   RO          894    .text               stm32f1xx_hal_pwr.o
    0x08008c0c   0x00001158   Code   RO          919    .text               stm32f1xx_hal_rcc.o
    0x08009d64   0x000003f8   Code   RO          944    .text               stm32f1xx_hal_rcc_ex.o
    0x0800a15c   0x000051f0   Code   RO         1019    .text               stm32f1xx_hal_tim.o
    0x0800f34c   0x00001598   Code   RO         1044    .text               stm32f1xx_hal_tim_ex.o
    0x080108e4   0x000011fc   Code   RO         1069    .text               stm32f1xx_hal_uart.o
    0x08011ae0   0x00000244   Code   RO         1119    .text               flash.o
    0x08011d24   0x000003ac   Code   RO         1151    .text               usart.o
    0x080120d0   0x00000026   Code   RO         1181    .text               c_w.l(llushr.o)
    0x080120f6   0x0000008a   Code   RO         1183    .text               c_w.l(rt_memcpy_v6.o)
    0x08012180   0x00000064   Code   RO         1185    .text               c_w.l(rt_memcpy_w.o)
    0x080121e4   0x00000006   Code   RO         1187    .text               c_w.l(heapauxi.o)
    0x080121ea   0x0000004a   Code   RO         1207    .text               c_w.l(sys_stackheap_outer.o)
    0x08012234   0x00000012   Code   RO         1209    .text               c_w.l(exit.o)
    0x08012246   0x00000002   PAD
    0x08012248   0x00000008   Code   RO         1217    .text               c_w.l(libspace.o)
    0x08012250   0x0000000c   Code   RO         1278    .text               c_w.l(sys_exit.o)
    0x0801225c   0x00000002   Code   RO         1289    .text               c_w.l(use_no_semi.o)
    0x0801225e   0x00000000   Code   RO         1291    .text               c_w.l(indicate_semi.o)
    0x0801225e   0x00000002   PAD
    0x08012260   0x00000028   Data   RO           13    .constdata          freertos.o
    0x08012288   0x00000018   Data   RO          434    .constdata          system_stm32f1xx.o
    0x080122a0   0x0000001d   Data   RO           14    .conststring        freertos.o
    0x080122bd   0x00000003   PAD
    0x080122c0   0x00000042   Data   RO          644    .conststring        stm32f1xx_hal_adc.o
    0x08012302   0x00000002   PAD
    0x08012304   0x00000045   Data   RO          669    .conststring        stm32f1xx_hal_adc_ex.o
    0x08012349   0x00000003   PAD
    0x0801234c   0x00000045   Data   RO          694    .conststring        stm32f1xx_hal_cortex.o
    0x08012391   0x00000003   PAD
    0x08012394   0x00000042   Data   RO          748    .conststring        stm32f1xx_hal_dma.o
    0x080123d6   0x00000002   PAD
    0x080123d8   0x00000044   Data   RO          774    .conststring        stm32f1xx_hal_flash.o
    0x0801241c   0x00000047   Data   RO          801    .conststring        stm32f1xx_hal_flash_ex.o
    0x08012463   0x00000001   PAD
    0x08012464   0x00000043   Data   RO          827    .conststring        stm32f1xx_hal_gpio.o
    0x080124a7   0x00000001   PAD
    0x080124a8   0x00000042   Data   RO          895    .conststring        stm32f1xx_hal_pwr.o
    0x080124ea   0x00000002   PAD
    0x080124ec   0x00000042   Data   RO          920    .conststring        stm32f1xx_hal_rcc.o
    0x0801252e   0x00000002   PAD
    0x08012530   0x00000045   Data   RO          945    .conststring        stm32f1xx_hal_rcc_ex.o
    0x08012575   0x00000003   PAD
    0x08012578   0x00000042   Data   RO         1020    .conststring        stm32f1xx_hal_tim.o
    0x080125ba   0x00000002   PAD
    0x080125bc   0x00000045   Data   RO         1045    .conststring        stm32f1xx_hal_tim_ex.o
    0x08012601   0x00000003   PAD
    0x08012604   0x00000043   Data   RO         1070    .conststring        stm32f1xx_hal_uart.o
    0x08012647   0x00000001   PAD
    0x08012648   0x00000020   Data   RO         1344    Region$$Table       anon$$obj.o


    Execution Region RW_IRAM1 (Base: 0x20000000, Size: 0x00001e88, Max: 0x0000c000, ABSOLUTE)

    Base Addr    Size         Type   Attr      Idx    E Section Name        Object

    0x20000000   0x0000001c   Data   RW           15    .data               freertos.o
    0x2000001c   0x00000011   Data   RW          247    .data               main.o
    0x2000002d   0x00000003   PAD
    0x20000030   0x00000004   Data   RW          435    .data               system_stm32f1xx.o
    0x20000034   0x00000038   Data   RW          558    .data               tasks.o
    0x2000006c   0x0000000c   Data   RW          583    .data               port.o
    0x20000078   0x00000008   Data   RW          601    .data               heap_1.o
    0x20000080   0x00000004   Data   RW          618    .data               stm32f1xx_hal.o
    0x20000084   0x00000010   Data   RW         1121    .data               flash.o
    0x20000094   0x0000001d   Data   RW         1153    .data               usart.o
    0x200000b1   0x00000003   PAD
    0x200000b4   0x0000003c   Zero   RW          315    .bss                stm32f1xx_hal_timebase_tim.o
    0x200000f0   0x000000b4   Zero   RW          374    .bss                tim.o
    0x200001a4   0x00000068   Zero   RW          404    .bss                adc.o
    0x2000020c   0x00000040   Zero   RW          539    .bss                queue.o
    0x2000024c   0x000000f0   Zero   RW          557    .bss                tasks.o
    0x2000033c   0x00000c00   Zero   RW          600    .bss                heap_1.o
    0x20000f3c   0x00000004   PAD
    0x20000f40   0x00000020   Zero   RW          773    .bss                stm32f1xx_hal_flash.o
    0x20000f60   0x00000410   Zero   RW         1120    .bss                flash.o
    0x20001370   0x000004b8   Zero   RW         1152    .bss                usart.o
    0x20001828   0x00000060   Zero   RW         1218    .bss                c_w.l(libspace.o)
    0x20001888   0x00000200   Zero   RW            2    HEAP                startup_stm32f103xe.o
    0x20001a88   0x00000400   Zero   RW            1    STACK               startup_stm32f103xe.o


==============================================================================

Image component sizes


      Code (inc. data)   RO Data    RW Data    ZI Data      Debug   Object Name

       472         24          0          0        104       1761   adc.o
      2144         10          0          0          0      20342   cmsis_os.o
         0          0          0          0          0       1472   event_groups.o
       580         54          0         16       1040       5954   flash.o
       388         48         69         28          0     563149   freertos.o
       548         26          0          0          0       1972   gpio.o
       156         14          0          8       3072       2124   heap_1.o
       148          0          0          0          0       1994   list.o
       268         46          0         17          0       3045   main.o
       674         40          0         12          0       5318   port.o
      2132          4          0          0         64      10463   queue.o
        64         26        304          0       1536        820   startup_stm32f103xe.o
       324         24          0          4          0       3991   stm32f1xx_hal.o
      4992        146         66          0          0      10350   stm32f1xx_hal_adc.o
      3660        104         69          0          0       7310   stm32f1xx_hal_adc_ex.o
       868         24         69          0          0      27622   stm32f1xx_hal_cortex.o
      6268         70         66          0          0       7084   stm32f1xx_hal_dma.o
      1252         44         68          0         32       4241   stm32f1xx_hal_flash.o
      2128         54         71          0          0       5710   stm32f1xx_hal_flash_ex.o
      1648        110         67          0          0       4635   stm32f1xx_hal_gpio.o
       280         10          0          0          0       1209   stm32f1xx_hal_msp.o
       816         32         66          0          0       4615   stm32f1xx_hal_pwr.o
      4440        132         66          0          0       5979   stm32f1xx_hal_rcc.o
      1016         44         69          0          0       2408   stm32f1xx_hal_rcc_ex.o
     20976        628         66          0          0      38818   stm32f1xx_hal_tim.o
      5528        150         69          0          0      13152   stm32f1xx_hal_tim_ex.o
       172         18          0          0         60       1771   stm32f1xx_hal_timebase_tim.o
      4604         98         67          0          0      12787   stm32f1xx_hal_uart.o
       168         22          0          0          0       2540   stm32f1xx_it.o
       244         32         24          4          0       1801   system_stm32f1xx.o
      4924        266          0         56        240      19168   tasks.o
       652         38          0          0        180       2377   tim.o
       940         68          0         29       1208       5150   usart.o

    ----------------------------------------------------------------------
     73476       2406       1336        180       7540     801132   Object Totals
         0          0         32          0          0          0   (incl. Generated)
         2          0         28          6          4          0   (incl. Padding)

    ----------------------------------------------------------------------

      Code (inc. data)   RO Data    RW Data    ZI Data      Debug   Library Member Name

         8          0          0          0          0         68   __main.o
         0          0          0          0          0          0   __rtentry.o
        12          0          0          0          0          0   __rtentry2.o
         6          0          0          0          0          0   __rtentry4.o
        52          8          0          0          0          0   __scatter.o
        26          0          0          0          0          0   __scatter_copy.o
        28          0          0          0          0          0   __scatter_zi.o
        18          0          0          0          0         80   exit.o
         6          0          0          0          0        152   heapauxi.o
         0          0          0          0          0          0   indicate_semi.o
         2          0          0          0          0          0   libinit.o
         2          0          0          0          0          0   libinit2.o
         2          0          0          0          0          0   libshutdown.o
         2          0          0          0          0          0   libshutdown2.o
         8          4          0          0         96         68   libspace.o
        38          0          0          0          0         68   llushr.o
       138          0          0          0          0         68   rt_memcpy_v6.o
       100          0          0          0          0         80   rt_memcpy_w.o
         2          0          0          0          0          0   rtexit.o
        10          0          0          0          0          0   rtexit2.o
        12          4          0          0          0         68   sys_exit.o
        74          0          0          0          0         80   sys_stackheap_outer.o
         2          0          0          0          0         68   use_no_semi.o

    ----------------------------------------------------------------------
       556         16          0          0         96        800   Library Totals
         8          0          0          0          0          0   (incl. Padding)

    ----------------------------------------------------------------------

      Code (inc. data)   RO Data    RW Data    ZI Data      Debug   Library Name

       548         16          0          0         96        800   c_w.l

    ----------------------------------------------------------------------
       556         16          0          0         96        800   Library Totals

    ----------------------------------------------------------------------

==============================================================================


      Code (inc. data)   RO Data    RW Data    ZI Data      Debug   

     74032       2422       1336        180       7636     798288   Grand Totals
     74032       2422       1336        180       7636     798288   ELF Image Totals
     74032       2422       1336        180          0          0   ROM Totals

==============================================================================

    Total RO  Size (Code + RO Data)                75368 (  73.60kB)
    Total RW  Size (RW Data + ZI Data)              7816 (   7.63kB)
    Total ROM Size (Code + RO Data + RW Data)      75548 (  73.78kB)

==============================================================================

