Component: ARM Compiler 5.06 update 3 (build 300) Tool: armlink [4d35c9]

==============================================================================

Section Cross References

    startup_stm32f103xe.o(STACK) refers (Special) to heapauxi.o(.text) for __use_two_region_memory
    startup_stm32f103xe.o(HEAP) refers (Special) to heapauxi.o(.text) for __use_two_region_memory
    startup_stm32f103xe.o(RESET) refers (Special) to heapauxi.o(.text) for __use_two_region_memory
    startup_stm32f103xe.o(RESET) refers to startup_stm32f103xe.o(STACK) for __initial_sp
    startup_stm32f103xe.o(RESET) refers to startup_stm32f103xe.o(.text) for Reset_Handler
    startup_stm32f103xe.o(RESET) refers to stm32f1xx_it.o(.text) for NMI_Handler
    startup_stm32f103xe.o(RESET) refers to port.o(.emb_text) for SVC_Handler
    startup_stm32f103xe.o(.text) refers (Special) to heapauxi.o(.text) for __use_two_region_memory
    startup_stm32f103xe.o(.text) refers to system_stm32f1xx.o(.text) for SystemInit
    startup_stm32f103xe.o(.text) refers to __main.o(!!!main) for __main
    startup_stm32f103xe.o(.text) refers to startup_stm32f103xe.o(HEAP) for Heap_Mem
    startup_stm32f103xe.o(.text) refers to startup_stm32f103xe.o(STACK) for Stack_Mem
    freertos.o(.text) refers to vma.o(.text) for DRIVER_Stop
    freertos.o(.text) refers to stm32f1xx_hal_gpio.o(.text) for HAL_GPIO_WritePin
    freertos.o(.text) refers to cmsis_os.o(.text) for osDelay
    freertos.o(.text) refers to usart.o(.text) for check_request
    freertos.o(.text) refers to port.o(.text) for vPortEnterCritical
    freertos.o(.text) refers to flash.o(.text) for goToBootloader
    freertos.o(.text) refers to tasks.o(.text) for xTaskGetTickCount
    freertos.o(.text) refers to timers.o(.text) for xTimerGenericCommand
    freertos.o(.text) refers to queue.o(.text) for xQueueGenericCreate
    freertos.o(.text) refers to rt_memcpy_w.o(.text) for __aeabi_memcpy4
    freertos.o(.text) refers to filter_sred.o(.text) for filter_sred
    freertos.o(.text) refers to gpio.o(.text) for dbg_toggle
    freertos.o(.text) refers to stm32f1xx_hal_adc_ex.o(.text) for HAL_ADCEx_Calibration_Start
    freertos.o(.text) refers to main.o(.text) for Error_Handler
    freertos.o(.text) refers to stm32f1xx_hal_adc.o(.text) for HAL_ADC_Start_DMA
    freertos.o(.text) refers to main.o(.bss) for Vma
    freertos.o(.text) refers to freertos.o(.data) for xHigherPriorityTaskWoken
    freertos.o(.text) refers to usart.o(.data) for UartReady
    freertos.o(.text) refers to main.o(.data) for adc_add
    freertos.o(.text) refers to freertos.o(.constdata) for .constdata
    freertos.o(.text) refers to adc.o(.data) for AcpReady
    freertos.o(.text) refers to adc.o(.bss) for hadc1
    freertos.o(.constdata) refers to freertos.o(.conststring) for .conststring
    freertos.o(.constdata) refers to freertos.o(.text) for testTask
    gpio.o(.text) refers to stm32f1xx_hal_gpio.o(.text) for HAL_GPIO_Init
    gpio.o(.text) refers to vma.o(.text) for DRIVER_PwmDisable
    gpio.o(.text) refers to tasks.o(.text) for xTaskGetTickCountFromISR
    gpio.o(.text) refers to timers.o(.text) for xTimerGenericCommand
    gpio.o(.text) refers to gpio.o(.data) for xHigherPriorityTaskWoken
    gpio.o(.text) refers to main.o(.bss) for Vma
    gpio.o(.text) refers to freertos.o(.data) for VMATimer
    main.o(.text) refers to stm32f1xx_hal.o(.text) for HAL_Init
    main.o(.text) refers to stm32f1xx_hal_msp.o(.text) for SystemClock_Config
    main.o(.text) refers to freertos.o(.text) for MX_FREERTOS_Init
    main.o(.text) refers to gpio.o(.text) for MX_GPIO_Init
    main.o(.text) refers to flash.o(.text) for bkp_enable
    main.o(.text) refers to usart.o(.text) for MX_USART_UART_Init
    main.o(.text) refers to adc.o(.text) for MX_ADC1_Init
    main.o(.text) refers to vma.o(.text) for DRIVER_Init
    main.o(.text) refers to dac.o(.text) for DAC_Init
    main.o(.text) refers to stm32f1xx_hal_dac.o(.text) for HAL_DAC_SetValue
    main.o(.text) refers to cmsis_os.o(.text) for osKernelStart
    main.o(.text) refers to filter_sred.o(.text) for filter_sred
    main.o(.text) refers to usart.o(.data) for RS485_ADDR
    main.o(.text) refers to usart.o(.bss) for huart
    main.o(.text) refers to main.o(.bss) for F
    main.o(.text) refers to adc.o(.bss) for hadc1
    main.o(.text) refers to dac.o(.bss) for DacHandle
    main.o(.text) refers to freertos.o(.data) for testTIM2ARR
    main.o(.text) refers to main.o(.data) for ubSequenceCompleted
    main.o(.text) refers to adc.o(.data) for AcpReady
    stm32f1xx_hal_msp.o(.text) refers to stm32f1xx_hal_cortex.o(.text) for HAL_NVIC_SetPriorityGrouping
    stm32f1xx_hal_msp.o(.text) refers to stm32f1xx_hal_rcc.o(.text) for HAL_RCC_OscConfig
    stm32f1xx_hal_msp.o(.text) refers to main.o(.text) for Error_Handler
    stm32f1xx_hal_msp.o(.text) refers to stm32f1xx_hal_rcc_ex.o(.text) for HAL_RCCEx_PeriphCLKConfig
[...]
    _signal_init                              - Undefined Weak Reference
    _terminate_alloc                          - Undefined Weak Reference
    _terminate_user_alloc                     - Undefined Weak Reference
    _terminateio                              - Undefined Weak Reference
    __Vectors_Size                           0x00000130   Number         0  startup_stm32f103xe.o ABSOLUTE
    __Vectors                                0x08006400   Data           4  startup_stm32f103xe.o(RESET)
    __Vectors_End                            0x08006530   Data           0  startup_stm32f103xe.o(RESET)
    __main                                   0x08006531   Thumb Code     8  __main.o(!!!main)
    __scatterload                            0x08006539   Thumb Code     0  __scatter.o(!!!scatter)
    __scatterload_rt2                        0x08006539   Thumb Code    44  __scatter.o(!!!scatter)
    __scatterload_rt2_thumb_only             0x08006539   Thumb Code     0  __scatter.o(!!!scatter)
    __scatterload_null                       0x08006547   Thumb Code     0  __scatter.o(!!!scatter)
    __scatterload_copy                       0x0800656d   Thumb Code    26  __scatter_copy.o(!!handler_copy)
    __scatterload_zeroinit                   0x08006589   Thumb Code    28  __scatter_zi.o(!!handler_zi)
    __rt_lib_init                            0x080065a5   Thumb Code     0  libinit.o(.ARM.Collect$$libinit$$00000000)
    __rt_lib_init_alloca_1                   0x080065a7   Thumb Code     0  libinit2.o(.ARM.Collect$$libinit$$0000002E)
    __rt_lib_init_argv_1                     0x080065a7   Thumb Code     0  libinit2.o(.ARM.Collect$$libinit$$0000002C)
    __rt_lib_init_atexit_1                   0x080065a7   Thumb Code     0  libinit2.o(.ARM.Collect$$libinit$$0000001B)
    __rt_lib_init_clock_1                    0x080065a7   Thumb Code     0  libinit2.o(.ARM.Collect$$libinit$$00000021)
    __rt_lib_init_cpp_1                      0x080065a7   Thumb Code     0  libinit2.o(.ARM.Collect$$libinit$$00000032)
    __rt_lib_init_exceptions_1               0x080065a7   Thumb Code     0  libinit2.o(.ARM.Collect$$libinit$$00000030)
    __rt_lib_init_fp_1                       0x080065a7   Thumb Code     0  libinit2.o(.ARM.Collect$$libinit$$00000002)
    __rt_lib_init_fp_trap_1                  0x080065a7   Thumb Code     0  libinit2.o(.ARM.Collect$$libinit$$0000001F)
    __rt_lib_init_getenv_1                   0x080065a7   Thumb Code     0  libinit2.o(.ARM.Collect$$libinit$$00000023)
    __rt_lib_init_heap_1                     0x080065a7   Thumb Code     0  libinit2.o(.ARM.Collect$$libinit$$0000000A)
    __rt_lib_init_lc_collate_1               0x080065a7   Thumb Code     0  libinit2.o(.ARM.Collect$$libinit$$00000011)
    __rt_lib_init_lc_ctype_1                 0x080065a7   Thumb Code     0  libinit2.o(.ARM.Collect$$libinit$$00000013)
    __rt_lib_init_lc_monetary_1              0x080065a7   Thumb Code     0  libinit2.o(.ARM.Collect$$libinit$$00000015)
    __rt_lib_init_lc_numeric_1               0x080065a7   Thumb Code     0  libinit2.o(.ARM.Collect$$libinit$$00000017)
    __rt_lib_init_lc_time_1                  0x080065a7   Thumb Code     0  libinit2.o(.ARM.Collect$$libinit$$00000019)
    __rt_lib_init_preinit_1                  0x080065a7   Thumb Code     0  libinit2.o(.ARM.Collect$$libinit$$00000004)
    __rt_lib_init_rand_1                     0x080065a7   Thumb Code     0  libinit2.o(.ARM.Collect$$libinit$$0000000E)
    __rt_lib_init_return                     0x080065a7   Thumb Code     0  libinit2.o(.ARM.Collect$$libinit$$00000033)
    __rt_lib_init_signal_1                   0x080065a7   Thumb Code     0  libinit2.o(.ARM.Collect$$libinit$$0000001D)
    __rt_lib_init_stdio_1                    0x080065a7   Thumb Code     0  libinit2.o(.ARM.Collect$$libinit$$00000025)
    __rt_lib_init_user_alloc_1               0x080065a7   Thumb Code     0  libinit2.o(.ARM.Collect$$libinit$$0000000C)
    __rt_lib_shutdown                        0x080065a9   Thumb Code     0  libshutdown.o(.ARM.Collect$$libshutdown$$00000000)
    __rt_lib_shutdown_cpp_1                  0x080065ab   Thumb Code     0  libshutdown2.o(.ARM.Collect$$libshutdown$$00000002)
    __rt_lib_shutdown_fp_trap_1              0x080065ab   Thumb Code     0  libshutdown2.o(.ARM.Collect$$libshutdown$$00000007)
    __rt_lib_shutdown_heap_1                 0x080065ab   Thumb Code     0  libshutdown2.o(.ARM.Collect$$libshutdown$$0000000F)
    __rt_lib_shutdown_return                 0x080065ab   Thumb Code     0  libshutdown2.o(.ARM.Collect$$libshutdown$$00000010)
    __rt_lib_shutdown_signal_1               0x080065ab   Thumb Code     0  libshutdown2.o(.ARM.Collect$$libshutdown$$0000000A)
    __rt_lib_shutdown_stdio_1                0x080065ab   Thumb Code     0  libshutdown2.o(.ARM.Collect$$libshutdown$$00000004)
    __rt_lib_shutdown_user_alloc_1           0x080065ab   Thumb Code     0  libshutdown2.o(.ARM.Collect$$libshutdown$$0000000C)
    __rt_entry                               0x080065ad   Thumb Code     0  __rtentry.o(.ARM.Collect$$rtentry$$00000000)
    __rt_entry_presh_1                       0x080065ad   Thumb Code     0  __rtentry2.o(.ARM.Collect$$rtentry$$00000002)
    __rt_entry_sh                            0x080065ad   Thumb Code     0  __rtentry4.o(.ARM.Collect$$rtentry$$00000004)
    __rt_entry_li                            0x080065b3   Thumb Code     0  __rtentry2.o(.ARM.Collect$$rtentry$$0000000A)
    __rt_entry_postsh_1                      0x080065b3   Thumb Code     0  __rtentry2.o(.ARM.Collect$$rtentry$$00000009)
    __rt_entry_main                          0x080065b7   Thumb Code     0  __rtentry2.o(.ARM.Collect$$rtentry$$0000000D)
    __rt_entry_postli_1                      0x080065b7   Thumb Code     0  __rtentry2.o(.ARM.Collect$$rtentry$$0000000C)
    __rt_exit                                0x080065bf   Thumb Code     0  rtexit.o(.ARM.Collect$$rtexit$$00000000)
    __rt_exit_ls                             0x080065c1   Thumb Code     0  rtexit2.o(.ARM.Collect$$rtexit$$00000003)
    __rt_exit_prels_1                        0x080065c1   Thumb Code     0  rtexit2.o(.ARM.Collect$$rtexit$$00000002)
    __rt_exit_exit                           0x080065c5   Thumb Code     0  rtexit2.o(.ARM.Collect$$rtexit$$00000004)
    SVC_Handler                              0x080065cd   Thumb Code    32  port.o(.emb_text)
    __asm___6_port_c_39a90d8d__prvStartFirstTask 0x080065f1   Thumb Code    28  port.o(.emb_text)
    PendSV_Handler                           0x08006611   Thumb Code    64  port.o(.emb_text)
    ulPortSetInterruptMask                   0x08006655   Thumb Code    14  port.o(.emb_text)
    vPortClearInterruptMask                  0x08006663   Thumb Code     6  port.o(.emb_text)
    vPortGetIPSR                             0x08006669   Thumb Code     6  port.o(.emb_text)
    Reset_Handler                            0x08006671   Thumb Code     8  startup_stm32f103xe.o(.text)
    ADC3_IRQHandler                          0x0800668b   Thumb Code     0  startup_stm32f103xe.o(.text)
    CAN1_RX1_IRQHandler                      0x0800668b   Thumb Code     0  startup_stm32f103xe.o(.text)
    CAN1_SCE_IRQHandler                      0x0800668b   Thumb Code     0  startup_stm32f103xe.o(.text)
    DMA1_Channel2_IRQHandler                 0x0800668b   Thumb Code     0  startup_stm32f103xe.o(.text)
    DMA1_Channel3_IRQHandler                 0x0800668b   Thumb Code     0  startup_stm32f103xe.o(.text)
    DMA1_Channel4_IRQHandler                 0x0800668b   Thumb Code     0  startup_stm32f103xe.o(.text)
    DMA1_Channel5_IRQHandler                 0x0800668b   Thumb Code     0  startup_stm32f103xe.o(.text)
    DMA2_Channel1_IRQHandler                 0x0800668b   Thumb Code     0  startup_stm32f103xe.o(.text)
    DMA2_Channel2_IRQHandler                 0x0800668b   Thumb Code     0  startup_stm32f103xe.o(.text)
    DMA2_Channel3_IRQHandler                 0x0800668b   Thumb Code     0  startup_stm32f103xe.o(.text)
    DMA2_Channel4_5_IRQHandler               0x0800668b   Thumb Code     0  startup_stm32f103xe.o(.text)
    EXTI0_IRQHandler                         0x0800668b   Thumb Code     0  startup_stm32f103xe.o(.text)
    EXTI15_10_IRQHandler                     0x0800668b   Thumb Code     0  startup_stm32f103xe.o(.text)
    EXTI1_IRQHandler                         0x0800668b   Thumb Code     0  startup_stm32f103xe.o(.text)
    EXTI2_IRQHandler                         0x0800668b   Thumb Code     0  startup_stm32f103xe.o(.text)
    EXTI3_IRQHandler                         0x0800668b   Thumb Code     0  startup_stm32f103xe.o(.text)
    FLASH_IRQHandler                         0x0800668b   Thumb Code     0  startup_stm32f103xe.o(.text)
    FSMC_IRQHandler                          0x0800668b   Thumb Code     0  startup_stm32f103xe.o(.text)
    I2C1_ER_IRQHandler                       0x0800668b   Thumb Code     0  startup_stm32f103xe.o(.text)
    I2C1_EV_IRQHandler                       0x0800668b   Thumb Code     0  startup_stm32f103xe.o(.text)
    I2C2_ER_IRQHandler                       0x0800668b   Thumb Code     0  startup_stm32f103xe.o(.text)
    I2C2_EV_IRQHandler                       0x0800668b   Thumb Code     0  startup_stm32f103xe.o(.text)
    PVD_IRQHandler                           0x0800668b   Thumb Code     0  startup_stm32f103xe.o(.text)
    RCC_IRQHandler                           0x0800668b   Thumb Code     0  startup_stm32f103xe.o(.text)
    RTC_Alarm_IRQHandler                     0x0800668b   Thumb Code     0  startup_stm32f103xe.o(.text)
    RTC_IRQHandler                           0x0800668b   Thumb Code     0  startup_stm32f103xe.o(.text)
    SDIO_IRQHandler                          0x0800668b   Thumb Code     0  startup_stm32f103xe.o(.text)
    SPI1_IRQHandler                          0x0800668b   Thumb Code     0  startup_stm32f103xe.o(.text)
    SPI2_IRQHandler                          0x0800668b   Thumb Code     0  startup_stm32f103xe.o(.text)
    SPI3_IRQHandler                          0x0800668b   Thumb Code     0  startup_stm32f103xe.o(.text)
    TAMPER_IRQHandler                        0x0800668b   Thumb Code     0  startup_stm32f103xe.o(.text)
    TIM1_BRK_IRQHandler                      0x0800668b   Thumb Code     0  startup_stm32f103xe.o(.text)
    TIM1_TRG_COM_IRQHandler                  0x0800668b   Thumb Code     0  startup_stm32f103xe.o(.text)
    TIM3_IRQHandler                          0x0800668b   Thumb Code     0  startup_stm32f103xe.o(.text)
    TIM5_IRQHandler                          0x0800668b   Thumb Code     0  startup_stm32f103xe.o(.text)
    TIM6_IRQHandler                          0x0800668b   Thumb Code     0  startup_stm32f103xe.o(.text)
    TIM7_IRQHandler                          0x0800668b   Thumb Code     0  startup_stm32f103xe.o(.text)
    TIM8_BRK_IRQHandler                      0x0800668b   Thumb Code     0  startup_stm32f103xe.o(.text)
    TIM8_TRG_COM_IRQHandler                  0x0800668b   Thumb Code     0  startup_stm32f103xe.o(.text)
    UART4_IRQHandler                         0x0800668b   Thumb Code     0  startup_stm32f103xe.o(.text)
    UART5_IRQHandler                         0x0800668b   Thumb Code     0  startup_stm32f103xe.o(.text)
    USART1_IRQHandler                        0x0800668b   Thumb Code     0  startup_stm32f103xe.o(.text)
    USART3_IRQHandler                        0x0800668b   Thumb Code     0  startup_stm32f103xe.o(.text)
    USBWakeUp_IRQHandler                     0x0800668b   Thumb Code     0  startup_stm32f103xe.o(.text)
    USB_HP_CAN1_TX_IRQHandler                0x0800668b   Thumb Code     0  startup_stm32f103xe.o(.text)
    USB_LP_CAN1_RX0_IRQHandler               0x0800668b   Thumb Code     0  startup_stm32f103xe.o(.text)
    WWDG_IRQHandler                          0x0800668b   Thumb Code     0  startup_stm32f103xe.o(.text)
    __user_initial_stackheap                 0x0800668d   Thumb Code     0  startup_stm32f103xe.o(.text)
    UARTTimeoutCallback                      0x080066b1   Thumb Code    18  freertos.o(.text)
    ESCReset                                 0x080066c3   Thumb Code    34  freertos.o(.text)
    ESCTask                                  0x080066e5   Thumb Code    12  freertos.o(.text)
    uartTimerCallback                        0x080066f1   Thumb Code   210  freertos.o(.text)
    MX_FREERTOS_Init                         0x080067c3   Thumb Code   198  freertos.o(.text)
    acpTask                                  0x08006889   Thumb Code   170  freertos.o(.text)
    testTask                                 0x08006933   Thumb Code    80  freertos.o(.text)
    MX_GPIO_Init                             0x08006a29   Thumb Code   436  gpio.o(.text)
    dbg_toggle                               0x08006bdd   Thumb Code    12  gpio.o(.text)
    dbg_on                                   0x08006be9   Thumb Code    14  gpio.o(.text)
    dbg_off                                  0x08006bf7   Thumb Code    14  gpio.o(.text)
    rst_on                                   0x08006c05   Thumb Code    14  gpio.o(.text)
    rst_off                                  0x08006c13   Thumb Code    16  gpio.o(.text)
    MX_GPIO_Init_Address                     0x08006c23   Thumb Code    68  gpio.o(.text)
    HAL_GPIO_EXTI_Callback                   0x08006c67   Thumb Code    70  gpio.o(.text)
    Error_Handler                            0x08006cd9   Thumb Code     4  main.o(.text)
    main                                     0x08006cdd   Thumb Code   144  main.o(.text)
    HAL_TIM_PeriodElapsedCallback            0x08006d6d   Thumb Code    42  main.o(.text)
    HAL_ADC_ConvCpltCallback                 0x08006d97   Thumb Code   200  main.o(.text)
    tim_pwm_callback_add                     0x08006e5f   Thumb Code    30  main.o(.text)
    tim_pwm_callback_vma                     0x08006e7d   Thumb Code    30  main.o(.text)
    HAL_TIM_PWM_PulseFinishedCallback        0x08006e9b   Thumb Code   170  main.o(.text)
    HAL_ADC_ConvHalfCpltCallback             0x08006f45   Thumb Code     2  main.o(.text)
    HAL_ADC_ErrorCallback                    0x08006f47   Thumb Code     4  main.o(.text)
    HAL_MspInit                              0x08006fa5   Thumb Code   126  stm32f1xx_hal_msp.o(.text)
    SystemClock_Config                       0x08007023   Thumb Code   144  stm32f1xx_hal_msp.o(.text)
    HAL_InitTick                             0x080070bd   Thumb Code   118  stm32f1xx_hal_timebase_tim.o(.text)
    HAL_SuspendTick                          0x08007133   Thumb Code    18  stm32f1xx_hal_timebase_tim.o(.text)
    HAL_ResumeTick                           0x08007145   Thumb Code    18  stm32f1xx_hal_timebase_tim.o(.text)
    NMI_Handler                              0x08007169   Thumb Code     2  stm32f1xx_it.o(.text)
    HardFault_Handler                        0x0800716b   Thumb Code     4  stm32f1xx_it.o(.text)
    MemManage_Handler                        0x0800716f   Thumb Code     4  stm32f1xx_it.o(.text)
    BusFault_Handler                         0x08007173   Thumb Code     4  stm32f1xx_it.o(.text)
    UsageFault_Handler                       0x08007177   Thumb Code     4  stm32f1xx_it.o(.text)
    DebugMon_Handler                         0x0800717b   Thumb Code     2  stm32f1xx_it.o(.text)
    SysTick_Handler                          0x0800717d   Thumb Code     8  stm32f1xx_it.o(.text)
    EXTI4_IRQHandler                         0x08007185   Thumb Code    10  stm32f1xx_it.o(.text)
    EXTI9_5_IRQHandler                       0x0800718f   Thumb Code    12  stm32f1xx_it.o(.text)
    TIM4_IRQHandler                          0x0800719b   Thumb Code    10  stm32f1xx_it.o(.text)
    DMA1_Channel1_IRQHandler                 0x080071a5   Thumb Code    12  stm32f1xx_it.o(.text)
    ADC1_2_IRQHandler                        0x080071b1   Thumb Code    10  stm32f1xx_it.o(.text)
    USART2_IRQHandler                        0x080071bb   Thumb Code    10  stm32f1xx_it.o(.text)
    DMA1_Channel6_IRQHandler                 0x080071c5   Thumb Code    12  stm32f1xx_it.o(.text)
    DMA1_Channel7_IRQHandler                 0x080071d1   Thumb Code    12  stm32f1xx_it.o(.text)
    TIM2_IRQHandler                          0x080071dd   Thumb Code    10  stm32f1xx_it.o(.text)
    TIM8_UP_IRQHandler                       0x080071e7   Thumb Code    10  stm32f1xx_it.o(.text)
    TIM8_CC_IRQHandler                       0x080071f1   Thumb Code    10  stm32f1xx_it.o(.text)
    TIM1_UP_IRQHandler                       0x080071fb   Thumb Code    10  stm32f1xx_it.o(.text)
    TIM1_CC_IRQHandler                       0x08007205   Thumb Code    10  stm32f1xx_it.o(.text)
    MX_TIM2_Init                             0x08007229   Thumb Code    42  tim.o(.text)
    MX_TIM8_Init                             0x08007253   Thumb Code   144  tim.o(.text)
    MX_TIM1_Init                             0x080072e3   Thumb Code    80  tim.o(.text)
    HAL_TIM_PWM_MspInit                      0x08007333   Thumb Code   466  tim.o(.text)
    MX_ADC1_Init                             0x08007529   Thumb Code   166  adc.o(.text)
    HAL_ADC_MspInit                          0x080075cf   Thumb Code   336  adc.o(.text)
    HAL_ADC_MspDeInit                        0x0800771f   Thumb Code    76  adc.o(.text)
    filter_sred                              0x08007785   Thumb Code   174  filter_sred.o(.text)
    DRIVER_Init                              0x08007835   Thumb Code    72  vma.o(.text)
    DRIVER_Start                             0x0800787d   Thumb Code    60  vma.o(.text)
    DRIVER_SetVelocity                       0x080078b9   Thumb Code    40  vma.o(.text)
    DRIVER_Stop                              0x080078e1   Thumb Code    14  vma.o(.text)
    VMA_HallSensorShift                      0x080078ef   Thumb Code    96  vma.o(.text)
    DRIVER_SetPwmNull                        0x0800794f   Thumb Code    18  vma.o(.text)
    DRIVER_SetPwm                            0x08007961   Thumb Code   354  vma.o(.text)
    VMA_GPIO_EN                              0x08007ac3   Thumb Code    16  vma.o(.text)
    VMA_GPIO_DIR                             0x08007ad3   Thumb Code    24  vma.o(.text)
    DRIVER_SetPwmLow                         0x08007aeb   Thumb Code    52  vma.o(.text)
    DRIVER_PwmEnable                         0x08007b1f   Thumb Code     6  vma.o(.text)
    DRIVER_PwmDisable                        0x08007b25   Thumb Code    22  vma.o(.text)
    DAC_Init                                 0x08007b61   Thumb Code    32  dac.o(.text)
    HAL_DAC_MspInit                          0x08007b81   Thumb Code    84  dac.o(.text)
    SystemInit                               0x08007be9   Thumb Code    70  system_stm32f1xx.o(.text)
    SystemCoreClockUpdate                    0x08007c2f   Thumb Code   142  system_stm32f1xx.o(.text)
    osKernelStart                            0x08007d11   Thumb Code    10  cmsis_os.o(.text)
    osKernelRunning                          0x08007d1b   Thumb Code    18  cmsis_os.o(.text)
    osKernelSysTick                          0x08007d2d   Thumb Code    20  cmsis_os.o(.text)
    osThreadCreate                           0x08007d41   Thumb Code    58  cmsis_os.o(.text)
    osThreadGetId                            0x08007d7b   Thumb Code     8  cmsis_os.o(.text)
    osThreadTerminate                        0x08007d83   Thumb Code    14  cmsis_os.o(.text)
    osThreadYield                            0x08007d91   Thumb Code    10  cmsis_os.o(.text)
    osThreadSetPriority                      0x08007d9b   Thumb Code    26  cmsis_os.o(.text)
    osThreadGetPriority                      0x08007db5   Thumb Code    38  cmsis_os.o(.text)
    osDelay                                  0x08007ddb   Thumb Code    24  cmsis_os.o(.text)
    osTimerCreate                            0x08007df3   Thumb Code    36  cmsis_os.o(.text)
    osTimerStart                             0x08007e17   Thumb Code    92  cmsis_os.o(.text)
    osTimerStop                              0x08007e73   Thumb Code    80  cmsis_os.o(.text)
    osTimerDelete                            0x08007ec3   Thumb Code    44  cmsis_os.o(.text)
    osSignalSet                              0x08007eef   Thumb Code    78  cmsis_os.o(.text)
    osSignalWait                             0x08007f3d   Thumb Code    98  cmsis_os.o(.text)
    osMutexCreate                            0x08007f9f   Thumb Code    12  cmsis_os.o(.text)
    osMutexWait                              0x08007fab   Thumb Code    96  cmsis_os.o(.text)
    osMutexRelease                           0x0800800b   Thumb Code    68  cmsis_os.o(.text)
    osMutexDelete                            0x0800804f   Thumb Code    24  cmsis_os.o(.text)
    osSemaphoreCreate                        0x08008067   Thumb Code    44  cmsis_os.o(.text)
    osSemaphoreWait                          0x08008093   Thumb Code    96  cmsis_os.o(.text)
    osSemaphoreRelease                       0x080080f3   Thumb Code    68  cmsis_os.o(.text)
    osSemaphoreDelete                        0x08008137   Thumb Code    24  cmsis_os.o(.text)
    osPoolCreate                             0x0800814f   Thumb Code   112  cmsis_os.o(.text)
    osPoolAlloc                              0x080081bf   Thumb Code   112  cmsis_os.o(.text)
    osPoolCAlloc                             0x0800822f   Thumb Code    22  cmsis_os.o(.text)
    osPoolFree                               0x08008245   Thumb Code    74  cmsis_os.o(.text)
    osMessageCreate                          0x0800828f   Thumb Code    18  cmsis_os.o(.text)
    osMessagePut                             0x080082a1   Thumb Code    84  cmsis_os.o(.text)
    osMessageGet                             0x080082f5   Thumb Code   144  cmsis_os.o(.text)
    osMailCreate                             0x08008385   Thumb Code   122  cmsis_os.o(.text)
    osMailAlloc                              0x080083ff   Thumb Code    24  cmsis_os.o(.text)
    osMailCAlloc                             0x08008417   Thumb Code    40  cmsis_os.o(.text)
    osMailPut                                0x0800843f   Thumb Code    82  cmsis_os.o(.text)
    osMailGet                                0x08008491   Thumb Code   140  cmsis_os.o(.text)
    osMailFree                               0x0800851d   Thumb Code    22  cmsis_os.o(.text)
    osSystickHandler                         0x08008533   Thumb Code    16  cmsis_os.o(.text)
    osThreadSuspend                          0x08008543   Thumb Code    14  cmsis_os.o(.text)
    osThreadResume                           0x08008551   Thumb Code    38  cmsis_os.o(.text)
    osThreadSuspendAll                       0x08008577   Thumb Code    10  cmsis_os.o(.text)
    osThreadResumeAll                        0x08008581   Thumb Code    18  cmsis_os.o(.text)
    osDelayUntil                             0x08008593   Thumb Code    28  cmsis_os.o(.text)
    osThreadList                             0x080085af   Thumb Code     6  cmsis_os.o(.text)
    osMessagePeek                            0x080085b5   Thumb Code    88  cmsis_os.o(.text)
    osRecursiveMutexCreate                   0x0800860d   Thumb Code     6  cmsis_os.o(.text)
    osRecursiveMutexRelease                  0x08008613   Thumb Code     6  cmsis_os.o(.text)
    osRecursiveMutexWait                     0x08008619   Thumb Code     6  cmsis_os.o(.text)
    vListInitialise                          0x08008625   Thumb Code    26  list.o(.text)
    vListInitialiseItem                      0x0800863f   Thumb Code     6  list.o(.text)
    vListInsertEnd                           0x08008645   Thumb Code    24  list.o(.text)
    vListInsert                              0x0800865d   Thumb Code    52  list.o(.text)
    uxListRemove                             0x08008691   Thumb Code    40  list.o(.text)
    xQueueGenericReset                       0x080086b9   Thumb Code   110  queue.o(.text)
    xQueueGenericCreate                      0x08008727   Thumb Code    70  queue.o(.text)
    xQueueGenericSend                        0x08008889   Thumb Code   234  queue.o(.text)
    xQueueCreateMutex                        0x08008973   Thumb Code    72  queue.o(.text)
    xQueueGenericSendFromISR                 0x080089bb   Thumb Code   106  queue.o(.text)
    xQueueGiveFromISR                        0x08008a25   Thumb Code    90  queue.o(.text)
    xQueueGenericReceive                     0x08008ac3   Thumb Code   284  queue.o(.text)
    xQueueReceiveFromISR                     0x08008bdf   Thumb Code    96  queue.o(.text)
    xQueuePeekFromISR                        0x08008c3f   Thumb Code    50  queue.o(.text)
    uxQueueMessagesWaiting                   0x08008c71   Thumb Code    18  queue.o(.text)
    uxQueueSpacesAvailable                   0x08008c83   Thumb Code    24  queue.o(.text)
    uxQueueMessagesWaitingFromISR            0x08008c9b   Thumb Code     6  queue.o(.text)
    vQueueUnregisterQueue                    0x08008ca1   Thumb Code    38  queue.o(.text)
    vQueueDelete                             0x08008cc7   Thumb Code    20  queue.o(.text)
    xQueueIsQueueEmptyFromISR                0x08008cdb   Thumb Code    14  queue.o(.text)
    xQueueIsQueueFullFromISR                 0x08008ce9   Thumb Code    18  queue.o(.text)
    vQueueAddToRegistry                      0x08008cfb   Thumb Code    38  queue.o(.text)
    vQueueWaitForMessageRestricted           0x08008d21   Thumb Code    66  queue.o(.text)
    xTaskGenericCreate                       0x08008e47   Thumb Code   226  tasks.o(.text)
    vTaskDelete                              0x08008f53   Thumb Code   138  tasks.o(.text)
    xTaskIncrementTick                       0x08008fdd   Thumb Code   242  tasks.o(.text)
    xTaskResumeAll                           0x080090cf   Thumb Code   268  tasks.o(.text)
    vTaskSuspendAll                          0x08009219   Thumb Code    12  tasks.o(.text)
    vTaskDelayUntil                          0x08009225   Thumb Code   126  tasks.o(.text)
    vTaskDelay                               0x080092a3   Thumb Code    72  tasks.o(.text)
    uxTaskPriorityGet                        0x080092eb   Thumb Code    30  tasks.o(.text)
    uxTaskPriorityGetFromISR                 0x08009309   Thumb Code    38  tasks.o(.text)
    vTaskPrioritySet                         0x0800932f   Thumb Code   214  tasks.o(.text)
    vTaskSwitchContext                       0x08009405   Thumb Code    76  tasks.o(.text)
    vTaskSuspend                             0x08009451   Thumb Code   150  tasks.o(.text)
    vTaskResume                              0x0800951f   Thumb Code    94  tasks.o(.text)
    xTaskResumeFromISR                       0x0800957d   Thumb Code   172  tasks.o(.text)
    vTaskStartScheduler                      0x080096a5   Thumb Code    68  tasks.o(.text)
    vTaskEndScheduler                        0x080096e9   Thumb Code    18  tasks.o(.text)
    xTaskGetTickCount                        0x080096fb   Thumb Code     6  tasks.o(.text)
    xTaskGetTickCountFromISR                 0x08009701   Thumb Code     8  tasks.o(.text)
    uxTaskGetNumberOfTasks                   0x08009709   Thumb Code     6  tasks.o(.text)
    vTaskPlaceOnEventList                    0x0800970f   Thumb Code    84  tasks.o(.text)
    vTaskPlaceOnUnorderedEventList           0x08009763   Thumb Code   100  tasks.o(.text)
    vTaskPlaceOnEventListRestricted          0x080097c7   Thumb Code    90  tasks.o(.text)
    xTaskRemoveFromEventList                 0x08009821   Thumb Code   104  tasks.o(.text)
    xTaskRemoveFromUnorderedEventList        0x08009889   Thumb Code    94  tasks.o(.text)
    vTaskSetTimeOutState                     0x080098e7   Thumb Code    14  tasks.o(.text)
    xTaskCheckForTimeOut                     0x080098f5   Thumb Code    84  tasks.o(.text)
    vTaskMissedYield                         0x08009949   Thumb Code     8  tasks.o(.text)
    xTaskGetCurrentTaskHandle                0x08009951   Thumb Code     6  tasks.o(.text)
    xTaskGetSchedulerState                   0x08009957   Thumb Code    24  tasks.o(.text)
    vTaskPriorityInherit                     0x0800996f   Thumb Code   236  tasks.o(.text)
    xTaskPriorityDisinherit                  0x08009a5b   Thumb Code   122  tasks.o(.text)
    uxTaskResetEventItemValue                0x08009ad5   Thumb Code    24  tasks.o(.text)
    pvTaskIncrementMutexHeldCount            0x08009aed   Thumb Code    26  tasks.o(.text)
    ulTaskNotifyTake                         0x08009b07   Thumb Code   162  tasks.o(.text)
    xTaskNotifyWait                          0x08009ba9   Thumb Code   196  tasks.o(.text)
    xTaskGenericNotify                       0x08009c6d   Thumb Code   166  tasks.o(.text)
    xTaskGenericNotifyFromISR                0x08009d13   Thumb Code   200  tasks.o(.text)
    vTaskNotifyGiveFromISR                   0x08009ddb   Thumb Code   154  tasks.o(.text)
    xTaskNotifyStateClear                    0x08009e75   Thumb Code    50  tasks.o(.text)
    xTimerGenericCommand                     0x08009f01   Thumb Code   102  timers.o(.text)
    xTimerCreateTimerTask                    0x0800a1eb   Thumb Code    46  timers.o(.text)
    xTimerCreate                             0x0800a219   Thumb Code    62  timers.o(.text)
    pcTimerGetTimerName                      0x0800a257   Thumb Code     8  timers.o(.text)
    xTimerIsTimerActive                      0x0800a25f   Thumb Code    32  timers.o(.text)
    pvTimerGetTimerID                        0x0800a27f   Thumb Code    20  timers.o(.text)
    vTimerSetTimerID                         0x0800a293   Thumb Code    20  timers.o(.text)
    pxPortInitialiseStack                    0x0800a2dd   Thumb Code    26  port.o(.text)
    vPortSetupTimerInterrupt                 0x0800a2f7   Thumb Code    26  port.o(.text)
    xPortStartScheduler                      0x0800a311   Thumb Code    42  port.o(.text)
    vPortEndScheduler                        0x0800a33b   Thumb Code     2  port.o(.text)
    vPortYield                               0x0800a33d   Thumb Code    20  port.o(.text)
    vPortEnterCritical                       0x0800a351   Thumb Code    26  port.o(.text)
    vPortExitCritical                        0x0800a36b   Thumb Code    26  port.o(.text)
    xPortSysTickHandler                      0x0800a385   Thumb Code    30  port.o(.text)
    pvPortMalloc                             0x0800a3b5   Thumb Code    98  heap_1.o(.text)
    vPortFree                                0x0800a417   Thumb Code     2  heap_1.o(.text)
    vPortInitialiseBlocks                    0x0800a419   Thumb Code     8  heap_1.o(.text)
    xPortGetFreeHeapSize                     0x0800a421   Thumb Code    12  heap_1.o(.text)
    HAL_Init                                 0x0800a45f   Thumb Code    34  stm32f1xx_hal.o(.text)
    HAL_MspDeInit                            0x0800a481   Thumb Code     2  stm32f1xx_hal.o(.text)
    HAL_DeInit                               0x0800a483   Thumb Code    30  stm32f1xx_hal.o(.text)
    HAL_IncTick                              0x0800a4a1   Thumb Code    12  stm32f1xx_hal.o(.text)
    HAL_GetTick                              0x0800a4ad   Thumb Code     6  stm32f1xx_hal.o(.text)
    HAL_Delay                                0x0800a4b3   Thumb Code    26  stm32f1xx_hal.o(.text)
    HAL_GetHalVersion                        0x0800a4f1   Thumb Code     4  stm32f1xx_hal.o(.text)
    HAL_GetREVID                             0x0800a4f5   Thumb Code    18  stm32f1xx_hal.o(.text)
    HAL_GetDEVID                             0x0800a507   Thumb Code    10  stm32f1xx_hal.o(.text)
    HAL_DBGMCU_EnableDBGSleepMode            0x0800a511   Thumb Code    14  stm32f1xx_hal.o(.text)
    HAL_DBGMCU_DisableDBGSleepMode           0x0800a51f   Thumb Code    14  stm32f1xx_hal.o(.text)
    HAL_DBGMCU_EnableDBGStopMode             0x0800a52d   Thumb Code    14  stm32f1xx_hal.o(.text)
    HAL_DBGMCU_DisableDBGStopMode            0x0800a53b   Thumb Code    14  stm32f1xx_hal.o(.text)
    HAL_DBGMCU_EnableDBGStandbyMode          0x0800a549   Thumb Code    14  stm32f1xx_hal.o(.text)
    HAL_DBGMCU_DisableDBGStandbyMode         0x0800a557   Thumb Code    14  stm32f1xx_hal.o(.text)
    ADC_ConversionStop_Disable               0x0800a57d   Thumb Code    82  stm32f1xx_hal_adc.o(.text)
    HAL_ADC_Init                             0x0800a5d1   Thumb Code   374  stm32f1xx_hal_adc.o(.text)
    HAL_ADC_DeInit                           0x0800a749   Thumb Code   258  stm32f1xx_hal_adc.o(.text)
    ADC_Enable                               0x0800a84b   Thumb Code   122  stm32f1xx_hal_adc.o(.text)
    HAL_ADC_Start                            0x0800a8c5   Thumb Code   294  stm32f1xx_hal_adc.o(.text)
    HAL_ADC_Stop                             0x0800a9eb   Thumb Code   102  stm32f1xx_hal_adc.o(.text)
    HAL_ADC_PollForConversion                0x0800aa51   Thumb Code   350  stm32f1xx_hal_adc.o(.text)
    HAL_ADC_PollForEvent                     0x0800abaf   Thumb Code   100  stm32f1xx_hal_adc.o(.text)
    HAL_ADC_Start_IT                         0x0800ac13   Thumb Code   306  stm32f1xx_hal_adc.o(.text)
    HAL_ADC_Stop_IT                          0x0800ad45   Thumb Code    76  stm32f1xx_hal_adc.o(.text)
    ADC_DMAError                             0x0800ad93   Thumb Code    30  stm32f1xx_hal_adc.o(.text)
    ADC_DMAHalfConvCplt                      0x0800adb3   Thumb Code    14  stm32f1xx_hal_adc.o(.text)
    ADC_DMAConvCplt                          0x0800adc3   Thumb Code    82  stm32f1xx_hal_adc.o(.text)
    HAL_ADC_Start_DMA                        0x0800ae15   Thumb Code   392  stm32f1xx_hal_adc.o(.text)
    HAL_ADC_Stop_DMA                         0x0800af9d   Thumb Code    96  stm32f1xx_hal_adc.o(.text)
    HAL_ADC_GetValue                         0x0800affd   Thumb Code     8  stm32f1xx_hal_adc.o(.text)
    HAL_ADC_LevelOutOfWindowCallback         0x0800b005   Thumb Code     2  stm32f1xx_hal_adc.o(.text)
    HAL_ADC_IRQHandler                       0x0800b007   Thumb Code   290  stm32f1xx_hal_adc.o(.text)
    HAL_ADC_ConfigChannel                    0x0800b129   Thumb Code   454  stm32f1xx_hal_adc.o(.text)
    HAL_ADC_AnalogWDGConfig                  0x0800b2ef   Thumb Code   130  stm32f1xx_hal_adc.o(.text)
    HAL_ADC_GetState                         0x0800b371   Thumb Code     6  stm32f1xx_hal_adc.o(.text)
    HAL_ADC_GetError                         0x0800b377   Thumb Code     6  stm32f1xx_hal_adc.o(.text)
    HAL_ADCEx_Calibration_Start              0x0800b38d   Thumb Code   256  stm32f1xx_hal_adc_ex.o(.text)
    HAL_ADCEx_InjectedStart                  0x0800b48d   Thumb Code   226  stm32f1xx_hal_adc_ex.o(.text)
    HAL_ADCEx_InjectedStop                   0x0800b56f   Thumb Code    94  stm32f1xx_hal_adc_ex.o(.text)
    HAL_ADCEx_InjectedPollForConversion      0x0800b5cd   Thumb Code   330  stm32f1xx_hal_adc_ex.o(.text)
    HAL_ADCEx_InjectedStart_IT               0x0800b717   Thumb Code   264  stm32f1xx_hal_adc_ex.o(.text)
    HAL_ADCEx_InjectedStop_IT                0x0800b81f   Thumb Code   106  stm32f1xx_hal_adc_ex.o(.text)
    HAL_ADCEx_MultiModeStart_DMA             0x0800b889   Thumb Code   258  stm32f1xx_hal_adc_ex.o(.text)
    HAL_ADCEx_MultiModeStop_DMA              0x0800b98b   Thumb Code   176  stm32f1xx_hal_adc_ex.o(.text)
    HAL_ADCEx_InjectedGetValue               0x0800ba3b   Thumb Code    50  stm32f1xx_hal_adc_ex.o(.text)
    HAL_ADCEx_MultiModeGetValue              0x0800ba6d   Thumb Code    32  stm32f1xx_hal_adc_ex.o(.text)
    HAL_ADCEx_InjectedConvCpltCallback       0x0800ba8d   Thumb Code     2  stm32f1xx_hal_adc_ex.o(.text)
    HAL_ADCEx_InjectedConfigChannel          0x0800ba8f   Thumb Code   734  stm32f1xx_hal_adc_ex.o(.text)
    HAL_ADCEx_MultiModeConfigChannel         0x0800bd6d   Thumb Code   106  stm32f1xx_hal_adc_ex.o(.text)
    HAL_NVIC_SetPriorityGrouping             0x0800be09   Thumb Code    36  stm32f1xx_hal_cortex.o(.text)
    HAL_NVIC_SetPriority                     0x0800be2d   Thumb Code   124  stm32f1xx_hal_cortex.o(.text)
    HAL_NVIC_EnableIRQ                       0x0800bea9   Thumb Code    26  stm32f1xx_hal_cortex.o(.text)
    HAL_NVIC_DisableIRQ                      0x0800bec3   Thumb Code    22  stm32f1xx_hal_cortex.o(.text)
    HAL_NVIC_SystemReset                     0x0800bed9   Thumb Code    64  stm32f1xx_hal_cortex.o(.text)
    HAL_SYSTICK_Config                       0x0800bf19   Thumb Code    52  stm32f1xx_hal_cortex.o(.text)
    HAL_NVIC_GetPriorityGrouping             0x0800bf4d   Thumb Code     8  stm32f1xx_hal_cortex.o(.text)
    HAL_NVIC_GetPriority                     0x0800bf55   Thumb Code   138  stm32f1xx_hal_cortex.o(.text)
    HAL_NVIC_SetPendingIRQ                   0x0800bfdf   Thumb Code    24  stm32f1xx_hal_cortex.o(.text)
    HAL_NVIC_GetPendingIRQ                   0x0800bff7   Thumb Code    38  stm32f1xx_hal_cortex.o(.text)
    HAL_NVIC_ClearPendingIRQ                 0x0800c01d   Thumb Code    22  stm32f1xx_hal_cortex.o(.text)
    HAL_NVIC_GetActive                       0x0800c033   Thumb Code    38  stm32f1xx_hal_cortex.o(.text)
    HAL_SYSTICK_CLKSourceConfig              0x0800c059   Thumb Code    40  stm32f1xx_hal_cortex.o(.text)
    HAL_SYSTICK_Callback                     0x0800c081   Thumb Code     2  stm32f1xx_hal_cortex.o(.text)
    HAL_SYSTICK_IRQHandler                   0x0800c083   Thumb Code     8  stm32f1xx_hal_cortex.o(.text)
    HAL_DAC_Init                             0x0800c0af   Thumb Code    40  stm32f1xx_hal_dac.o(.text)
    HAL_DAC_MspDeInit                        0x0800c0d7   Thumb Code     2  stm32f1xx_hal_dac.o(.text)
    HAL_DAC_DeInit                           0x0800c0d9   Thumb Code    36  stm32f1xx_hal_dac.o(.text)
    HAL_DAC_Start                            0x0800c0fd   Thumb Code   108  stm32f1xx_hal_dac.o(.text)
    HAL_DAC_Stop                             0x0800c169   Thumb Code    24  stm32f1xx_hal_dac.o(.text)
    HAL_DAC_ErrorCallbackCh1                 0x0800c181   Thumb Code     2  stm32f1xx_hal_dac.o(.text)
    DAC_DMAErrorCh1                          0x0800c183   Thumb Code    26  stm32f1xx_hal_dac.o(.text)
    HAL_DAC_ConvHalfCpltCallbackCh1          0x0800c19d   Thumb Code     2  stm32f1xx_hal_dac.o(.text)
    DAC_DMAHalfConvCpltCh1                   0x0800c19f   Thumb Code    14  stm32f1xx_hal_dac.o(.text)
    HAL_DAC_ConvCpltCallbackCh1              0x0800c1ad   Thumb Code     2  stm32f1xx_hal_dac.o(.text)
    DAC_DMAConvCpltCh1                       0x0800c1af   Thumb Code    18  stm32f1xx_hal_dac.o(.text)
    HAL_DAC_Start_DMA                        0x0800c1c1   Thumb Code   244  stm32f1xx_hal_dac.o(.text)
    HAL_DAC_Stop_DMA                         0x0800c2b5   Thumb Code    74  stm32f1xx_hal_dac.o(.text)
    HAL_DAC_GetValue                         0x0800c2ff   Thumb Code    16  stm32f1xx_hal_dac.o(.text)
    HAL_DAC_ConfigChannel                    0x0800c30f   Thumb Code    88  stm32f1xx_hal_dac.o(.text)
    HAL_DAC_SetValue                         0x0800c367   Thumb Code    44  stm32f1xx_hal_dac.o(.text)
    HAL_DAC_GetState                         0x0800c393   Thumb Code     6  stm32f1xx_hal_dac.o(.text)
    HAL_DAC_GetError                         0x0800c399   Thumb Code     6  stm32f1xx_hal_dac.o(.text)
    HAL_DMA_Init                             0x0800c3ad   Thumb Code    84  stm32f1xx_hal_dma.o(.text)
    HAL_DMA_DeInit                           0x0800c401   Thumb Code  1112  stm32f1xx_hal_dma.o(.text)
    HAL_DMA_Start                            0x0800c879   Thumb Code    82  stm32f1xx_hal_dma.o(.text)
    HAL_DMA_Start_IT                         0x0800c8cb   Thumb Code   118  stm32f1xx_hal_dma.o(.text)
    HAL_DMA_Abort                            0x0800c941   Thumb Code    98  stm32f1xx_hal_dma.o(.text)
    HAL_DMA_PollForTransfer                  0x0800c9a3   Thumb Code  1922  stm32f1xx_hal_dma.o(.text)
    HAL_DMA_IRQHandler                       0x0800d125   Thumb Code  2312  stm32f1xx_hal_dma.o(.text)
    HAL_DMA_GetState                         0x0800da2d   Thumb Code     8  stm32f1xx_hal_dma.o(.text)
    HAL_DMA_GetError                         0x0800da35   Thumb Code     6  stm32f1xx_hal_dma.o(.text)
    FLASH_WaitForLastOperation               0x0800daa3   Thumb Code   106  stm32f1xx_hal_flash.o(.text)
    HAL_FLASH_Program                        0x0800db23   Thumb Code   168  stm32f1xx_hal_flash.o(.text)
    HAL_FLASH_Program_IT                     0x0800dbcb   Thumb Code   114  stm32f1xx_hal_flash.o(.text)
    HAL_FLASH_EndOfOperationCallback         0x0800dc3d   Thumb Code     2  stm32f1xx_hal_flash.o(.text)
    HAL_FLASH_OperationErrorCallback         0x0800dc3f   Thumb Code     2  stm32f1xx_hal_flash.o(.text)
    HAL_FLASH_IRQHandler                     0x0800dc41   Thumb Code   376  stm32f1xx_hal_flash.o(.text)
    HAL_FLASH_Unlock                         0x0800ddb9   Thumb Code    30  stm32f1xx_hal_flash.o(.text)
    HAL_FLASH_Lock                           0x0800ddd7   Thumb Code    16  stm32f1xx_hal_flash.o(.text)
    HAL_FLASH_OB_Unlock                      0x0800dde7   Thumb Code    30  stm32f1xx_hal_flash.o(.text)
    HAL_FLASH_OB_Lock                        0x0800de05   Thumb Code    16  stm32f1xx_hal_flash.o(.text)
    HAL_FLASH_OB_Launch                      0x0800de15   Thumb Code    10  stm32f1xx_hal_flash.o(.text)
    HAL_FLASH_GetError                       0x0800de1f   Thumb Code    22  stm32f1xx_hal_flash.o(.text)
    FLASH_PageErase                          0x0800de35   Thumb Code    32  stm32f1xx_hal_flash_ex.o(.text)
    HAL_FLASHEx_Erase                        0x0800de73   Thumb Code   168  stm32f1xx_hal_flash_ex.o(.text)
    HAL_FLASHEx_Erase_IT                     0x0800df1b   Thumb Code    92  stm32f1xx_hal_flash_ex.o(.text)
    HAL_FLASHEx_OBErase                      0x0800dffd   Thumb Code    88  stm32f1xx_hal_flash_ex.o(.text)
    HAL_FLASHEx_OBProgram                    0x0800e2af   Thumb Code   194  stm32f1xx_hal_flash_ex.o(.text)
    HAL_FLASHEx_OBGetConfig                  0x0800e387   Thumb Code    28  stm32f1xx_hal_flash_ex.o(.text)
    HAL_FLASHEx_OBGetUserData                0x0800e3a3   Thumb Code    64  stm32f1xx_hal_flash_ex.o(.text)
    HAL_GPIO_Init                            0x0800e3f1   Thumb Code   790  stm32f1xx_hal_gpio.o(.text)
    HAL_GPIO_DeInit                          0x0800e707   Thumb Code   312  stm32f1xx_hal_gpio.o(.text)
    HAL_GPIO_ReadPin                         0x0800e83f   Thumb Code    16  stm32f1xx_hal_gpio.o(.text)
    HAL_GPIO_WritePin                        0x0800e84f   Thumb Code    12  stm32f1xx_hal_gpio.o(.text)
    HAL_GPIO_TogglePin                       0x0800e85b   Thumb Code     8  stm32f1xx_hal_gpio.o(.text)
    HAL_GPIO_LockPin                         0x0800e863   Thumb Code    46  stm32f1xx_hal_gpio.o(.text)
    HAL_GPIO_EXTI_IRQHandler                 0x0800e893   Thumb Code    28  stm32f1xx_hal_gpio.o(.text)
    HAL_PWR_DeInit                           0x0800e8df   Thumb Code    24  stm32f1xx_hal_pwr.o(.text)
    HAL_PWR_EnableBkUpAccess                 0x0800e8f7   Thumb Code    20  stm32f1xx_hal_pwr.o(.text)
    HAL_PWR_DisableBkUpAccess                0x0800e90b   Thumb Code    22  stm32f1xx_hal_pwr.o(.text)
    HAL_PWR_ConfigPVD                        0x0800e921   Thumb Code   172  stm32f1xx_hal_pwr.o(.text)
    HAL_PWR_EnablePVD                        0x0800e9cd   Thumb Code    20  stm32f1xx_hal_pwr.o(.text)
    HAL_PWR_DisablePVD                       0x0800e9e1   Thumb Code    20  stm32f1xx_hal_pwr.o(.text)
    HAL_PWR_EnableWakeUpPin                  0x0800e9f5   Thumb Code    22  stm32f1xx_hal_pwr.o(.text)
    HAL_PWR_DisableWakeUpPin                 0x0800ea0b   Thumb Code    22  stm32f1xx_hal_pwr.o(.text)
    HAL_PWR_EnterSLEEPMode                   0x0800ea21   Thumb Code    28  stm32f1xx_hal_pwr.o(.text)
    HAL_PWR_EnterSTOPMode                    0x0800ea3d   Thumb Code    74  stm32f1xx_hal_pwr.o(.text)
    HAL_PWR_EnterSTANDBYMode                 0x0800ea87   Thumb Code    32  stm32f1xx_hal_pwr.o(.text)
    HAL_PWR_EnableSleepOnExit                0x0800eaa7   Thumb Code    14  stm32f1xx_hal_pwr.o(.text)
    HAL_PWR_DisableSleepOnExit               0x0800eab5   Thumb Code    14  stm32f1xx_hal_pwr.o(.text)
    HAL_PWR_EnableSEVOnPend                  0x0800eac3   Thumb Code    14  stm32f1xx_hal_pwr.o(.text)
    HAL_PWR_DisableSEVOnPend                 0x0800ead1   Thumb Code    14  stm32f1xx_hal_pwr.o(.text)
    HAL_PWR_PVDCallback                      0x0800eadf   Thumb Code     2  stm32f1xx_hal_pwr.o(.text)
    HAL_PWR_PVD_IRQHandler                   0x0800eae1   Thumb Code    30  stm32f1xx_hal_pwr.o(.text)
    HAL_RCC_DeInit                           0x0800eb15   Thumb Code    78  stm32f1xx_hal_rcc.o(.text)
    HAL_RCC_OscConfig                        0x0800eb63   Thumb Code  2172  stm32f1xx_hal_rcc.o(.text)
    HAL_RCC_GetSysClockFreq                  0x0800f3df   Thumb Code   146  stm32f1xx_hal_rcc.o(.text)
    HAL_RCC_ClockConfig                      0x0800f471   Thumb Code   696  stm32f1xx_hal_rcc.o(.text)
    HAL_RCC_MCOConfig                        0x0800f729   Thumb Code    92  stm32f1xx_hal_rcc.o(.text)
    HAL_RCC_EnableCSS                        0x0800f785   Thumb Code    20  stm32f1xx_hal_rcc.o(.text)
    HAL_RCC_DisableCSS                       0x0800f799   Thumb Code    22  stm32f1xx_hal_rcc.o(.text)
    HAL_RCC_GetHCLKFreq                      0x0800f7af   Thumb Code     6  stm32f1xx_hal_rcc.o(.text)
    HAL_RCC_GetPCLK1Freq                     0x0800f7b5   Thumb Code    36  stm32f1xx_hal_rcc.o(.text)
    HAL_RCC_GetPCLK2Freq                     0x0800f7d9   Thumb Code    36  stm32f1xx_hal_rcc.o(.text)
    HAL_RCC_GetOscConfig                     0x0800f7fd   Thumb Code   208  stm32f1xx_hal_rcc.o(.text)
    HAL_RCC_GetClockConfig                   0x0800f8cd   Thumb Code    58  stm32f1xx_hal_rcc.o(.text)
    HAL_RCC_CSSCallback                      0x0800f907   Thumb Code     2  stm32f1xx_hal_rcc.o(.text)
    HAL_RCC_NMI_IRQHandler                   0x0800f909   Thumb Code    26  stm32f1xx_hal_rcc.o(.text)
    HAL_RCCEx_PeriphCLKConfig                0x0800f93d   Thumb Code   366  stm32f1xx_hal_rcc_ex.o(.text)
    HAL_RCCEx_GetPeriphCLKConfig             0x0800faab   Thumb Code    78  stm32f1xx_hal_rcc_ex.o(.text)
    HAL_RCCEx_GetPeriphCLKFreq               0x0800faf9   Thumb Code   324  stm32f1xx_hal_rcc_ex.o(.text)
    TIM_Base_SetConfig                       0x0800fc65   Thumb Code   124  stm32f1xx_hal_tim.o(.text)
    HAL_TIM_Base_MspInit                     0x0800fce1   Thumb Code     2  stm32f1xx_hal_tim.o(.text)
    HAL_TIM_Base_Init                        0x0800fce3   Thumb Code    52  stm32f1xx_hal_tim.o(.text)
    HAL_TIM_Base_MspDeInit                   0x0800fd17   Thumb Code     2  stm32f1xx_hal_tim.o(.text)
    HAL_TIM_Base_DeInit                      0x0800fd19   Thumb Code    70  stm32f1xx_hal_tim.o(.text)
    HAL_TIM_Base_Start                       0x0800fd5f   Thumb Code    30  stm32f1xx_hal_tim.o(.text)
    HAL_TIM_Base_Stop                        0x0800fd7d   Thumb Code    56  stm32f1xx_hal_tim.o(.text)
    HAL_TIM_Base_Start_IT                    0x0800fdb5   Thumb Code    30  stm32f1xx_hal_tim.o(.text)
    HAL_TIM_Base_Stop_IT                     0x0800fdd3   Thumb Code    56  stm32f1xx_hal_tim.o(.text)
    HAL_TIM_ErrorCallback                    0x0800fe0b   Thumb Code     2  stm32f1xx_hal_tim.o(.text)
    TIM_DMAError                             0x0800fe0d   Thumb Code    20  stm32f1xx_hal_tim.o(.text)
    HAL_TIM_Base_Start_DMA                   0x0800fe37   Thumb Code    98  stm32f1xx_hal_tim.o(.text)
    HAL_TIM_Base_Stop_DMA                    0x0800fe99   Thumb Code    62  stm32f1xx_hal_tim.o(.text)
    HAL_TIM_OC_MspInit                       0x0800fed7   Thumb Code     2  stm32f1xx_hal_tim.o(.text)
    HAL_TIM_OC_Init                          0x0800fed9   Thumb Code    52  stm32f1xx_hal_tim.o(.text)
    HAL_TIM_OC_MspDeInit                     0x0800ff0d   Thumb Code     2  stm32f1xx_hal_tim.o(.text)
    HAL_TIM_OC_DeInit                        0x0800ff0f   Thumb Code    70  stm32f1xx_hal_tim.o(.text)
    TIM_CCxChannelCmd                        0x0800ff55   Thumb Code    28  stm32f1xx_hal_tim.o(.text)
    HAL_TIM_OC_Start                         0x0800ff71   Thumb Code    68  stm32f1xx_hal_tim.o(.text)
    HAL_TIM_OC_Stop                          0x0800ffb5   Thumb Code   120  stm32f1xx_hal_tim.o(.text)
    HAL_TIM_OC_Start_IT                      0x0801002d   Thumb Code   168  stm32f1xx_hal_tim.o(.text)
    HAL_TIM_OC_Stop_IT                       0x080100d5   Thumb Code   196  stm32f1xx_hal_tim.o(.text)
    TIM_DMADelayPulseCplt                    0x0801019b   Thumb Code    70  stm32f1xx_hal_tim.o(.text)
    HAL_TIM_OC_Start_DMA                     0x080101e1   Thumb Code   312  stm32f1xx_hal_tim.o(.text)
    HAL_TIM_OC_Stop_DMA                      0x08010319   Thumb Code   202  stm32f1xx_hal_tim.o(.text)
    HAL_TIM_PWM_Init                         0x080103e5   Thumb Code    52  stm32f1xx_hal_tim.o(.text)
    HAL_TIM_PWM_MspDeInit                    0x08010419   Thumb Code     2  stm32f1xx_hal_tim.o(.text)
    HAL_TIM_PWM_DeInit                       0x0801041b   Thumb Code    70  stm32f1xx_hal_tim.o(.text)
    HAL_TIM_PWM_Start                        0x08010461   Thumb Code    76  stm32f1xx_hal_tim.o(.text)
    HAL_TIM_PWM_Stop                         0x080104ad   Thumb Code   126  stm32f1xx_hal_tim.o(.text)
    HAL_TIM_PWM_Start_IT                     0x0801052b   Thumb Code   144  stm32f1xx_hal_tim.o(.text)
    HAL_TIM_PWM_Stop_IT                      0x080105bb   Thumb Code   196  stm32f1xx_hal_tim.o(.text)
    HAL_TIM_PWM_Start_DMA                    0x0801067f   Thumb Code   312  stm32f1xx_hal_tim.o(.text)
    HAL_TIM_PWM_Stop_DMA                     0x080107b7   Thumb Code   202  stm32f1xx_hal_tim.o(.text)
    HAL_TIM_IC_MspInit                       0x08010881   Thumb Code     2  stm32f1xx_hal_tim.o(.text)
    HAL_TIM_IC_Init                          0x08010883   Thumb Code    62  stm32f1xx_hal_tim.o(.text)
    HAL_TIM_IC_MspDeInit                     0x080108c1   Thumb Code     2  stm32f1xx_hal_tim.o(.text)
    HAL_TIM_IC_DeInit                        0x080108c3   Thumb Code    70  stm32f1xx_hal_tim.o(.text)
    HAL_TIM_IC_Start                         0x08010909   Thumb Code    32  stm32f1xx_hal_tim.o(.text)
    HAL_TIM_IC_Stop                          0x08010929   Thumb Code    58  stm32f1xx_hal_tim.o(.text)
    HAL_TIM_IC_Start_IT                      0x08010963   Thumb Code   108  stm32f1xx_hal_tim.o(.text)
    HAL_TIM_IC_Stop_IT                       0x080109cf   Thumb Code   134  stm32f1xx_hal_tim.o(.text)
    HAL_TIM_IC_CaptureCallback               0x08010a55   Thumb Code     2  stm32f1xx_hal_tim.o(.text)
    TIM_DMACaptureCplt                       0x08010a57   Thumb Code    70  stm32f1xx_hal_tim.o(.text)
    HAL_TIM_IC_Start_DMA                     0x08010a9d   Thumb Code   276  stm32f1xx_hal_tim.o(.text)
    HAL_TIM_IC_Stop_DMA                      0x08010bb1   Thumb Code   140  stm32f1xx_hal_tim.o(.text)
    HAL_TIM_OnePulse_MspInit                 0x08010c3d   Thumb Code     2  stm32f1xx_hal_tim.o(.text)
    HAL_TIM_OnePulse_Init                    0x08010c3f   Thumb Code    76  stm32f1xx_hal_tim.o(.text)
    HAL_TIM_OnePulse_MspDeInit               0x08010c8b   Thumb Code     2  stm32f1xx_hal_tim.o(.text)
    HAL_TIM_OnePulse_DeInit                  0x08010c8d   Thumb Code    70  stm32f1xx_hal_tim.o(.text)
    HAL_TIM_OnePulse_Start                   0x08010cd3   Thumb Code    66  stm32f1xx_hal_tim.o(.text)
    HAL_TIM_OnePulse_Stop                    0x08010d15   Thumb Code   130  stm32f1xx_hal_tim.o(.text)
    HAL_TIM_OnePulse_Start_IT                0x08010d97   Thumb Code    90  stm32f1xx_hal_tim.o(.text)
    HAL_TIM_OnePulse_Stop_IT                 0x08010df1   Thumb Code   154  stm32f1xx_hal_tim.o(.text)
    HAL_TIM_Encoder_MspInit                  0x08010e8b   Thumb Code     2  stm32f1xx_hal_tim.o(.text)
    HAL_TIM_Encoder_Init                     0x08010e8d   Thumb Code   180  stm32f1xx_hal_tim.o(.text)
    HAL_TIM_Encoder_MspDeInit                0x08010f41   Thumb Code     2  stm32f1xx_hal_tim.o(.text)
    HAL_TIM_Encoder_DeInit                   0x08010f43   Thumb Code    70  stm32f1xx_hal_tim.o(.text)
    HAL_TIM_Encoder_Start                    0x08010f89   Thumb Code    78  stm32f1xx_hal_tim.o(.text)
    HAL_TIM_Encoder_Stop                     0x08010fd7   Thumb Code   104  stm32f1xx_hal_tim.o(.text)
    HAL_TIM_Encoder_Start_IT                 0x0801103f   Thumb Code   126  stm32f1xx_hal_tim.o(.text)
    HAL_TIM_Encoder_Stop_IT                  0x080110bd   Thumb Code   160  stm32f1xx_hal_tim.o(.text)
    HAL_TIM_Encoder_Start_DMA                0x0801115d   Thumb Code   328  stm32f1xx_hal_tim.o(.text)
    HAL_TIM_Encoder_Stop_DMA                 0x080112a5   Thumb Code   152  stm32f1xx_hal_tim.o(.text)
    HAL_TIM_TriggerCallback                  0x0801133d   Thumb Code     2  stm32f1xx_hal_tim.o(.text)
    HAL_TIM_OC_DelayElapsedCallback          0x0801133f   Thumb Code     2  stm32f1xx_hal_tim.o(.text)
    HAL_TIM_IRQHandler                       0x08011341   Thumb Code   406  stm32f1xx_hal_tim.o(.text)
    TIM_OC2_SetConfig                        0x080115a9   Thumb Code   120  stm32f1xx_hal_tim.o(.text)
    HAL_TIM_OC_ConfigChannel                 0x0801168f   Thumb Code   116  stm32f1xx_hal_tim.o(.text)
    TIM_TI1_SetConfig                        0x080117bd   Thumb Code   106  stm32f1xx_hal_tim.o(.text)
    HAL_TIM_IC_ConfigChannel                 0x08011827   Thumb Code   224  stm32f1xx_hal_tim.o(.text)
    HAL_TIM_PWM_ConfigChannel                0x08011907   Thumb Code   286  stm32f1xx_hal_tim.o(.text)
    HAL_TIM_OnePulse_ConfigChannel           0x08011a25   Thumb Code   286  stm32f1xx_hal_tim.o(.text)
    HAL_TIM_DMABurst_WriteStart              0x08011b57   Thumb Code   366  stm32f1xx_hal_tim.o(.text)
    HAL_TIM_DMABurst_WriteStop               0x08011cc5   Thumb Code   128  stm32f1xx_hal_tim.o(.text)
    HAL_TIM_DMABurst_ReadStart               0x08011d45   Thumb Code   366  stm32f1xx_hal_tim.o(.text)
    HAL_TIM_DMABurst_ReadStop                0x08011eb3   Thumb Code   128  stm32f1xx_hal_tim.o(.text)
    HAL_TIM_GenerateEvent                    0x08011f33   Thumb Code    54  stm32f1xx_hal_tim.o(.text)
    HAL_TIM_ConfigOCrefClear                 0x08011f81   Thumb Code   288  stm32f1xx_hal_tim.o(.text)
    HAL_TIM_ConfigClockSource                0x0801210b   Thumb Code   306  stm32f1xx_hal_tim.o(.text)
    HAL_TIM_ConfigTI1Input                   0x0801223d   Thumb Code    24  stm32f1xx_hal_tim.o(.text)
    HAL_TIM_SlaveConfigSynchronization       0x080122f9   Thumb Code    86  stm32f1xx_hal_tim.o(.text)
    HAL_TIM_SlaveConfigSynchronization_IT    0x0801234f   Thumb Code    86  stm32f1xx_hal_tim.o(.text)
    HAL_TIM_ReadCapturedValue                0x080123a5   Thumb Code    84  stm32f1xx_hal_tim.o(.text)
    HAL_TIM_Base_GetState                    0x080123f9   Thumb Code     8  stm32f1xx_hal_tim.o(.text)
    HAL_TIM_OC_GetState                      0x08012401   Thumb Code     8  stm32f1xx_hal_tim.o(.text)
    HAL_TIM_PWM_GetState                     0x08012409   Thumb Code     8  stm32f1xx_hal_tim.o(.text)
    HAL_TIM_IC_GetState                      0x08012411   Thumb Code     8  stm32f1xx_hal_tim.o(.text)
    HAL_TIM_OnePulse_GetState                0x08012419   Thumb Code     8  stm32f1xx_hal_tim.o(.text)
    HAL_TIM_Encoder_GetState                 0x08012421   Thumb Code     8  stm32f1xx_hal_tim.o(.text)
    HAL_TIMEx_HallSensor_MspInit             0x08012429   Thumb Code     2  stm32f1xx_hal_tim_ex.o(.text)
    HAL_TIMEx_HallSensor_Init                0x0801242b   Thumb Code   208  stm32f1xx_hal_tim_ex.o(.text)
    HAL_TIMEx_HallSensor_MspDeInit           0x080124fb   Thumb Code     2  stm32f1xx_hal_tim_ex.o(.text)
    HAL_TIMEx_HallSensor_DeInit              0x080124fd   Thumb Code    70  stm32f1xx_hal_tim_ex.o(.text)
    HAL_TIMEx_HallSensor_Start               0x08012543   Thumb Code    30  stm32f1xx_hal_tim_ex.o(.text)
    HAL_TIMEx_HallSensor_Stop                0x08012561   Thumb Code    56  stm32f1xx_hal_tim_ex.o(.text)
    HAL_TIMEx_HallSensor_Start_IT            0x08012599   Thumb Code    42  stm32f1xx_hal_tim_ex.o(.text)
    HAL_TIMEx_HallSensor_Stop_IT             0x080125c3   Thumb Code    68  stm32f1xx_hal_tim_ex.o(.text)
    HAL_TIMEx_HallSensor_Start_DMA           0x08012607   Thumb Code   106  stm32f1xx_hal_tim_ex.o(.text)
    HAL_TIMEx_HallSensor_Stop_DMA            0x08012671   Thumb Code    68  stm32f1xx_hal_tim_ex.o(.text)
    HAL_TIMEx_OCN_Start                      0x080126d1   Thumb Code    44  stm32f1xx_hal_tim_ex.o(.text)
    HAL_TIMEx_OCN_Stop                       0x080126fd   Thumb Code    96  stm32f1xx_hal_tim_ex.o(.text)
    HAL_TIMEx_OCN_Start_IT                   0x0801275d   Thumb Code   132  stm32f1xx_hal_tim_ex.o(.text)
    HAL_TIMEx_OCN_Stop_IT                    0x080127e1   Thumb Code   198  stm32f1xx_hal_tim_ex.o(.text)
    HAL_TIMEx_OCN_Start_DMA                  0x080128a7   Thumb Code   272  stm32f1xx_hal_tim_ex.o(.text)
    HAL_TIMEx_OCN_Stop_DMA                   0x080129b7   Thumb Code   192  stm32f1xx_hal_tim_ex.o(.text)
    HAL_TIMEx_PWMN_Start                     0x08012a77   Thumb Code    44  stm32f1xx_hal_tim_ex.o(.text)
    HAL_TIMEx_PWMN_Stop                      0x08012aa3   Thumb Code    96  stm32f1xx_hal_tim_ex.o(.text)
    HAL_TIMEx_PWMN_Start_IT                  0x08012b03   Thumb Code   132  stm32f1xx_hal_tim_ex.o(.text)
    HAL_TIMEx_PWMN_Stop_IT                   0x08012b87   Thumb Code   198  stm32f1xx_hal_tim_ex.o(.text)
    HAL_TIMEx_PWMN_Start_DMA                 0x08012c4d   Thumb Code   272  stm32f1xx_hal_tim_ex.o(.text)
    HAL_TIMEx_PWMN_Stop_DMA                  0x08012d5d   Thumb Code   178  stm32f1xx_hal_tim_ex.o(.text)
    HAL_TIMEx_OnePulseN_Start                0x08012e0f   Thumb Code    32  stm32f1xx_hal_tim_ex.o(.text)
    HAL_TIMEx_OnePulseN_Stop                 0x08012e2f   Thumb Code    96  stm32f1xx_hal_tim_ex.o(.text)
    HAL_TIMEx_OnePulseN_Start_IT             0x08012e8f   Thumb Code    56  stm32f1xx_hal_tim_ex.o(.text)
    HAL_TIMEx_OnePulseN_Stop_IT              0x08012ec7   Thumb Code   120  stm32f1xx_hal_tim_ex.o(.text)
    HAL_TIMEx_ConfigCommutationEvent         0x08012f3f   Thumb Code   110  stm32f1xx_hal_tim_ex.o(.text)
    HAL_TIMEx_ConfigCommutationEvent_IT      0x08012fad   Thumb Code   122  stm32f1xx_hal_tim_ex.o(.text)
    HAL_TIMEx_CommutationCallback            0x08013027   Thumb Code     2  stm32f1xx_hal_tim_ex.o(.text)
    TIMEx_DMACommutationCplt                 0x08013029   Thumb Code    20  stm32f1xx_hal_tim_ex.o(.text)
    HAL_TIMEx_ConfigCommutationEvent_DMA     0x0801303d   Thumb Code   146  stm32f1xx_hal_tim_ex.o(.text)
    HAL_TIMEx_ConfigBreakDeadTime            0x080130cf   Thumb Code    80  stm32f1xx_hal_tim_ex.o(.text)
    HAL_TIMEx_MasterConfigSynchronization    0x0801311f   Thumb Code    98  stm32f1xx_hal_tim_ex.o(.text)
    HAL_TIMEx_BreakCallback                  0x08013181   Thumb Code     2  stm32f1xx_hal_tim_ex.o(.text)
    HAL_TIMEx_HallSensor_GetState            0x08013183   Thumb Code     8  stm32f1xx_hal_tim_ex.o(.text)
    HAL_UART_Init                            0x08013355   Thumb Code   110  stm32f1xx_hal_uart.o(.text)
    HAL_HalfDuplex_Init                      0x080133c3   Thumb Code   114  stm32f1xx_hal_uart.o(.text)
    HAL_LIN_Init                             0x08013435   Thumb Code   130  stm32f1xx_hal_uart.o(.text)
    HAL_MultiProcessor_Init                  0x080134b7   Thumb Code   134  stm32f1xx_hal_uart.o(.text)
    HAL_UART_MspDeInit                       0x0801353d   Thumb Code     2  stm32f1xx_hal_uart.o(.text)
    HAL_UART_DeInit                          0x0801353f   Thumb Code    68  stm32f1xx_hal_uart.o(.text)
    HAL_UART_Transmit                        0x08013685   Thumb Code   240  stm32f1xx_hal_uart.o(.text)
    HAL_UART_Receive                         0x08013775   Thumb Code   248  stm32f1xx_hal_uart.o(.text)
    HAL_UART_Transmit_IT                     0x0801386d   Thumb Code   110  stm32f1xx_hal_uart.o(.text)
    HAL_UART_Receive_IT                      0x080138db   Thumb Code   134  stm32f1xx_hal_uart.o(.text)
    HAL_UART_TxHalfCpltCallback              0x08013985   Thumb Code     2  stm32f1xx_hal_uart.o(.text)
    HAL_UART_Transmit_DMA                    0x080139cd   Thumb Code   156  stm32f1xx_hal_uart.o(.text)
    HAL_UART_RxHalfCpltCallback              0x08013a69   Thumb Code     2  stm32f1xx_hal_uart.o(.text)
    HAL_UART_Receive_DMA                     0x08013ab9   Thumb Code   146  stm32f1xx_hal_uart.o(.text)
    HAL_UART_DMAPause                        0x08013b4b   Thumb Code   118  stm32f1xx_hal_uart.o(.text)
    HAL_UART_DMAResume                       0x08013bc1   Thumb Code   156  stm32f1xx_hal_uart.o(.text)
    HAL_UART_DMAStop                         0x08013c5d   Thumb Code    46  stm32f1xx_hal_uart.o(.text)
    HAL_UART_IRQHandler                      0x08013de7   Thumb Code   240  stm32f1xx_hal_uart.o(.text)
    HAL_LIN_SendBreak                        0x08013ed7   Thumb Code    62  stm32f1xx_hal_uart.o(.text)
    HAL_MultiProcessor_EnterMuteMode         0x08013f15   Thumb Code    62  stm32f1xx_hal_uart.o(.text)
    HAL_MultiProcessor_ExitMuteMode          0x08013f53   Thumb Code    62  stm32f1xx_hal_uart.o(.text)
    HAL_HalfDuplex_EnableTransmitter         0x08013f91   Thumb Code    66  stm32f1xx_hal_uart.o(.text)
    HAL_HalfDuplex_EnableReceiver            0x08013fd3   Thumb Code    64  stm32f1xx_hal_uart.o(.text)
    HAL_UART_GetState                        0x08014013   Thumb Code     8  stm32f1xx_hal_uart.o(.text)
    HAL_UART_GetError                        0x0801401b   Thumb Code     6  stm32f1xx_hal_uart.o(.text)
    HAL_DACEx_DualGetValue                   0x08014021   Thumb Code    20  stm32f1xx_hal_dac_ex.o(.text)
    HAL_DACEx_TriangleWaveGenerate           0x08014035   Thumb Code    66  stm32f1xx_hal_dac_ex.o(.text)
    HAL_DACEx_NoiseWaveGenerate              0x08014077   Thumb Code    66  stm32f1xx_hal_dac_ex.o(.text)
    HAL_DACEx_DualSetValue                   0x080140b9   Thumb Code    36  stm32f1xx_hal_dac_ex.o(.text)
    HAL_DACEx_ConvCpltCallbackCh2            0x080140dd   Thumb Code     2  stm32f1xx_hal_dac_ex.o(.text)
    HAL_DACEx_ConvHalfCpltCallbackCh2        0x080140df   Thumb Code     2  stm32f1xx_hal_dac_ex.o(.text)
    HAL_DACEx_ErrorCallbackCh2               0x080140e1   Thumb Code     2  stm32f1xx_hal_dac_ex.o(.text)
    DAC_DMAConvCpltCh2                       0x080140e3   Thumb Code    18  stm32f1xx_hal_dac_ex.o(.text)
    DAC_DMAHalfConvCpltCh2                   0x080140f5   Thumb Code    14  stm32f1xx_hal_dac_ex.o(.text)
    DAC_DMAErrorCh2                          0x08014103   Thumb Code    26  stm32f1xx_hal_dac_ex.o(.text)
    check_start_timer                        0x0801411d   Thumb Code    46  flash.o(.text)
    bkp_enable                               0x0801414b   Thumb Code    36  flash.o(.text)
    BKUPWrite                                0x0801416f   Thumb Code    14  flash.o(.text)
    goToBootloader                           0x0801417d   Thumb Code    18  flash.o(.text)
    Flash_Check                              0x0801418f   Thumb Code    30  flash.o(.text)
    Flash_Read                               0x080141ad   Thumb Code    40  flash.o(.text)
    goToResetAndApp                          0x080141d5   Thumb Code    18  flash.o(.text)
    jump_to_app                              0x080141e7   Thumb Code    40  flash.o(.text)
    Flash_clean_flashbuffer                  0x0801420f   Thumb Code    24  flash.o(.text)
    Flash_Erase                              0x08014227   Thumb Code    56  flash.o(.text)
    Flash_Flash                              0x0801425f   Thumb Code   304  flash.o(.text)
    Flash_FlashCRC                           0x0801438f   Thumb Code    58  flash.o(.text)
    BKUPRead                                 0x080143c9   Thumb Code    18  flash.o(.text)
    MX_USART_UART_Init                       0x08014421   Thumb Code    46  usart.o(.text)
    HAL_UART_MspInit                         0x0801444f   Thumb Code   348  usart.o(.text)
    rts_toggle                               0x080145ab   Thumb Code    12  usart.o(.text)
    check_request                            0x080145b7   Thumb Code    90  usart.o(.text)
    GetData16                                0x08014611   Thumb Code    14  usart.o(.text)
    clean_TxBuffer                           0x0801461f   Thumb Code    20  usart.o(.text)
    clean_RxBuffer                           0x08014633   Thumb Code    24  usart.o(.text)
    clean_counterRx                          0x0801464b   Thumb Code     8  usart.o(.text)
    done_request                             0x08014653   Thumb Code     2  usart.o(.text)
    make_response                            0x08014655   Thumb Code    66  usart.o(.text)
    send_response                            0x08014697   Thumb Code    24  usart.o(.text)
    reseive_dma_1                            0x080146af   Thumb Code    14  usart.o(.text)
    receive                                  0x080146bd   Thumb Code    24  usart.o(.text)
    update_timer                             0x080146d5   Thumb Code    12  usart.o(.text)
    check_timer                              0x080146e1   Thumb Code    36  usart.o(.text)
    check_timer2                             0x08014705   Thumb Code    26  usart.o(.text)
    send_OK                                  0x0801471f   Thumb Code    24  usart.o(.text)
    send_ERROR                               0x08014737   Thumb Code    24  usart.o(.text)
    HAL_UART_TxCpltCallback                  0x0801474f   Thumb Code    10  usart.o(.text)
    HAL_UART_RxCpltCallback                  0x08014759   Thumb Code   108  usart.o(.text)
    HAL_UART_ErrorCallback                   0x080147c5   Thumb Code     2  usart.o(.text)
    __aeabi_llsr                             0x08014815   Thumb Code     0  llushr.o(.text)
    _ll_ushift_r                             0x08014815   Thumb Code    38  llushr.o(.text)
    __aeabi_memcpy                           0x0801483b   Thumb Code     0  rt_memcpy_v6.o(.text)
    __rt_memcpy                              0x0801483b   Thumb Code   138  rt_memcpy_v6.o(.text)
    _memcpy_lastbytes                        0x080148a1   Thumb Code     0  rt_memcpy_v6.o(.text)
    __aeabi_memcpy4                          0x080148c5   Thumb Code     0  rt_memcpy_w.o(.text)
    __aeabi_memcpy8                          0x080148c5   Thumb Code     0  rt_memcpy_w.o(.text)
    __rt_memcpy_w                            0x080148c5   Thumb Code   100  rt_memcpy_w.o(.text)
    _memcpy_lastbytes_aligned                0x0801490d   Thumb Code     0  rt_memcpy_w.o(.text)
    __use_two_region_memory                  0x08014929   Thumb Code     2  heapauxi.o(.text)
    __rt_heap_escrow$2region                 0x0801492b   Thumb Code     2  heapauxi.o(.text)
    __rt_heap_expand$2region                 0x0801492d   Thumb Code     2  heapauxi.o(.text)
    __user_setup_stackheap                   0x0801492f   Thumb Code    74  sys_stackheap_outer.o(.text)
    exit                                     0x08014979   Thumb Code    18  exit.o(.text)
    __user_libspace                          0x0801498d   Thumb Code     8  libspace.o(.text)
    __user_perproc_libspace                  0x0801498d   Thumb Code     0  libspace.o(.text)
    __user_perthread_libspace                0x0801498d   Thumb Code     0  libspace.o(.text)
    _sys_exit                                0x08014995   Thumb Code     8  sys_exit.o(.text)
    __I$use$semihosting                      0x080149a1   Thumb Code     0  use_no_semi.o(.text)
    __use_no_semihosting_swi                 0x080149a1   Thumb Code     2  use_no_semi.o(.text)
    __semihosting_library_function           0x080149a3   Thumb Code     0  indicate_semi.o(.text)
    AHBPrescTable                            0x080149cc   Data          16  system_stm32f1xx.o(.constdata)
    APBPrescTable                            0x080149dc   Data           8  system_stm32f1xx.o(.constdata)
    Region$$Table$$Base                      0x08014a00   Number         0  anon$$obj.o(Region$$Table)
    Region$$Table$$Limit                     0x08014a20   Number         0  anon$$obj.o(Region$$Table)
    testTaskHandle                           0x20000000   Data           4  freertos.o(.data)
    uartTaskHandle                           0x20000004   Data           4  freertos.o(.data)
    acpTaskHandle                            0x20000008   Data           4  freertos.o(.data)
    ESCTaskHandle                            0x2000000c   Data           4  freertos.o(.data)
    test                                     0x20000010   Data           1  freertos.o(.data)
    testTIM2ARR                              0x20000012   Data           2  freertos.o(.data)
    xSemaphore                               0x20000014   Data           4  freertos.o(.data)
    bSemaphoreModbusTask                     0x20000018   Data           4  freertos.o(.data)
    bUARTSemaphore                           0x2000001c   Data           4  freertos.o(.data)
    UARTTimer                                0x20000020   Data           4  freertos.o(.data)
    VMATimer                                 0x20000024   Data           4  freertos.o(.data)
    VMAResetTimer                            0x20000028   Data           4  freertos.o(.data)
    UartTimeoutTimer                         0x2000002c   Data           4  freertos.o(.data)
    uhADCChannelToDAC_mVolt                  0x20000038   Data           2  main.o(.data)
    uhVrefInt_mVolt                          0x2000003a   Data           2  main.o(.data)
    wTemperature_DegreeCelsius               0x2000003c   Data           4  main.o(.data)
    ubSequenceCompleted                      0x20000040   Data           1  main.o(.data)
    adc_add                                  0x20000044   Data           4  main.o(.data)
    adc_vma                                  0x20000048   Data           4  main.o(.data)
    AcpReady                                 0x2000004e   Data           1  adc.o(.data)
    hallSensorTable                          0x2000004f   Data          18  vma.o(.data)
    SystemCoreClock                          0x2000006c   Data           4  system_stm32f1xx.o(.data)
    pxCurrentTCB                             0x20000070   Data           4  tasks.o(.data)
    Jump_To_Application                      0x200000c8   Data           4  flash.o(.data)
    Address                                  0x200000cc   Data           4  flash.o(.data)
    PAGEError                                0x200000d0   Data           4  flash.o(.data)
    Error                                    0x200000d4   Data           4  flash.o(.data)
    firstflag                                0x200000d8   Data           1  flash.o(.data)
    starttimer_counter                       0x200000dc   Data           4  flash.o(.data)
    TxOK                                     0x200000e0   Data           3  usart.o(.data)
    TxERROR                                  0x200000e3   Data           6  usart.o(.data)
    UartReady                                0x200000e9   Data           1  usart.o(.data)
    aRxBuffer                                0x200000ea   Data           7  usart.o(.data)
    RxBuffer                                 0x200000f1   Data           1  usart.o(.data)
    numberRx                                 0x200000f2   Data           2  usart.o(.data)
    counterRx                                0x200000f4   Data           2  usart.o(.data)
    timerCounter                             0x200000f8   Data           4  usart.o(.data)
    RS485_ADDR                               0x200000fc   Data           1  usart.o(.data)
    aADCxConvertedValues                     0x20000104   Data          10  main.o(.bss)
    ADCFilteredValues                        0x2000010e   Data          10  main.o(.bss)
    ADCNullValues                            0x20000118   Data          10  main.o(.bss)
    F                                        0x20000124   Data          20  main.o(.bss)
    buf1                                     0x20000138   Data          20  main.o(.bss)
    buf2                                     0x2000014c   Data          20  main.o(.bss)
    buf3                                     0x20000160   Data          20  main.o(.bss)
    buf4                                     0x20000174   Data          20  main.o(.bss)
    Vma                                      0x20000188   Data          18  main.o(.bss)
    Add                                      0x2000019a   Data          18  main.o(.bss)
    htim4                                    0x200001ac   Data          60  stm32f1xx_hal_timebase_tim.o(.bss)
    htim1                                    0x200001e8   Data          60  tim.o(.bss)
    htim2                                    0x20000224   Data          60  tim.o(.bss)
    htim8                                    0x20000260   Data          60  tim.o(.bss)
    hadc1                                    0x2000029c   Data          48  adc.o(.bss)
    DacHandle                                0x20000304   Data          20  dac.o(.bss)
    xQueueRegistry                           0x20000318   Data          64  queue.o(.bss)
    pFlash                                   0x20001c58   Data          32  stm32f1xx_hal_flash.o(.bss)
    flashBuffer                              0x20001c78   Data        1024  flash.o(.bss)
    aTxBuffer                                0x20002088   Data          10  usart.o(.bss)
    huart                                    0x20002094   Data          64  usart.o(.bss)
    hdma_rx                                  0x200020d4   Data          56  usart.o(.bss)
    hdma_tx                                  0x2000210c   Data          56  usart.o(.bss)
    __libspace_start                         0x20002144   Data          96  libspace.o(.bss)
    __temporary_stack_top$libspace           0x200021a4   Data           0  libspace.o(.bss)



==============================================================================

Memory Map of the image

  Image Entry point : 0x08006531

  Load Region LR_IROM1 (Base: 0x08006400, Size: 0x0000e724, Max: 0x00040000, ABSOLUTE)

    Execution Region ER_IROM1 (Base: 0x08006400, Size: 0x0000e620, Max: 0x00040000, ABSOLUTE)

    Base Addr    Size         Type   Attr      Idx    E Section Name        Object

    0x08006400   0x00000130   Data   RO            3    RESET               startup_stm32f103xe.o
    0x08006530   0x00000008   Code   RO         1273  * !!!main             c_w.l(__main.o)
    0x08006538   0x00000034   Code   RO         1430    !!!scatter          c_w.l(__scatter.o)
    0x0800656c   0x0000001a   Code   RO         1432    !!handler_copy      c_w.l(__scatter_copy.o)
    0x08006586   0x00000002   PAD
    0x08006588   0x0000001c   Code   RO         1434    !!handler_zi        c_w.l(__scatter_zi.o)
    0x080065a4   0x00000002   Code   RO         1300    .ARM.Collect$$libinit$$00000000  c_w.l(libinit.o)
    0x080065a6   0x00000000   Code   RO         1307    .ARM.Collect$$libinit$$00000002  c_w.l(libinit2.o)
    0x080065a6   0x00000000   Code   RO         1309    .ARM.Collect$$libinit$$00000004  c_w.l(libinit2.o)
    0x080065a6   0x00000000   Code   RO         1312    .ARM.Collect$$libinit$$0000000A  c_w.l(libinit2.o)
    0x080065a6   0x00000000   Code   RO         1314    .ARM.Collect$$libinit$$0000000C  c_w.l(libinit2.o)
    0x080065a6   0x00000000   Code   RO         1316    .ARM.Collect$$libinit$$0000000E  c_w.l(libinit2.o)
    0x080065a6   0x00000000   Code   RO         1319    .ARM.Collect$$libinit$$00000011  c_w.l(libinit2.o)
    0x080065a6   0x00000000   Code   RO         1321    .ARM.Collect$$libinit$$00000013  c_w.l(libinit2.o)
    0x080065a6   0x00000000   Code   RO         1323    .ARM.Collect$$libinit$$00000015  c_w.l(libinit2.o)
    0x080065a6   0x00000000   Code   RO         1325    .ARM.Collect$$libinit$$00000017  c_w.l(libinit2.o)
    0x080065a6   0x00000000   Code   RO         1327    .ARM.Collect$$libinit$$00000019  c_w.l(libinit2.o)
    0x080065a6   0x00000000   Code   RO         1329    .ARM.Collect$$libinit$$0000001B  c_w.l(libinit2.o)
    0x080065a6   0x00000000   Code   RO         1331    .ARM.Collect$$libinit$$0000001D  c_w.l(libinit2.o)
    0x080065a6   0x00000000   Code   RO         1333    .ARM.Collect$$libinit$$0000001F  c_w.l(libinit2.o)
    0x080065a6   0x00000000   Code   RO         1335    .ARM.Collect$$libinit$$00000021  c_w.l(libinit2.o)
    0x080065a6   0x00000000   Code   RO         1337    .ARM.Collect$$libinit$$00000023  c_w.l(libinit2.o)
    0x080065a6   0x00000000   Code   RO         1339    .ARM.Collect$$libinit$$00000025  c_w.l(libinit2.o)
    0x080065a6   0x00000000   Code   RO         1343    .ARM.Collect$$libinit$$0000002C  c_w.l(libinit2.o)
    0x080065a6   0x00000000   Code   RO         1345    .ARM.Collect$$libinit$$0000002E  c_w.l(libinit2.o)
    0x080065a6   0x00000000   Code   RO         1347    .ARM.Collect$$libinit$$00000030  c_w.l(libinit2.o)
    0x080065a6   0x00000000   Code   RO         1349    .ARM.Collect$$libinit$$00000032  c_w.l(libinit2.o)
    0x080065a6   0x00000002   Code   RO         1350    .ARM.Collect$$libinit$$00000033  c_w.l(libinit2.o)
    0x080065a8   0x00000002   Code   RO         1370    .ARM.Collect$$libshutdown$$00000000  c_w.l(libshutdown.o)
    0x080065aa   0x00000000   Code   RO         1383    .ARM.Collect$$libshutdown$$00000002  c_w.l(libshutdown2.o)
    0x080065aa   0x00000000   Code   RO         1385    .ARM.Collect$$libshutdown$$00000004  c_w.l(libshutdown2.o)
    0x080065aa   0x00000000   Code   RO         1388    .ARM.Collect$$libshutdown$$00000007  c_w.l(libshutdown2.o)
    0x080065aa   0x00000000   Code   RO         1391    .ARM.Collect$$libshutdown$$0000000A  c_w.l(libshutdown2.o)
    0x080065aa   0x00000000   Code   RO         1393    .ARM.Collect$$libshutdown$$0000000C  c_w.l(libshutdown2.o)
    0x080065aa   0x00000000   Code   RO         1396    .ARM.Collect$$libshutdown$$0000000F  c_w.l(libshutdown2.o)
    0x080065aa   0x00000002   Code   RO         1397    .ARM.Collect$$libshutdown$$00000010  c_w.l(libshutdown2.o)
    0x080065ac   0x00000000   Code   RO         1275    .ARM.Collect$$rtentry$$00000000  c_w.l(__rtentry.o)
    0x080065ac   0x00000000   Code   RO         1277    .ARM.Collect$$rtentry$$00000002  c_w.l(__rtentry2.o)
    0x080065ac   0x00000006   Code   RO         1289    .ARM.Collect$$rtentry$$00000004  c_w.l(__rtentry4.o)
    0x080065b2   0x00000000   Code   RO         1279    .ARM.Collect$$rtentry$$00000009  c_w.l(__rtentry2.o)
    0x080065b2   0x00000004   Code   RO         1280    .ARM.Collect$$rtentry$$0000000A  c_w.l(__rtentry2.o)
    0x080065b6   0x00000000   Code   RO         1282    .ARM.Collect$$rtentry$$0000000C  c_w.l(__rtentry2.o)
    0x080065b6   0x00000008   Code   RO         1283    .ARM.Collect$$rtentry$$0000000D  c_w.l(__rtentry2.o)
    0x080065be   0x00000002   Code   RO         1304    .ARM.Collect$$rtexit$$00000000  c_w.l(rtexit.o)
    0x080065c0   0x00000000   Code   RO         1352    .ARM.Collect$$rtexit$$00000002  c_w.l(rtexit2.o)
    0x080065c0   0x00000004   Code   RO         1353    .ARM.Collect$$rtexit$$00000003  c_w.l(rtexit2.o)
    0x080065c4   0x00000006   Code   RO         1354    .ARM.Collect$$rtexit$$00000004  c_w.l(rtexit2.o)
    0x080065ca   0x00000002   PAD
    0x080065cc   0x000000a2   Code   RO          682    .emb_text           port.o
    0x0800666e   0x00000002   PAD
    0x08006670   0x00000040   Code   RO            4    .text               startup_stm32f103xe.o
    0x080066b0   0x00000378   Code   RO           12    .text               freertos.o
    0x08006a28   0x000002b0   Code   RO          221    .text               gpio.o
    0x08006cd8   0x000002cc   Code   RO          270    .text               main.o
    0x08006fa4   0x00000118   Code   RO          313    .text               stm32f1xx_hal_msp.o
    0x080070bc   0x000000ac   Code   RO          337    .text               stm32f1xx_hal_timebase_tim.o
    0x08007168   0x000000c0   Code   RO          365    .text               stm32f1xx_it.o
    0x08007228   0x00000300   Code   RO          393    .text               tim.o
    0x08007528   0x0000025c   Code   RO          424    .text               adc.o
    0x08007784   0x000000ae   Code   RO          452    .text               filter_sred.o
    0x08007832   0x00000002   PAD
    0x08007834   0x0000032c   Code   RO          467    .text               vma.o
    0x08007b60   0x00000088   Code   RO          494    .text               dac.o
    0x08007be8   0x000000f8   Code   RO          525    .text               system_stm32f1xx.o
    0x08007ce0   0x00000944   Code   RO          555    .text               cmsis_os.o
    0x08008624   0x00000094   Code   RO          618    .text               list.o
    0x080086b8   0x000006b0   Code   RO          630    .text               queue.o
    0x08008d68   0x00001148   Code   RO          648    .text               tasks.o
    0x08009eb0   0x00000424   Code   RO          667    .text               timers.o
    0x0800a2d4   0x000000e0   Code   RO          683    .text               port.o
    0x0800a3b4   0x00000084   Code   RO          700    .text               heap_1.o
    0x0800a438   0x00000144   Code   RO          718    .text               stm32f1xx_hal.o
    0x0800a57c   0x00000e10   Code   RO          744    .text               stm32f1xx_hal_adc.o
    0x0800b38c   0x00000a5c   Code   RO          768    .text               stm32f1xx_hal_adc_ex.o
    0x0800bde8   0x000002c4   Code   RO          792    .text               stm32f1xx_hal_cortex.o
    0x0800c0ac   0x00000300   Code   RO          820    .text               stm32f1xx_hal_dac.o
    0x0800c3ac   0x00001698   Code   RO          844    .text               stm32f1xx_hal_dma.o
    0x0800da44   0x000003f0   Code   RO          868    .text               stm32f1xx_hal_flash.o
    0x0800de34   0x000005bc   Code   RO          895    .text               stm32f1xx_hal_flash_ex.o
    0x0800e3f0   0x000004e8   Code   RO          920    .text               stm32f1xx_hal_gpio.o
    0x0800e8d8   0x0000023c   Code   RO          986    .text               stm32f1xx_hal_pwr.o
    0x0800eb14   0x00000e28   Code   RO         1010    .text               stm32f1xx_hal_rcc.o
    0x0800f93c   0x00000328   Code   RO         1034    .text               stm32f1xx_hal_rcc_ex.o
    0x0800fc64   0x000027c4   Code   RO         1106    .text               stm32f1xx_hal_tim.o
    0x08012428   0x00000d68   Code   RO         1130    .text               stm32f1xx_hal_tim_ex.o
    0x08013190   0x00000e90   Code   RO         1154    .text               stm32f1xx_hal_uart.o
    0x08014020   0x000000fc   Code   RO         1178    .text               stm32f1xx_hal_dac_ex.o
    0x0801411c   0x00000304   Code   RO         1202    .text               flash.o
    0x08014420   0x000003f4   Code   RO         1234    .text               usart.o
    0x08014814   0x00000026   Code   RO         1265    .text               c_w.l(llushr.o)
    0x0801483a   0x0000008a   Code   RO         1267    .text               c_w.l(rt_memcpy_v6.o)
    0x080148c4   0x00000064   Code   RO         1269    .text               c_w.l(rt_memcpy_w.o)
    0x08014928   0x00000006   Code   RO         1271    .text               c_w.l(heapauxi.o)
    0x0801492e   0x0000004a   Code   RO         1291    .text               c_w.l(sys_stackheap_outer.o)
    0x08014978   0x00000012   Code   RO         1293    .text               c_w.l(exit.o)
    0x0801498a   0x00000002   PAD
    0x0801498c   0x00000008   Code   RO         1301    .text               c_w.l(libspace.o)
    0x08014994   0x0000000c   Code   RO         1362    .text               c_w.l(sys_exit.o)
    0x080149a0   0x00000002   Code   RO         1373    .text               c_w.l(use_no_semi.o)
    0x080149a2   0x00000000   Code   RO         1375    .text               c_w.l(indicate_semi.o)
    0x080149a2   0x00000002   PAD
    0x080149a4   0x00000028   Data   RO           13    .constdata          freertos.o
    0x080149cc   0x00000018   Data   RO          526    .constdata          system_stm32f1xx.o
    0x080149e4   0x00000019   Data   RO           14    .conststring        freertos.o
    0x080149fd   0x00000003   PAD
    0x08014a00   0x00000020   Data   RO         1428    Region$$Table       anon$$obj.o


    Execution Region RW_IRAM1 (Base: 0x20000000, Size: 0x000027a8, Max: 0x0000c000, ABSOLUTE)

    Base Addr    Size         Type   Attr      Idx    E Section Name        Object

    0x20000000   0x00000034   Data   RW           15    .data               freertos.o
    0x20000034   0x00000004   Data   RW          222    .data               gpio.o
    0x20000038   0x00000016   Data   RW          272    .data               main.o
    0x2000004e   0x00000001   Data   RW          426    .data               adc.o
    0x2000004f   0x00000015   Data   RW          468    .data               vma.o
    0x20000064   0x00000008   Data   RW          496    .data               dac.o
    0x2000006c   0x00000004   Data   RW          527    .data               system_stm32f1xx.o
    0x20000070   0x00000038   Data   RW          650    .data               tasks.o
    0x200000a8   0x00000010   Data   RW          669    .data               timers.o
    0x200000b8   0x00000004   Data   RW          684    .data               port.o
    0x200000bc   0x00000008   Data   RW          702    .data               heap_1.o
    0x200000c4   0x00000004   Data   RW          719    .data               stm32f1xx_hal.o
    0x200000c8   0x00000018   Data   RW         1204    .data               flash.o
    0x200000e0   0x00000024   Data   RW         1236    .data               usart.o
    0x20000104   0x000000a8   Zero   RW          271    .bss                main.o
    0x200001ac   0x0000003c   Zero   RW          338    .bss                stm32f1xx_hal_timebase_tim.o
    0x200001e8   0x000000b4   Zero   RW          394    .bss                tim.o
    0x2000029c   0x00000068   Zero   RW          425    .bss                adc.o
    0x20000304   0x00000014   Zero   RW          495    .bss                dac.o
    0x20000318   0x00000040   Zero   RW          631    .bss                queue.o
    0x20000358   0x000000f0   Zero   RW          649    .bss                tasks.o
    0x20000448   0x00000028   Zero   RW          668    .bss                timers.o
    0x20000470   0x000017e2   Zero   RW          701    .bss                heap_1.o
    0x20001c52   0x00000006   PAD
    0x20001c58   0x00000020   Zero   RW          869    .bss                stm32f1xx_hal_flash.o
    0x20001c78   0x00000410   Zero   RW         1203    .bss                flash.o
    0x20002088   0x000000bc   Zero   RW         1235    .bss                usart.o
    0x20002144   0x00000060   Zero   RW         1302    .bss                c_w.l(libspace.o)
    0x200021a4   0x00000004   PAD
    0x200021a8   0x00000200   Zero   RW            2    HEAP                startup_stm32f103xe.o
    0x200023a8   0x00000400   Zero   RW            1    STACK               startup_stm32f103xe.o


==============================================================================

Image component sizes


      Code (inc. data)   RO Data    RW Data    ZI Data      Debug   Object Name

       604         26          0          1        104       1946   adc.o
      2372         16          0          0          0      20734   cmsis_os.o
       136         20          0          8         20       1255   dac.o
         0          0          0          0          0       1472   event_groups.o
       174          0          0          0          0        966   filter_sred.o
       772         70          0         24       1040       7143   flash.o
       888        166         65         52          0     568336   freertos.o
       688         44          0          4          0       2325   gpio.o
       132         12          0          8       6114       2128   heap_1.o
       148          0          0          0          0       1994   list.o
       716        110          0         22        168       3860   main.o
       386         30          0          4          0       4667   port.o
      1712          6          0          0         64      10490   queue.o
        64         26        304          0       1536        820   startup_stm32f103xe.o
       324         24          0          4          0       3991   stm32f1xx_hal.o
      3600         94          0          0          0       9578   stm32f1xx_hal_adc.o
      2652         72          0          0          0       6778   stm32f1xx_hal_adc_ex.o
       708         22          0          0          0      27414   stm32f1xx_hal_cortex.o
       768         14          0          0          0       5555   stm32f1xx_hal_dac.o
       252          0          0          0          0       3304   stm32f1xx_hal_dac_ex.o
      5784         56          0          0          0       6852   stm32f1xx_hal_dma.o
      1008         16          0          0         32       4137   stm32f1xx_hal_flash.o
      1468         26          0          0          0       5446   stm32f1xx_hal_flash_ex.o
      1256         42          0          0          0       4163   stm32f1xx_hal_gpio.o
       280         10          0          0          0       1205   stm32f1xx_hal_msp.o
       572         22          0          0          0       4343   stm32f1xx_hal_pwr.o
      3624        108          0          0          0       5507   stm32f1xx_hal_rcc.o
       808         40          0          0          0       2316   stm32f1xx_hal_rcc_ex.o
     10180        116          0          0          0      32582   stm32f1xx_hal_tim.o
      3432         26          0          0          0      11888   stm32f1xx_hal_tim_ex.o
       172         18          0          0         60       1771   stm32f1xx_hal_timebase_tim.o
      3728         24          0          0          0      12359   stm32f1xx_hal_uart.o
       192         26          0          0          0       2806   stm32f1xx_it.o
       248         36         24          4          0       1801   system_stm32f1xx.o
      4424        254          0         56        240      19116   tasks.o
       768         36          0          0        180       2537   tim.o
      1060         56          0         16         40       6817   timers.o
      1012         78          0         36        188       5724   usart.o
       812         38          0         21          0       3649   vma.o

    ----------------------------------------------------------------------
     57928       1780        428        260       9792     819775   Object Totals
         0          0         32          0          0          0   (incl. Generated)
         4          0          3          0          6          0   (incl. Padding)

    ----------------------------------------------------------------------

      Code (inc. data)   RO Data    RW Data    ZI Data      Debug   Library Member Name

         8          0          0          0          0         68   __main.o
         0          0          0          0          0          0   __rtentry.o
        12          0          0          0          0          0   __rtentry2.o
         6          0          0          0          0          0   __rtentry4.o
        52          8          0          0          0          0   __scatter.o
        26          0          0          0          0          0   __scatter_copy.o
        28          0          0          0          0          0   __scatter_zi.o
        18          0          0          0          0         80   exit.o
         6          0          0          0          0        152   heapauxi.o
         0          0          0          0          0          0   indicate_semi.o
         2          0          0          0          0          0   libinit.o
         2          0          0          0          0          0   libinit2.o
         2          0          0          0          0          0   libshutdown.o
         2          0          0          0          0          0   libshutdown2.o
         8          4          0          0         96         68   libspace.o
        38          0          0          0          0         68   llushr.o
       138          0          0          0          0         68   rt_memcpy_v6.o
       100          0          0          0          0         80   rt_memcpy_w.o
         2          0          0          0          0          0   rtexit.o
        10          0          0          0          0          0   rtexit2.o
        12          4          0          0          0         68   sys_exit.o
        74          0          0          0          0         80   sys_stackheap_outer.o
         2          0          0          0          0         68   use_no_semi.o

    ----------------------------------------------------------------------
       556         16          0          0        100        800   Library Totals
         8          0          0          0          4          0   (incl. Padding)

    ----------------------------------------------------------------------

      Code (inc. data)   RO Data    RW Data    ZI Data      Debug   Library Name

       548         16          0          0         96        800   c_w.l

    ----------------------------------------------------------------------
       556         16          0          0        100        800   Library Totals

    ----------------------------------------------------------------------

==============================================================================


      Code (inc. data)   RO Data    RW Data    ZI Data      Debug   

     58484       1796        428        260       9892     815995   Grand Totals
     58484       1796        428        260       9892     815995   ELF Image Totals
     58484       1796        428        260          0          0   ROM Totals

==============================================================================

    Total RO  Size (Code + RO Data)                58912 (  57.53kB)
    Total RW  Size (RW Data + ZI Data)             10152 (   9.91kB)
    Total ROM Size (Code + RO Data + RW Data)      59172 (  57.79kB)

==============================================================================

